###############################################################################
#
# IAR ELF Linker V7.30.4.8167/W32 for ARM                 18/Feb/2015  17:27:36
# Copyright 2007-2014 IAR Systems AB.
#
#    Output file  =  
#        C:\School\2014 Fall\ECE 4900\Bluetooth Code\SVN\trunk\Projects
#        V2\Project\BLE_Chat_Client\EWARM\Client\Exe\BLE_Chat.out
#    Map file     =  
#        C:\School\2014 Fall\ECE 4900\Bluetooth Code\SVN\trunk\Projects
#        V2\Project\BLE_Chat_Client\EWARM\Client\List\BLE_Chat.map
#    Command line =  
#        "C:\School\2014 Fall\ECE 4900\Bluetooth Code\SVN\trunk\Projects
#        V2\Project\BLE_Chat_Client\EWARM\Client\Obj\BLE_Chat_main.o"
#        "C:\School\2014 Fall\ECE 4900\Bluetooth Code\SVN\trunk\Projects
#        V2\Project\BLE_Chat_Client\EWARM\Client\Obj\bluenrg_gap_aci.o"
#        "C:\School\2014 Fall\ECE 4900\Bluetooth Code\SVN\trunk\Projects
#        V2\Project\BLE_Chat_Client\EWARM\Client\Obj\bluenrg_gatt_aci.o"
#        "C:\School\2014 Fall\ECE 4900\Bluetooth Code\SVN\trunk\Projects
#        V2\Project\BLE_Chat_Client\EWARM\Client\Obj\bluenrg_hal_aci.o"
#        "C:\School\2014 Fall\ECE 4900\Bluetooth Code\SVN\trunk\Projects
#        V2\Project\BLE_Chat_Client\EWARM\Client\Obj\bluenrg_l2cap_aci.o"
#        "C:\School\2014 Fall\ECE 4900\Bluetooth Code\SVN\trunk\Projects
#        V2\Project\BLE_Chat_Client\EWARM\Client\Obj\bluenrg_updater_aci.o"
#        "C:\School\2014 Fall\ECE 4900\Bluetooth Code\SVN\trunk\Projects
#        V2\Project\BLE_Chat_Client\EWARM\Client\Obj\chat.o" "C:\School\2014
#        Fall\ECE 4900\Bluetooth Code\SVN\trunk\Projects
#        V2\Project\BLE_Chat_Client\EWARM\Client\Obj\clock.o" "C:\School\2014
#        Fall\ECE 4900\Bluetooth Code\SVN\trunk\Projects
#        V2\Project\BLE_Chat_Client\EWARM\Client\Obj\flags.o" "C:\School\2014
#        Fall\ECE 4900\Bluetooth Code\SVN\trunk\Projects
#        V2\Project\BLE_Chat_Client\EWARM\Client\Obj\gatt_db.o" "C:\School\2014
#        Fall\ECE 4900\Bluetooth Code\SVN\trunk\Projects
#        V2\Project\BLE_Chat_Client\EWARM\Client\Obj\gp_timer.o"
#        "C:\School\2014 Fall\ECE 4900\Bluetooth Code\SVN\trunk\Projects
#        V2\Project\BLE_Chat_Client\EWARM\Client\Obj\hal.o" "C:\School\2014
#        Fall\ECE 4900\Bluetooth Code\SVN\trunk\Projects
#        V2\Project\BLE_Chat_Client\EWARM\Client\Obj\hci.o" "C:\School\2014
#        Fall\ECE 4900\Bluetooth Code\SVN\trunk\Projects
#        V2\Project\BLE_Chat_Client\EWARM\Client\Obj\hw_config.o"
#        "C:\School\2014 Fall\ECE 4900\Bluetooth Code\SVN\trunk\Projects
#        V2\Project\BLE_Chat_Client\EWARM\Client\Obj\led.o" "C:\School\2014
#        Fall\ECE 4900\Bluetooth Code\SVN\trunk\Projects
#        V2\Project\BLE_Chat_Client\EWARM\Client\Obj\list.o" "C:\School\2014
#        Fall\ECE 4900\Bluetooth Code\SVN\trunk\Projects
#        V2\Project\BLE_Chat_Client\EWARM\Client\Obj\misc.o" "C:\School\2014
#        Fall\ECE 4900\Bluetooth Code\SVN\trunk\Projects
#        V2\Project\BLE_Chat_Client\EWARM\Client\Obj\osal.o" "C:\School\2014
#        Fall\ECE 4900\Bluetooth Code\SVN\trunk\Projects
#        V2\Project\BLE_Chat_Client\EWARM\Client\Obj\otgd_fs_cal.o"
#        "C:\School\2014 Fall\ECE 4900\Bluetooth Code\SVN\trunk\Projects
#        V2\Project\BLE_Chat_Client\EWARM\Client\Obj\otgd_fs_dev.o"
#        "C:\School\2014 Fall\ECE 4900\Bluetooth Code\SVN\trunk\Projects
#        V2\Project\BLE_Chat_Client\EWARM\Client\Obj\otgd_fs_int.o"
#        "C:\School\2014 Fall\ECE 4900\Bluetooth Code\SVN\trunk\Projects
#        V2\Project\BLE_Chat_Client\EWARM\Client\Obj\otgd_fs_pcd.o"
#        "C:\School\2014 Fall\ECE 4900\Bluetooth Code\SVN\trunk\Projects
#        V2\Project\BLE_Chat_Client\EWARM\Client\Obj\push_button.o"
#        "C:\School\2014 Fall\ECE 4900\Bluetooth Code\SVN\trunk\Projects
#        V2\Project\BLE_Chat_Client\EWARM\Client\Obj\SDK_EVAL_Config.o"
#        "C:\School\2014 Fall\ECE 4900\Bluetooth Code\SVN\trunk\Projects
#        V2\Project\BLE_Chat_Client\EWARM\Client\Obj\SDK_EVAL_Io.o"
#        "C:\School\2014 Fall\ECE 4900\Bluetooth Code\SVN\trunk\Projects
#        V2\Project\BLE_Chat_Client\EWARM\Client\Obj\SDK_EVAL_Spi_Driver.o"
#        "C:\School\2014 Fall\ECE 4900\Bluetooth Code\SVN\trunk\Projects
#        V2\Project\BLE_Chat_Client\EWARM\Client\Obj\slave_devices.o"
#        "C:\School\2014 Fall\ECE 4900\Bluetooth Code\SVN\trunk\Projects
#        V2\Project\BLE_Chat_Client\EWARM\Client\Obj\startup_stm32l1xx_md.o"
#        "C:\School\2014 Fall\ECE 4900\Bluetooth Code\SVN\trunk\Projects
#        V2\Project\BLE_Chat_Client\EWARM\Client\Obj\stm32l1xx_exti.o"
#        "C:\School\2014 Fall\ECE 4900\Bluetooth Code\SVN\trunk\Projects
#        V2\Project\BLE_Chat_Client\EWARM\Client\Obj\stm32l1xx_flash.o"
#        "C:\School\2014 Fall\ECE 4900\Bluetooth Code\SVN\trunk\Projects
#        V2\Project\BLE_Chat_Client\EWARM\Client\Obj\stm32l1xx_flash_ramfunc.o"
#        "C:\School\2014 Fall\ECE 4900\Bluetooth Code\SVN\trunk\Projects
#        V2\Project\BLE_Chat_Client\EWARM\Client\Obj\stm32l1xx_gpio.o"
#        "C:\School\2014 Fall\ECE 4900\Bluetooth Code\SVN\trunk\Projects
#        V2\Project\BLE_Chat_Client\EWARM\Client\Obj\stm32l1xx_i2c.o"
#        "C:\School\2014 Fall\ECE 4900\Bluetooth Code\SVN\trunk\Projects
#        V2\Project\BLE_Chat_Client\EWARM\Client\Obj\stm32l1xx_it.o"
#        "C:\School\2014 Fall\ECE 4900\Bluetooth Code\SVN\trunk\Projects
#        V2\Project\BLE_Chat_Client\EWARM\Client\Obj\stm32l1xx_pwr.o"
#        "C:\School\2014 Fall\ECE 4900\Bluetooth Code\SVN\trunk\Projects
#        V2\Project\BLE_Chat_Client\EWARM\Client\Obj\stm32l1xx_rcc.o"
#        "C:\School\2014 Fall\ECE 4900\Bluetooth Code\SVN\trunk\Projects
#        V2\Project\BLE_Chat_Client\EWARM\Client\Obj\stm32l1xx_rtc.o"
#        "C:\School\2014 Fall\ECE 4900\Bluetooth Code\SVN\trunk\Projects
#        V2\Project\BLE_Chat_Client\EWARM\Client\Obj\stm32l1xx_spi.o"
#        "C:\School\2014 Fall\ECE 4900\Bluetooth Code\SVN\trunk\Projects
#        V2\Project\BLE_Chat_Client\EWARM\Client\Obj\stm32l1xx_syscfg.o"
#        "C:\School\2014 Fall\ECE 4900\Bluetooth Code\SVN\trunk\Projects
#        V2\Project\BLE_Chat_Client\EWARM\Client\Obj\stm32l1xx_systick.o"
#        "C:\School\2014 Fall\ECE 4900\Bluetooth Code\SVN\trunk\Projects
#        V2\Project\BLE_Chat_Client\EWARM\Client\Obj\stm32l1xx_tim.o"
#        "C:\School\2014 Fall\ECE 4900\Bluetooth Code\SVN\trunk\Projects
#        V2\Project\BLE_Chat_Client\EWARM\Client\Obj\stm32l1xx_usart.o"
#        "C:\School\2014 Fall\ECE 4900\Bluetooth Code\SVN\trunk\Projects
#        V2\Project\BLE_Chat_Client\EWARM\Client\Obj\system_stm32l1xx.o"
#        "C:\School\2014 Fall\ECE 4900\Bluetooth Code\SVN\trunk\Projects
#        V2\Project\BLE_Chat_Client\EWARM\Client\Obj\timer.o" "C:\School\2014
#        Fall\ECE 4900\Bluetooth Code\SVN\trunk\Projects
#        V2\Project\BLE_Chat_Client\EWARM\Client\Obj\usb_core.o"
#        "C:\School\2014 Fall\ECE 4900\Bluetooth Code\SVN\trunk\Projects
#        V2\Project\BLE_Chat_Client\EWARM\Client\Obj\usb_desc.o"
#        "C:\School\2014 Fall\ECE 4900\Bluetooth Code\SVN\trunk\Projects
#        V2\Project\BLE_Chat_Client\EWARM\Client\Obj\usb_endp.o"
#        "C:\School\2014 Fall\ECE 4900\Bluetooth Code\SVN\trunk\Projects
#        V2\Project\BLE_Chat_Client\EWARM\Client\Obj\usb_init.o"
#        "C:\School\2014 Fall\ECE 4900\Bluetooth Code\SVN\trunk\Projects
#        V2\Project\BLE_Chat_Client\EWARM\Client\Obj\usb_int.o" "C:\School\2014
#        Fall\ECE 4900\Bluetooth Code\SVN\trunk\Projects
#        V2\Project\BLE_Chat_Client\EWARM\Client\Obj\usb_istr.o"
#        "C:\School\2014 Fall\ECE 4900\Bluetooth Code\SVN\trunk\Projects
#        V2\Project\BLE_Chat_Client\EWARM\Client\Obj\usb_mem.o" "C:\School\2014
#        Fall\ECE 4900\Bluetooth Code\SVN\trunk\Projects
#        V2\Project\BLE_Chat_Client\EWARM\Client\Obj\usb_prop.o"
#        "C:\School\2014 Fall\ECE 4900\Bluetooth Code\SVN\trunk\Projects
#        V2\Project\BLE_Chat_Client\EWARM\Client\Obj\usb_pwr.o" "C:\School\2014
#        Fall\ECE 4900\Bluetooth Code\SVN\trunk\Projects
#        V2\Project\BLE_Chat_Client\EWARM\Client\Obj\usb_regs.o"
#        "C:\School\2014 Fall\ECE 4900\Bluetooth Code\SVN\trunk\Projects
#        V2\Project\BLE_Chat_Client\EWARM\Client\Obj\usb_sil.o" -o
#        "C:\School\2014 Fall\ECE 4900\Bluetooth Code\SVN\trunk\Projects
#        V2\Project\BLE_Chat_Client\EWARM\Client\Exe\BLE_Chat.out" --map
#        "C:\School\2014 Fall\ECE 4900\Bluetooth Code\SVN\trunk\Projects
#        V2\Project\BLE_Chat_Client\EWARM\Client\List\BLE_Chat.map" --config
#        "C:\School\2014 Fall\ECE 4900\Bluetooth Code\SVN\trunk\Projects
#        V2\Project\BLE_Chat_Client\EWARM\stm32l1xx_flash.icf" --semihosting
#        --entry __iar_program_start --redirect
#        __iar_sh_stdout=__iar_sh_stdout_swo --vfe
#
###############################################################################

*******************************************************************************
*** RUNTIME MODEL ATTRIBUTES
***

CppFlavor       = *
__SystemLibrary = DLib


*******************************************************************************
*** PLACEMENT SUMMARY
***

"A1":  place at 0x08003000 { ro section .intvec };
"P1":  place in [from 0x08003000 to 0x0801ffff] { ro };
"P2":  place in [from 0x20000000 to 0x20003fff] { rw, block CSTACK, block HEAP };

  Section            Kind        Address    Size  Object
  -------            ----        -------    ----  ------
"A1":                                       0xf4
  .intvec            ro code  0x08003000    0xf4  startup_stm32l1xx_md.o [1]
                            - 0x080030f4    0xf4

"P1":                                     0x4060
  .text              ro code  0x080030f4   0x8ce  usb_core.o [1]
  .text              ro code  0x080039c2    0x2e  copy_init3.o [4]
  .text              ro code  0x080039f0   0x206  usb_regs.o [1]
  .text              ro code  0x08003bf6    0x22  zero_init3.o [4]
  .text              ro code  0x08003c18    0xd6  usb_mem.o [1]
  .text              ro code  0x08003cf0   0x8ac  BLE_Chat_main.o [1]
  .text              ro code  0x0800459c    0x90  misc.o [1]
  .text              ro code  0x0800462c    0xc8  SDK_EVAL_Config.o [1]
  .text              ro code  0x080046f4   0x2c4  hw_config.o [1]
  .text              ro code  0x080049b8    0x20  stm32l1xx_pwr.o [1]
  .text              ro code  0x080049d8   0x13c  led.o [1]
  .text              ro code  0x08004b14    0x54  push_button.o [1]
  .text              ro code  0x08004b68   0x1e0  timer.o [1]
  .text              ro code  0x08004d48    0x2c  slave_devices.o [1]
  .text              ro code  0x08004d74    0x1c  stm32l1xx_flash.o [1]
  .text              ro code  0x08004d90    0x4c  clock.o [1]
  .text              ro code  0x08004ddc    0x24  SDK_EVAL_Io.o [1]
  .text              ro code  0x08004e00    0x24  printf.o [3]
  .text              ro code  0x08004e24   0x334  hci.o [1]
  .text              ro code  0x08005158   0x656  SDK_EVAL_Spi_Driver.o [1]
  .text              ro code  0x080057ae    0xaa  bluenrg_hal_aci.o [1]
  .text              ro code  0x08005858   0x19a  bluenrg_gatt_aci.o [1]
  .text              ro code  0x080059f2   0x166  bluenrg_gap_aci.o [1]
  .text              ro code  0x08005b58    0xa8  stm32l1xx_gpio.o [1]
  .text              ro code  0x08005c00    0xf0  chat.o [1]
  .text              ro code  0x08005cf0    0x20  flags.o [1]
  .text              ro code  0x08005d10    0x26  gp_timer.o [1]
  .text              ro code  0x08005d38    0x70  gatt_db.o [1]
  .text              ro code  0x08005da8    0x44  stm32l1xx_rcc.o [1]
  .text              ro code  0x08005dec    0x40  stm32l1xx_syscfg.o [1]
  .text              ro code  0x08005e2c    0xa4  stm32l1xx_tim.o [1]
  .text              ro code  0x08005ed0    0x90  stm32l1xx_exti.o [1]
  .text              ro code  0x08005f60    0x76  ABImemcpy_unaligned.o [4]
  .text              ro code  0x08005fd8    0x5c  stm32l1xx_systick.o [1]
  .text              ro code  0x08006034    0x20  usb_init.o [1]
  .text              ro code  0x08006054   0x4d8  xprintfsmall_nomb.o [3]
  .text              ro code  0x0800652c    0x4e  list.o [1]
  .text              ro code  0x0800657a    0x20  osal.o [1]
  .text              ro code  0x0800659c    0x3c  hal.o [1]
  .text              ro code  0x080065d8    0x62  stm32l1xx_spi.o [1]
  .text              ro code  0x0800663c     0x6  ABImemclr4.o [4]
  .text              ro code  0x08006644    0x16  strchr.o [4]
  .text              ro code  0x0800665c    0x36  strlen.o [4]
  .text              ro code  0x08006694    0x58  memchr.o [4]
  .text              ro code  0x080066ec    0x66  ABImemset.o [4]
  .text              ro code  0x08006754    0x32  ABImemset48.o [4]
  .text              ro code  0x08006788   0x218  usb_prop.o [1]
  .text              ro code  0x080069a0    0x30  usb_pwr.o [1]
  .text              ro code  0x080069d0    0x40  usb_sil.o [1]
  .text              ro code  0x08006a10   0x148  usb_int.o [1]
  .text              ro code  0x08006b58   0x110  system_stm32l1xx.o [1]
  .rodata            const    0x08006c68    0xb8  usb_desc.o [1]
  .text              ro code  0x08006d20    0xb4  usb_endp.o [1]
  .text              ro code  0x08006dd4    0x60  usb_istr.o [1]
  .text              ro code  0x08006e34    0x28  data_init.o [4]
  .iar.init_table    const    0x08006e5c    0x24  - Linker created -
  .text              ro code  0x08006e80    0x1a  cmain.o [4]
  .text              ro code  0x08006e9a     0x4  low_level_init.o [3]
  .text              ro code  0x08006e9e     0x4  exit.o [3]
  .text              ro code  0x08006ea4     0xa  cexit.o [4]
  .text              ro code  0x08006eb0    0x14  exit.o [5]
  .text              ro code  0x08006ec4    0x18  stm32l1xx_it.o [1]
  .text              ro code  0x08006edc    0x16  xprout.o [3]
  .text              ro code  0x08006ef4    0x10  startup_stm32l1xx_md.o [1]
  .text              ro code  0x08006f04     0xc  cstartup_M.o [4]
  .rodata            const    0x08006f10     0x4  clock.o [1]
  .text              ro code  0x08006f14     0x4  startup_stm32l1xx_md.o [1]
  .text              ro code  0x08006f18     0x4  startup_stm32l1xx_md.o [1]
  .text              ro code  0x08006f1c     0x4  startup_stm32l1xx_md.o [1]
  .text              ro code  0x08006f20     0x4  startup_stm32l1xx_md.o [1]
  .text              ro code  0x08006f24     0x4  startup_stm32l1xx_md.o [1]
  .text              ro code  0x08006f28     0x4  startup_stm32l1xx_md.o [1]
  .text              ro code  0x08006f2c     0x4  startup_stm32l1xx_md.o [1]
  .text              ro code  0x08006f30     0x4  startup_stm32l1xx_md.o [1]
  .text              ro code  0x08006f34     0x4  startup_stm32l1xx_md.o [1]
  .text              ro code  0x08006f38     0x4  startup_stm32l1xx_md.o [1]
  .text              ro code  0x08006f3c     0x4  startup_stm32l1xx_md.o [1]
  .text              ro code  0x08006f40     0x4  startup_stm32l1xx_md.o [1]
  .text              ro code  0x08006f44     0x4  startup_stm32l1xx_md.o [1]
  .text              ro code  0x08006f48     0x4  startup_stm32l1xx_md.o [1]
  .text              ro code  0x08006f4c     0x4  startup_stm32l1xx_md.o [1]
  .text              ro code  0x08006f50     0x4  startup_stm32l1xx_md.o [1]
  .text              ro code  0x08006f54     0x4  startup_stm32l1xx_md.o [1]
  .text              ro code  0x08006f58     0x4  startup_stm32l1xx_md.o [1]
  .text              ro code  0x08006f5c     0x4  startup_stm32l1xx_md.o [1]
  .text              ro code  0x08006f60     0x4  startup_stm32l1xx_md.o [1]
  .text              ro code  0x08006f64     0x4  startup_stm32l1xx_md.o [1]
  .text              ro code  0x08006f68     0x4  startup_stm32l1xx_md.o [1]
  .text              ro code  0x08006f6c     0x4  startup_stm32l1xx_md.o [1]
  .text              ro code  0x08006f70     0x4  startup_stm32l1xx_md.o [1]
  .text              ro code  0x08006f74     0x4  startup_stm32l1xx_md.o [1]
  .text              ro code  0x08006f78     0x4  startup_stm32l1xx_md.o [1]
  .text              ro code  0x08006f7c     0x4  startup_stm32l1xx_md.o [1]
  .text              ro code  0x08006f80     0x4  startup_stm32l1xx_md.o [1]
  .text              ro code  0x08006f84     0x4  startup_stm32l1xx_md.o [1]
  .text              ro code  0x08006f88     0x4  startup_stm32l1xx_md.o [1]
  .text              ro code  0x08006f8c     0x4  startup_stm32l1xx_md.o [1]
  .text              ro code  0x08006f90     0x4  startup_stm32l1xx_md.o [1]
  .text              ro code  0x08006f94     0x4  startup_stm32l1xx_md.o [1]
  .text              ro code  0x08006f98     0x4  startup_stm32l1xx_md.o [1]
  .text              ro code  0x08006f9c     0x4  startup_stm32l1xx_md.o [1]
  .text              ro code  0x08006fa0     0x4  startup_stm32l1xx_md.o [1]
  .text              ro code  0x08006fa4     0x4  startup_stm32l1xx_md.o [1]
  .rodata            const    0x08006fa8     0x0  zero_init3.o [4]
  .rodata            const    0x08006fa8     0x0  copy_init3.o [4]
  Initializer bytes  const    0x08006fa8   0x1ac  <for P2 s0>
                            - 0x08007154  0x4060

"P2":                                     0x1b08
  P2 s0                       0x20000000   0x1ac  <Init block>
    .data            inited   0x20000000    0x94  SDK_EVAL_Spi_Driver.o [1]
    .data            inited   0x20000094    0x30  usb_prop.o [1]
    .data            inited   0x200000c4    0x24  slave_devices.o [1]
    .data            inited   0x200000e8    0x24  usb_prop.o [1]
    .data            inited   0x2000010c    0x20  usb_prop.o [1]
    .data            inited   0x2000012c    0x1c  usb_desc.o [1]
    .data            inited   0x20000148    0x1c  usb_istr.o [1]
    .data            inited   0x20000164    0x1c  usb_istr.o [1]
    .data            inited   0x20000180    0x10  BLE_Chat_main.o [1]
    .data            inited   0x20000190     0x8  usb_prop.o [1]
    .data            inited   0x20000198     0x8  usb_prop.o [1]
    .data            inited   0x200001a0     0x8  usb_prop.o [1]
    .data            inited   0x200001a8     0x4  usb_prop.o [1]
  .bss               zero     0x200001ac   0x7e0  hw_config.o [1]
  .bss               zero     0x2000098c   0x2c8  hci.o [1]
  .bss               zero     0x20000c54   0x204  chat.o [1]
  .bss               zero     0x20000e58    0x40  usb_endp.o [1]
  .bss               zero     0x20000e98    0x28  usb_init.o [1]
  .bss               zero     0x20000ec0    0x14  flags.o [1]
  .bss               zero     0x20000ed4     0x6  gatt_db.o [1]
  .bss               zero     0x20000eda     0x2  usb_init.o [1]
  .bss               zero     0x20000edc     0x4  clock.o [1]
  .bss               zero     0x20000ee0     0x4  push_button.o [1]
  .bss               zero     0x20000ee4     0x4  SDK_EVAL_Io.o [1]
  .bss               zero     0x20000ee8     0x4  usb_core.o [1]
  .bss               zero     0x20000eec     0x4  usb_endp.o [1]
  .bss               zero     0x20000ef0     0x4  usb_int.o [1]
  .bss               zero     0x20000ef4     0x4  usb_istr.o [1]
  .bss               zero     0x20000ef8     0x4  usb_pwr.o [1]
  .bss               zero     0x20000efc     0x1  hw_config.o [1]
  .bss               zero     0x20000efd     0x1  SDK_EVAL_Config.o [1]
  .bss               zero     0x20000efe     0x1  usb_core.o [1]
  .bss               zero     0x20000eff     0x1  usb_init.o [1]
  .bss               zero     0x20000f00     0x1  usb_prop.o [1]
  CSTACK                      0x20000f08   0xc00  <Block>
    CSTACK           uninit   0x20000f08   0xc00  <Block tail>
                            - 0x20001b08  0x1b08


*******************************************************************************
*** INIT TABLE
***

          Address     Size
          -------     ----
Zero (__iar_zero_init3)
    1 destination range, total size 0xd55:
          0x200001ac  0xd55

Copy (__iar_copy_init3)
    1 source range, total size 0x1ac:
          0x08006fa8  0x1ac
    1 destination range, total size 0x1ac:
          0x20000000  0x1ac



*******************************************************************************
*** MODULE SUMMARY
***

    Module                  ro code  ro data  rw data
    ------                  -------  -------  -------
C:\School\2014 Fall\ECE 4900\Bluetooth Code\SVN\trunk\Projects V2\Project\BLE_Chat_Client\EWARM\Client\Obj: [1]
    BLE_Chat_main.o           2 220       16       16
    SDK_EVAL_Config.o           200                 1
    SDK_EVAL_Io.o                36                 4
    SDK_EVAL_Spi_Driver.o     1 622      148      148
    bluenrg_gap_aci.o           358
    bluenrg_gatt_aci.o          410
    bluenrg_hal_aci.o           170
    chat.o                      240               516
    clock.o                      76        4        4
    flags.o                      32                20
    gatt_db.o                   112                 6
    gp_timer.o                   38
    hal.o                        60
    hci.o                       820               712
    hw_config.o                 708             2 017
    led.o                       316
    list.o                       78
    misc.o                      144
    osal.o                       32
    push_button.o                84                 4
    slave_devices.o              44       36       36
    startup_stm32l1xx_md.o      408
    stm32l1xx_exti.o            144
    stm32l1xx_flash.o            28
    stm32l1xx_gpio.o            168
    stm32l1xx_it.o               24
    stm32l1xx_pwr.o              32
    stm32l1xx_rcc.o              68
    stm32l1xx_spi.o              98
    stm32l1xx_syscfg.o           64
    stm32l1xx_systick.o          92
    stm32l1xx_tim.o             164
    system_stm32l1xx.o          272
    timer.o                     480
    usb_core.o                2 254                 5
    usb_desc.o                           212       28
    usb_endp.o                  180                68
    usb_init.o                   32                43
    usb_int.o                   328                 4
    usb_istr.o                   96       56       60
    usb_mem.o                   214
    usb_prop.o                  536      144      145
    usb_pwr.o                    48                 4
    usb_regs.o                  518
    usb_sil.o                    64
    -------------------------------------------------
    Total:                   14 112      616    3 841

command line: [2]
    -------------------------------------------------
    Total:

dl7M_tln.a: [3]
    exit.o                        4
    low_level_init.o              4
    printf.o                     36
    xprintfsmall_nomb.o       1 240
    xprout.o                     22
    -------------------------------------------------
    Total:                    1 306

rt7M_tl.a: [4]
    ABImemclr4.o                  6
    ABImemcpy_unaligned.o       118
    ABImemset.o                 102
    ABImemset48.o                50
    cexit.o                      10
    cmain.o                      26
    copy_init3.o                 46
    cstartup_M.o                 12
    data_init.o                  40
    memchr.o                     88
    strchr.o                     22
    strlen.o                     54
    zero_init3.o                 34
    -------------------------------------------------
    Total:                      608

shb_l.a: [5]
    exit.o                       20
    -------------------------------------------------
    Total:                       20

    Gaps                         26
    Linker created                        36    3 072
-----------------------------------------------------
    Grand Total:             16 072      652    6 913


*******************************************************************************
*** ENTRY LIST
***

Entry                      Address   Size  Type      Object
-----                      -------   ----  ----      ------
.iar.init_table$$Base   0x08006e5c          --   Gb  - Linker created -
.iar.init_table$$Limit  0x08006e80          --   Gb  - Linker created -
?main                   0x08006e81         Code  Gb  cmain.o [4]
Attribute_Modified_CB   0x08005d39   0x4e  Code  Gb  gatt_db.o [1]
BlueNRG_DataPresent     0x08005491   0x20  Code  Gb  SDK_EVAL_Spi_Driver.o [1]
BlueNRG_RST             0x08005463   0x2e  Code  Gb  SDK_EVAL_Spi_Driver.o [1]
BlueNRG_SPI_Read_All    0x080054f5   0xc6  Code  Gb  SDK_EVAL_Spi_Driver.o [1]
BlueNRG_SPI_Write       0x080055bb  0x182  Code  Gb  SDK_EVAL_Spi_Driver.o [1]
BusFault_Handler        0x08006ecb    0x2  Code  Gb  stm32l1xx_it.o [1]
ByteSwap                0x08003bed    0xa  Code  Gb  usb_regs.o [1]
CLOCK_SECOND            0x08006f10    0x4  Data  Gb  clock.o [1]
CSTACK$$Base            0x20000f08          --   Gb  - Linker created -
CSTACK$$Limit           0x20001b08          --   Gb  - Linker created -
CTR_LP                  0x08006a11  0x130  Code  Gb  usb_int.o [1]
ClearDTOG_RX            0x08003ad3   0x24  Code  Gb  usb_regs.o [1]
ClearDTOG_TX            0x08003af7   0x24  Code  Gb  usb_regs.o [1]
Clear_SPI_EXTI_Flag     0x080054e9    0xc  Code  Gb  SDK_EVAL_Spi_Driver.o [1]
Clear_Status_Out        0x08003ab7   0x1c  Code  Gb  usb_regs.o [1]
Clock_Init              0x08004d9b   0x28  Code  Gb  clock.o [1]
Clock_Time              0x08004dc3    0x6  Code  Gb  clock.o [1]
Clock_Wait              0x08004dc9    0xe  Code  Gb  clock.o [1]
Config_Descriptor       0x200001a0    0x8  Data  Gb  usb_prop.o [1]
DataStageIn             0x0800337f   0xb4  Code  Lc  usb_core.o [1]
Data_Mul_MaxPacketSize  0x20000efe    0x1  Data  Gb  usb_core.o [1]
Data_Setup0             0x08003537  0x1ba  Code  Lc  usb_core.o [1]
DebugMon_Handler        0x08006ed1    0x2  Code  Gb  stm32l1xx_it.o [1]
Device_Descriptor       0x20000198    0x8  Data  Gb  usb_prop.o [1]
Device_Info             0x20000e98   0x1c  Data  Gb  usb_init.o [1]
Device_Property         0x20000094   0x30  Data  Gb  usb_prop.o [1]
Device_Table            0x200001a8    0x4  Data  Gb  usb_prop.o [1]
Disable_SPI_IRQ         0x080054b1   0x1c  Code  Gb  SDK_EVAL_Spi_Driver.o [1]
EP1_IN_Callback         0x08006d21   0x5c  Code  Gb  usb_endp.o [1]
EP3_OUT_Callback        0x08006d7d   0x1e  Code  Gb  usb_endp.o [1]
EPindex                 0x20000eff    0x1  Data  Gb  usb_init.o [1]
EXTI15_10_IRQHandler    0x08006ed9    0x4  Code  Gb  stm32l1xx_it.o [1]
EXTI9_5_IRQHandler      0x08004b3b   0x24  Code  Gb  push_button.o [1]
EXTI_ClearFlag          0x08005f39    0x6  Code  Gb  stm32l1xx_exti.o [1]
EXTI_ClearITPendingBit  0x08005f4f    0x6  Code  Gb  stm32l1xx_exti.o [1]
EXTI_GetITStatus        0x08005f3f   0x10  Code  Gb  stm32l1xx_exti.o [1]
EXTI_Init               0x08005ed1   0x68  Code  Gb  stm32l1xx_exti.o [1]
Enable_SPI_IRQ          0x080054cd   0x1c  Code  Gb  SDK_EVAL_Spi_Driver.o [1]
FLASH_SLEEPPowerDownCmd
                        0x08004d75   0x16  Code  Gb  stm32l1xx_flash.o [1]
GAP_ConnectionComplete_CB
                        0x08003f07   0x8c  Code  Gb  BLE_Chat_main.o [1]
GAP_DisconnectionComplete_CB
                        0x08003f93   0x56  Code  Gb  BLE_Chat_main.o [1]
GATT_Notification_CB    0x08003fe9   0x44  Code  Gb  BLE_Chat_main.o [1]
GPIO_Init               0x08005b59   0x60  Code  Gb  stm32l1xx_gpio.o [1]
GPIO_PinAFConfig        0x08005bd9   0x28  Code  Gb  stm32l1xx_gpio.o [1]
GPIO_ReadInputDataBit   0x08005bb9    0xe  Code  Gb  stm32l1xx_gpio.o [1]
GPIO_ToggleBits         0x08005bd1    0x8  Code  Gb  stm32l1xx_gpio.o [1]
GPIO_WriteBit           0x08005bc7    0xa  Code  Gb  stm32l1xx_gpio.o [1]
GetEPRxAddr             0x08003b5f   0x14  Code  Gb  usb_regs.o [1]
GetEPRxCount            0x08003bbf   0x16  Code  Gb  usb_regs.o [1]
GetEPTxAddr             0x08003b4b   0x14  Code  Gb  usb_regs.o [1]
Get_SerialNum           0x08004887   0x86  Code  Gb  hw_config.o [1]
HCI_Event_CB            0x080041d5  0x19a  Code  Gb  BLE_Chat_main.o [1]
HCI_Init                0x08004e25   0x56  Code  Gb  hci.o [1]
HCI_Input               0x08004e7b   0xba  Code  Gb  hci.o [1]
HCI_Isr                 0x08004fa9   0x5e  Code  Gb  hci.o [1]
HCI_Process             0x08004f35   0x74  Code  Gb  hci.o [1]
Hal_Write_Serial        0x0800659d   0x3c  Code  Gb  hal.o [1]
Handle_USBAsynchXfer    0x080047db   0x92  Code  Gb  hw_config.o [1]
HardFault_Handler       0x08006ec7    0x2  Code  Gb  stm32l1xx_it.o [1]
IO_Receive_Data         0x20000ee4    0x4  Data  Lc  SDK_EVAL_Io.o [1]
In0_Process             0x08003785   0x78  Code  Gb  usb_core.o [1]
Init_GPIOs              0x0800471f   0x66  Code  Gb  hw_config.o [1]
LoadInt                 0x080063dd   0x4c  Code  Lc  xprintfsmall_nomb.o [3]
Make_Connection         0x08003ea1   0x66  Code  Gb  BLE_Chat_main.o [1]
MemManage_Handler       0x08006ec9    0x2  Code  Gb  stm32l1xx_it.o [1]
NMI_Handler             0x08006ec5    0x2  Code  Gb  stm32l1xx_it.o [1]
NOP_Process             0x080039c1    0x2  Code  Gb  usb_core.o [1]
NVIC_Init               0x080045a7   0x5e  Code  Gb  misc.o [1]
NVIC_PriorityGroupConfig
                        0x0800459d    0xa  Code  Gb  misc.o [1]
NVIC_SetVectorTable     0x08004605    0xc  Code  Gb  misc.o [1]
NoData_Setup0           0x08003433  0x104  Code  Lc  usb_core.o [1]
Osal_MemCpy             0x0800657b    0xc  Code  Gb  osal.o [1]
Osal_MemSet             0x08006587   0x14  Code  Gb  osal.o [1]
Out0_Process            0x080037fd   0xe8  Code  Gb  usb_core.o [1]
PMAToUserBufferCopy     0x08003ca1   0x4e  Code  Gb  usb_mem.o [1]
PWR_FastWakeUpCmd       0x080049bf    0x6  Code  Gb  stm32l1xx_pwr.o [1]
PWR_PVDCmd              0x080049b9    0x6  Code  Gb  stm32l1xx_pwr.o [1]
PWR_UltraLowPowerCmd    0x080049c5    0x6  Code  Gb  stm32l1xx_pwr.o [1]
PendSV_Handler          0x08006ed3    0x2  Code  Gb  stm32l1xx_it.o [1]
PowerOn                 0x080069a1   0x26  Code  Gb  usb_pwr.o [1]
RCC_AHBPeriphClockCmd   0x08005da9   0x12  Code  Gb  stm32l1xx_rcc.o [1]
RCC_APB1PeriphClockCmd  0x08005dcd   0x12  Code  Gb  stm32l1xx_rcc.o [1]
RCC_APB2PeriphClockCmd  0x08005dbb   0x12  Code  Gb  stm32l1xx_rcc.o [1]
RCC_Configuration       0x080046f5   0x2a  Code  Gb  hw_config.o [1]
RXCharHandle            0x20000ed8    0x2  Data  Gb  gatt_db.o [1]
Region$$Table$$Base     0x08006e5c          --   Gb  - Linker created -
Region$$Table$$Limit    0x08006e80          --   Gb  - Linker created -
Request                 0x20000f00    0x1  Data  Gb  usb_prop.o [1]
SOF_Callback            0x08006d9b   0x1e  Code  Gb  usb_endp.o [1]
SPI_Cmd                 0x08006611   0x14  Code  Gb  stm32l1xx_spi.o [1]
SPI_Configure_Platform  0x08005159  0x16e  Code  Lc  SDK_EVAL_Spi_Driver.o [1]
SPI_I2S_GetFlagStatus   0x0800662d    0xe  Code  Gb  stm32l1xx_spi.o [1]
SPI_I2S_ReceiveData     0x08006625    0x4  Code  Gb  stm32l1xx_spi.o [1]
SPI_I2S_SendData        0x08006629    0x4  Code  Gb  stm32l1xx_spi.o [1]
SPI_Init                0x080065d9   0x38  Code  Gb  stm32l1xx_spi.o [1]
SVC_Handler             0x08006ecf    0x2  Code  Gb  stm32l1xx_it.o [1]
SYSCFG_EXTILineConfig   0x08005e01   0x24  Code  Gb  stm32l1xx_syscfg.o [1]
SYSCFG_USBPuCmd         0x08005ded   0x14  Code  Gb  stm32l1xx_syscfg.o [1]
SaveRState              0x20000ef0    0x2  Data  Gb  usb_int.o [1]
SaveTState              0x20000ef2    0x2  Data  Gb  usb_int.o [1]
SdkEvalGetVersion       0x080046e7    0x6  Code  Gb  SDK_EVAL_Config.o [1]
SdkEvalIdentification   0x0800462d   0xba  Code  Gb  SDK_EVAL_Config.o [1]
SdkEvalSPI_Irq_Pin      0x080052c7   0x12  Code  Gb  SDK_EVAL_Spi_Driver.o [1]
SdkEvalSpiInit          0x080052d9  0x18a  Code  Gb  SDK_EVAL_Spi_Driver.o [1]
SdkEval_IO_Config       0x08004ddd   0x16  Code  Gb  SDK_EVAL_Io.o [1]
SdkEval_IO_Receive_Data
                        0x08004df7    0x6  Code  Gb  SDK_EVAL_Io.o [1]
SdkEval_IO_Send_Data    0x08004df3    0x4  Code  Gb  SDK_EVAL_Io.o [1]
SetBTABLE               0x080039f1    0xe  Code  Gb  usb_regs.o [1]
SetDeviceAddress        0x080038e5   0x94  Code  Gb  usb_core.o [1]
SetEPRxAddr             0x08003b35   0x16  Code  Gb  usb_regs.o [1]
SetEPRxCount            0x08003b85   0x3a  Code  Gb  usb_regs.o [1]
SetEPRxStatus           0x08003a47   0x30  Code  Gb  usb_regs.o [1]
SetEPRxValid            0x08003a97   0x20  Code  Gb  usb_regs.o [1]
SetEPTxAddr             0x08003b1b   0x1a  Code  Gb  usb_regs.o [1]
SetEPTxCount            0x08003b73   0x12  Code  Gb  usb_regs.o [1]
SetEPTxStatus           0x08003a17   0x30  Code  Gb  usb_regs.o [1]
SetEPTxValid            0x08003a77   0x20  Code  Gb  usb_regs.o [1]
SetEPType               0x080039ff   0x18  Code  Gb  usb_regs.o [1]
Set_USBClock            0x08004785    0xa  Code  Gb  hw_config.o [1]
Setup0_Process          0x080036f1   0x94  Code  Gb  usb_core.o [1]
Standard_ClearFeature   0x08003213   0xd8  Code  Gb  usb_core.o [1]
Standard_GetConfiguration
                        0x080030f5   0x22  Code  Gb  usb_core.o [1]
Standard_GetDescriptorData
                        0x08003365   0x1a  Code  Gb  usb_core.o [1]
Standard_GetInterface   0x08003117   0x22  Code  Gb  usb_core.o [1]
Standard_GetStatus      0x08003181   0x92  Code  Gb  usb_core.o [1]
Standard_SetEndPointFeature
                        0x080032eb   0x7a  Code  Gb  usb_core.o [1]
Standard_SetInterface   0x08003139   0x48  Code  Gb  usb_core.o [1]
StatusInfo              0x20000ee8    0x4  Data  Gb  usb_core.o [1]
String_Descriptor       0x2000010c   0x20  Data  Gb  usb_prop.o [1]
SysTick_CLKSourceConfig
                        0x08005fd9   0x14  Code  Gb  stm32l1xx_systick.o [1]
SysTick_CounterCmd      0x08005ff3   0x26  Code  Gb  stm32l1xx_systick.o [1]
SysTick_Handler         0x08004d91    0xa  Code  Gb  clock.o [1]
SysTick_ITConfig        0x08006019   0x14  Code  Gb  stm32l1xx_systick.o [1]
SysTick_SetReload       0x08005fed    0x6  Code  Gb  stm32l1xx_systick.o [1]
SystemInit              0x08006b59   0xfc  Code  Gb  system_stm32l1xx.o [1]
TIM2_IRQHandler         0x08004c71   0x4e  Code  Gb  timer.o [1]
TIM3_IRQHandler         0x080047c5   0x16  Code  Gb  hw_config.o [1]
TIM4_IRQHandler         0x08004cbf   0x24  Code  Gb  timer.o [1]
TIM6_IRQHandler         0x08004ce3   0x2c  Code  Gb  timer.o [1]
TIM7_IRQHandler         0x08004d0f   0x26  Code  Gb  timer.o [1]
TIM_ClearFlag           0x08005eb1    0x6  Code  Gb  stm32l1xx_tim.o [1]
TIM_ClearITPendingBit   0x08005ecb    0x6  Code  Gb  stm32l1xx_tim.o [1]
TIM_Cmd                 0x08005e8d   0x14  Code  Gb  stm32l1xx_tim.o [1]
TIM_GetITStatus         0x08005eb7   0x14  Code  Gb  stm32l1xx_tim.o [1]
TIM_ITConfig            0x08005ea1   0x10  Code  Gb  stm32l1xx_tim.o [1]
TIM_TimeBaseInit        0x08005e2d   0x4a  Code  Gb  stm32l1xx_tim.o [1]
TXCharHandle            0x20000ed6    0x2  Data  Gb  gatt_db.o [1]
Timer_Expired           0x08005d1f   0x18  Code  Gb  gp_timer.o [1]
Timer_Set               0x08005d11    0xe  Code  Gb  gp_timer.o [1]
USART_Rx_Buffer         0x200001b0  0x7d0  Data  Gb  hw_config.o [1]
USART_Rx_length         0x20000988    0x4  Data  Gb  hw_config.o [1]
USART_Rx_ptr_in         0x20000980    0x4  Data  Gb  hw_config.o [1]
USART_Rx_ptr_out        0x20000984    0x4  Data  Gb  hw_config.o [1]
USB_Cable_Config        0x080047bd    0x8  Code  Gb  hw_config.o [1]
USB_Init                0x08006035   0x20  Code  Gb  usb_init.o [1]
USB_Interrupts_Config   0x0800478f   0x2e  Code  Gb  hw_config.o [1]
USB_Istr                0x08006dd5   0x60  Code  Gb  usb_istr.o [1]
USB_LP_IRQHandler       0x08006ed5    0x4  Code  Gb  stm32l1xx_it.o [1]
USB_Rx_Buffer           0x20000e58   0x40  Data  Gb  usb_endp.o [1]
USB_SIL_Init            0x080069d1   0x14  Code  Gb  usb_sil.o [1]
USB_SIL_Read            0x080069ed   0x24  Code  Gb  usb_sil.o [1]
USB_Send_Data           0x0800486d   0x1a  Code  Gb  hw_config.o [1]
USB_Tx_State            0x200001ac    0x1  Data  Gb  hw_config.o [1]
UsageFault_Handler      0x08006ecd    0x2  Code  Gb  stm32l1xx_it.o [1]
UserToPMABufferCopy     0x08003c19   0x88  Code  Gb  usb_mem.o [1]
User_Process            0x08004031  0x19a  Code  Gb  BLE_Chat_main.o [1]
User_Standard_Requests  0x200000e8   0x24  Data  Gb  usb_prop.o [1]
Virtual_Com_Port_ConfigDescriptor
                        0x08006c7c   0x44  Data  Gb  usb_desc.o [1]
Virtual_Com_Port_Data_Setup
                        0x0800689f   0x60  Code  Gb  usb_prop.o [1]
Virtual_Com_Port_DeviceDescriptor
                        0x08006c68   0x14  Data  Gb  usb_desc.o [1]
Virtual_Com_Port_GetConfigDescriptor
                        0x08006923    0x6  Code  Gb  usb_prop.o [1]
Virtual_Com_Port_GetDeviceDescriptor
                        0x0800691d    0x6  Code  Gb  usb_prop.o [1]
Virtual_Com_Port_GetLineCoding
                        0x08006951   0x12  Code  Gb  usb_prop.o [1]
Virtual_Com_Port_GetStringDescriptor
                        0x08006929   0x18  Code  Gb  usb_prop.o [1]
Virtual_Com_Port_Get_Interface_Setting
                        0x08006941    0xe  Code  Gb  usb_prop.o [1]
Virtual_Com_Port_NoData_Setup
                        0x080068ff   0x1e  Code  Gb  usb_prop.o [1]
Virtual_Com_Port_Reset  0x080067ab   0xda  Code  Gb  usb_prop.o [1]
Virtual_Com_Port_SetConfiguration
                        0x08006885    0xe  Code  Gb  usb_prop.o [1]
Virtual_Com_Port_SetDeviceAddress
                        0x08006893    0x8  Code  Gb  usb_prop.o [1]
Virtual_Com_Port_SetLineCoding
                        0x08006965   0x12  Code  Gb  usb_prop.o [1]
Virtual_Com_Port_Status_In
                        0x0800689b    0x2  Code  Gb  usb_prop.o [1]
Virtual_Com_Port_Status_Out
                        0x0800689d    0x2  Code  Gb  usb_prop.o [1]
Virtual_Com_Port_StringLangID
                        0x08006cc0    0x4  Data  Gb  usb_desc.o [1]
Virtual_Com_Port_StringProduct
                        0x08006cec   0x34  Data  Gb  usb_desc.o [1]
Virtual_Com_Port_StringSerial
                        0x2000012c   0x1c  Data  Gb  usb_desc.o [1]
Virtual_Com_Port_StringVendor
                        0x08006cc4   0x28  Data  Gb  usb_desc.o [1]
Virtual_Com_Port_init   0x08006789   0x22  Code  Gb  usb_prop.o [1]
_LitobSmallNoMb         0x08006429   0xce  Code  Lc  xprintfsmall_nomb.o [3]
_PrintfSmallNoMb        0x08006055  0x382  Code  Gb  xprintfsmall_nomb.o [3]
_Prout                  0x08006edd   0x16  Code  Gb  xprout.o [3]
_PutcharsSmallNoMb      0x080064f7   0x2e  Code  Lc  xprintfsmall_nomb.o [3]
__aeabi_memclr4         0x0800663d         Code  Gb  ABImemclr4.o [4]
__aeabi_memset          0x080066ed         Code  Gb  ABImemset.o [4]
__cmain                 0x08006e81         Code  Gb  cmain.o [4]
__exit                  0x08006eb1   0x14  Code  Gb  exit.o [5]
__iar_Memchr            0x08006695         Code  Gb  memchr.o [4]
__iar_Memset            0x080066ed         Code  Gb  ABImemset.o [4]
__iar_Memset4_word      0x08006755         Code  Gb  ABImemset48.o [4]
__iar_Memset8_word      0x08006755         Code  Gb  ABImemset48.o [4]
__iar_Memset_word       0x080066f5         Code  Gb  ABImemset.o [4]
__iar_Strchr            0x08006645         Code  Gb  strchr.o [4]
__iar_copy_init3        0x080039c3   0x2e  Code  Gb  copy_init3.o [4]
__iar_data_init3        0x08006e35   0x28  Code  Gb  data_init.o [4]
__iar_program_start     0x08006f05         Code  Gb  cstartup_M.o [4]
__iar_unaligned___aeabi_memcpy
                        0x08005f61         Code  Gb  ABImemcpy_unaligned.o [4]
__iar_unaligned___aeabi_memcpy4
                        0x08005f81         Code  Gb  ABImemcpy_unaligned.o [4]
__iar_unaligned___aeabi_memcpy8
                        0x08005f81         Code  Gb  ABImemcpy_unaligned.o [4]
__iar_zero_init3        0x08003bf7   0x22  Code  Gb  zero_init3.o [4]
__low_level_init        0x08006e9b    0x4  Code  Gb  low_level_init.o [3]
__vector_table          0x08003000         Data  Gb  startup_stm32l1xx_md.o [1]
_call_main              0x08006e8d         Code  Gb  cmain.o [4]
_exit                   0x08006ea5         Code  Gb  cexit.o [4]
_main                   0x08006e97         Code  Gb  cmain.o [4]
aci_gap_create_connection
                        0x08005ad3   0x86  Code  Gb  bluenrg_gap_aci.o [1]
aci_gap_init            0x080059f3   0x6c  Code  Gb  bluenrg_gap_aci.o [1]
aci_gap_set_auth_requirement
                        0x08005a5f   0x74  Code  Gb  bluenrg_gap_aci.o [1]
aci_gatt_disc_charac_by_uuid
                        0x08005893   0x82  Code  Gb  bluenrg_gatt_aci.o [1]
aci_gatt_init           0x08005859   0x3a  Code  Gb  bluenrg_gatt_aci.o [1]
aci_gatt_write_charac_descriptor
                        0x08005915   0x7c  Code  Gb  bluenrg_gatt_aci.o [1]
aci_gatt_write_without_response
                        0x08005991   0x62  Code  Gb  bluenrg_gatt_aci.o [1]
aci_hal_set_tx_power_level
                        0x08005811   0x48  Code  Gb  bluenrg_hal_aci.o [1]
aci_hal_write_config_data
                        0x080057af   0x62  Code  Gb  bluenrg_hal_aci.o [1]
app_flags               0x20000180    0x4  Data  Gb  BLE_Chat_main.o [1]
arrayFlags              0x20000ec0   0x14  Data  Gb  flags.o [1]
bDeviceState            0x20000ef8    0x4  Data  Gb  usb_pwr.o [1]
bIntPackSOF             0x20000ef4    0x1  Data  Gb  usb_istr.o [1]
buttonOK                0x20000ee0    0x4  Data  Gb  push_button.o [1]
changeFlag              0x08005cf1    0x4  Code  Gb  flags.o [1]
chatServHandle          0x20000ed4    0x2  Data  Gb  gatt_db.o [1]
cmd                     0x20000c58  0x200  Data  Lc  chat.o [1]
count                   0x20000edc    0x4  Data  Lc  clock.o [1]
enableTimerInterrupt    0x08004c2d   0x44  Code  Gb  timer.o [1]
exit                    0x08006e9f    0x4  Code  Gb  exit.o [3]
flag_connection_complete
                        0x20000188    0x4  Data  Gb  BLE_Chat_main.o [1]
flag_scan_complete      0x20000184    0x4  Data  Gb  BLE_Chat_main.o [1]
hciReadPacketBuffer     0x200009ac  0x2a8  Data  Lc  hci.o [1]
hciReadPktPool          0x2000099c    0x8  Data  Gb  hci.o [1]
hciReadPktRxQueue       0x200009a4    0x8  Data  Gb  hci.o [1]
hci_buffer              0x20000994    0x4  Data  Lc  hci.o [1]
hci_pckt_len            0x20000990    0x2  Data  Lc  hci.o [1]
hci_send_req            0x0800501b  0x12e  Code  Gb  hci.o [1]
index                   0x2000018c    0x4  Data  Gb  BLE_Chat_main.o [1]
initButton              0x08004b15   0x26  Code  Gb  push_button.o [1]
initDevices             0x08004d49   0x2c  Code  Gb  slave_devices.o [1]
initFlags               0x08005cf5   0x14  Code  Gb  flags.o [1]
initLED                 0x080049d9   0x8e  Code  Gb  led.o [1]
initTimer               0x08004b69   0x8c  Code  Gb  timer.o [1]
linecoding              0x20000190    0x8  Data  Gb  usb_prop.o [1]
list_init_head          0x0800652d    0x6  Code  Gb  list.o [1]
list_insert_head        0x08006541    0xe  Code  Gb  list.o [1]
list_insert_tail        0x0800654f    0xe  Code  Gb  list.o [1]
list_is_empty           0x08006533    0xe  Code  Gb  list.o [1]
list_remove_head        0x0800655d   0x1e  Code  Gb  list.o [1]
main                    0x08003cf1  0x1b0  Code  Gb  BLE_Chat_main.o [1]
memchr                  0x08006695         Code  Gb  memchr.o [4]
new_hci_event           0x08005007   0x14  Code  Gb  hci.o [1]
new_packet              0x2000098e    0x1  Data  Lc  hci.o [1]
pEpInt_IN               0x20000148   0x1c  Data  Gb  usb_istr.o [1]
pEpInt_OUT              0x20000164   0x1c  Data  Gb  usb_istr.o [1]
pInformation            0x20000eb4    0x4  Data  Gb  usb_init.o [1]
pProperty               0x20000eb8    0x4  Data  Gb  usb_init.o [1]
pUser_Standard_Requests
                        0x20000ebc    0x4  Data  Gb  usb_init.o [1]
packet_complete_callback
                        0x20000998    0x4  Data  Lc  hci.o [1]
printf                  0x08004e01   0x24  Code  Gb  printf.o [3]
processInputData        0x08005c01   0xe0  Code  Gb  chat.o [1]
putchar                 0x0800490d   0x74  Code  Gb  hw_config.o [1]
readPacketListFull      0x2000098c    0x1  Data  Gb  hci.o [1]
s_SdkEvalVersion        0x20000efd    0x1  Data  Lc  SDK_EVAL_Config.o [1]
s_SpiCsPin              0x20000060    0x4  Data  Lc  SDK_EVAL_Spi_Driver.o [1]
s_SpiCsPinVersion       0x08005764    0x8  Data  Lc  SDK_EVAL_Spi_Driver.o [1]
s_SpiCsPort             0x2000005c    0x4  Data  Lc  SDK_EVAL_Spi_Driver.o [1]
s_SpiCsPortVersion      0x2000001c    0x8  Data  Gb  SDK_EVAL_Spi_Driver.o [1]
s_SpiIrqClk             0x20000084    0x4  Data  Lc  SDK_EVAL_Spi_Driver.o [1]
s_SpiIrqClkVersion      0x08005794    0x8  Data  Lc  SDK_EVAL_Spi_Driver.o [1]
s_SpiIrqExtiLine        0x20000090    0x4  Data  Lc  SDK_EVAL_Spi_Driver.o [1]
s_SpiIrqExtiLineVersion
                        0x0800579c    0x8  Data  Lc  SDK_EVAL_Spi_Driver.o [1]
s_SpiIrqIrqn            0x20000005    0x1  Data  Lc  SDK_EVAL_Spi_Driver.o [1]
s_SpiIrqIrqnVersion     0x080057ac    0x2  Data  Lc  SDK_EVAL_Spi_Driver.o [1]
s_SpiIrqPin             0x2000008c    0x4  Data  Lc  SDK_EVAL_Spi_Driver.o [1]
s_SpiIrqPinSource       0x20000004    0x1  Data  Lc  SDK_EVAL_Spi_Driver.o [1]
s_SpiIrqPinSourceVersion
                        0x080057a8    0x2  Data  Lc  SDK_EVAL_Spi_Driver.o [1]
s_SpiIrqPinVersion      0x0800578c    0x8  Data  Lc  SDK_EVAL_Spi_Driver.o [1]
s_SpiIrqPort            0x20000088    0x4  Data  Lc  SDK_EVAL_Spi_Driver.o [1]
s_SpiIrqPortSource      0x20000003    0x1  Data  Lc  SDK_EVAL_Spi_Driver.o [1]
s_SpiIrqPortSourceVersion
                        0x080057a4    0x2  Data  Lc  SDK_EVAL_Spi_Driver.o [1]
s_SpiIrqPortVersion     0x20000050    0x8  Data  Gb  SDK_EVAL_Spi_Driver.o [1]
s_SpiMisoAF             0x20000001    0x1  Data  Lc  SDK_EVAL_Spi_Driver.o [1]
s_SpiMisoAFVersion      0x20000008    0x2  Data  Lc  SDK_EVAL_Spi_Driver.o [1]
s_SpiMisoPin            0x20000078    0x4  Data  Lc  SDK_EVAL_Spi_Driver.o [1]
s_SpiMisoPinSource      0x2000000e    0x2  Data  Lc  SDK_EVAL_Spi_Driver.o [1]
s_SpiMisoPinSourceVersion
                        0x20000040    0x4  Data  Lc  SDK_EVAL_Spi_Driver.o [1]
s_SpiMisoPinVersion     0x0800577c    0x8  Data  Lc  SDK_EVAL_Spi_Driver.o [1]
s_SpiMisoPort           0x20000074    0x4  Data  Lc  SDK_EVAL_Spi_Driver.o [1]
s_SpiMisoPortVersion    0x20000038    0x8  Data  Gb  SDK_EVAL_Spi_Driver.o [1]
s_SpiMosiAF             0x20000000    0x1  Data  Lc  SDK_EVAL_Spi_Driver.o [1]
s_SpiMosiAFVersion      0x20000006    0x2  Data  Lc  SDK_EVAL_Spi_Driver.o [1]
s_SpiMosiPin            0x20000070    0x4  Data  Lc  SDK_EVAL_Spi_Driver.o [1]
s_SpiMosiPinSource      0x2000000c    0x2  Data  Lc  SDK_EVAL_Spi_Driver.o [1]
s_SpiMosiPinSourceVersion
                        0x20000034    0x4  Data  Lc  SDK_EVAL_Spi_Driver.o [1]
s_SpiMosiPinVersion     0x08005774    0x8  Data  Lc  SDK_EVAL_Spi_Driver.o [1]
s_SpiMosiPort           0x2000006c    0x4  Data  Lc  SDK_EVAL_Spi_Driver.o [1]
s_SpiMosiPortVersion    0x2000002c    0x8  Data  Gb  SDK_EVAL_Spi_Driver.o [1]
s_SpiPort               0x20000058    0x4  Data  Lc  SDK_EVAL_Spi_Driver.o [1]
s_SpiPortVersion        0x20000014    0x8  Data  Lc  SDK_EVAL_Spi_Driver.o [1]
s_SpiRstPin             0x20000068    0x4  Data  Lc  SDK_EVAL_Spi_Driver.o [1]
s_SpiRstPinVersion      0x0800576c    0x8  Data  Lc  SDK_EVAL_Spi_Driver.o [1]
s_SpiRstPort            0x20000064    0x4  Data  Lc  SDK_EVAL_Spi_Driver.o [1]
s_SpiRstPortVersion     0x20000024    0x8  Data  Gb  SDK_EVAL_Spi_Driver.o [1]
s_SpiSclkAF             0x20000002    0x1  Data  Lc  SDK_EVAL_Spi_Driver.o [1]
s_SpiSclkAFVersion      0x2000000a    0x2  Data  Lc  SDK_EVAL_Spi_Driver.o [1]
s_SpiSclkPin            0x20000080    0x4  Data  Lc  SDK_EVAL_Spi_Driver.o [1]
s_SpiSclkPinSource      0x20000010    0x2  Data  Lc  SDK_EVAL_Spi_Driver.o [1]
s_SpiSclkPinSourceVersion
                        0x2000004c    0x4  Data  Lc  SDK_EVAL_Spi_Driver.o [1]
s_SpiSclkPinVersion     0x08005784    0x8  Data  Lc  SDK_EVAL_Spi_Driver.o [1]
s_SpiSclkPort           0x2000007c    0x4  Data  Lc  SDK_EVAL_Spi_Driver.o [1]
s_SpiSclkPortVersion    0x20000044    0x8  Data  Gb  SDK_EVAL_Spi_Driver.o [1]
slaveAddresses          0x200000dc    0xc  Data  Gb  slave_devices.o [1]
slaves                  0x200000c4   0x18  Data  Gb  slave_devices.o [1]
startTimer              0x08004bf5   0x36  Code  Gb  timer.o [1]
strchr                  0x08006645         Code  Gb  strchr.o [4]
strlen                  0x0800665d         Code  Gb  strlen.o [4]
turnLED                 0x08004a69   0x9e  Code  Gb  led.o [1]
user_timer_expired      0x20000efc    0x1  Data  Gb  hw_config.o [1]
wInterrupt_Mask         0x20000eda    0x2  Data  Gb  usb_init.o [1]
wIstr                   0x20000ef6    0x2  Data  Gb  usb_istr.o [1]


[1] = C:\School\2014 Fall\ECE 4900\Bluetooth Code\SVN\trunk\Projects V2\Project\BLE_Chat_Client\EWARM\Client\Obj
[2] = command line
[3] = dl7M_tln.a
[4] = rt7M_tl.a
[5] = shb_l.a

  16 072 bytes of readonly  code memory
     652 bytes of readonly  data memory
   6 913 bytes of readwrite data memory

Errors: none
Warnings: none
