###############################################################################
#
# IAR ELF Linker V7.30.4.8167/W32 for ARM                 10/Mar/2015  13:08:41
# Copyright 2007-2014 IAR Systems AB.
#
#    Output file  =  
#        C:\Users\Rex\Desktop\Github\trunk\Projects
#        V2\Project\BLE_Chat_Client\EWARM\Client\Exe\BLE_Chat.out
#    Map file     =  
#        C:\Users\Rex\Desktop\Github\trunk\Projects
#        V2\Project\BLE_Chat_Client\EWARM\Client\List\BLE_Chat.map
#    Command line =  
#        "C:\Users\Rex\Desktop\Github\trunk\Projects
#        V2\Project\BLE_Chat_Client\EWARM\Client\Obj\BLE_Chat_main.o"
#        "C:\Users\Rex\Desktop\Github\trunk\Projects
#        V2\Project\BLE_Chat_Client\EWARM\Client\Obj\bluenrg_gap_aci.o"
#        "C:\Users\Rex\Desktop\Github\trunk\Projects
#        V2\Project\BLE_Chat_Client\EWARM\Client\Obj\bluenrg_gatt_aci.o"
#        "C:\Users\Rex\Desktop\Github\trunk\Projects
#        V2\Project\BLE_Chat_Client\EWARM\Client\Obj\bluenrg_hal_aci.o"
#        "C:\Users\Rex\Desktop\Github\trunk\Projects
#        V2\Project\BLE_Chat_Client\EWARM\Client\Obj\bluenrg_l2cap_aci.o"
#        "C:\Users\Rex\Desktop\Github\trunk\Projects
#        V2\Project\BLE_Chat_Client\EWARM\Client\Obj\bluenrg_updater_aci.o"
#        "C:\Users\Rex\Desktop\Github\trunk\Projects
#        V2\Project\BLE_Chat_Client\EWARM\Client\Obj\chat.o"
#        "C:\Users\Rex\Desktop\Github\trunk\Projects
#        V2\Project\BLE_Chat_Client\EWARM\Client\Obj\clock.o"
#        "C:\Users\Rex\Desktop\Github\trunk\Projects
#        V2\Project\BLE_Chat_Client\EWARM\Client\Obj\flags.o"
#        "C:\Users\Rex\Desktop\Github\trunk\Projects
#        V2\Project\BLE_Chat_Client\EWARM\Client\Obj\gatt_db.o"
#        "C:\Users\Rex\Desktop\Github\trunk\Projects
#        V2\Project\BLE_Chat_Client\EWARM\Client\Obj\gp_timer.o"
#        "C:\Users\Rex\Desktop\Github\trunk\Projects
#        V2\Project\BLE_Chat_Client\EWARM\Client\Obj\hal.o"
#        "C:\Users\Rex\Desktop\Github\trunk\Projects
#        V2\Project\BLE_Chat_Client\EWARM\Client\Obj\hci.o"
#        "C:\Users\Rex\Desktop\Github\trunk\Projects
#        V2\Project\BLE_Chat_Client\EWARM\Client\Obj\hw_config.o"
#        "C:\Users\Rex\Desktop\Github\trunk\Projects
#        V2\Project\BLE_Chat_Client\EWARM\Client\Obj\led.o"
#        "C:\Users\Rex\Desktop\Github\trunk\Projects
#        V2\Project\BLE_Chat_Client\EWARM\Client\Obj\list.o"
#        "C:\Users\Rex\Desktop\Github\trunk\Projects
#        V2\Project\BLE_Chat_Client\EWARM\Client\Obj\misc.o"
#        "C:\Users\Rex\Desktop\Github\trunk\Projects
#        V2\Project\BLE_Chat_Client\EWARM\Client\Obj\osal.o"
#        "C:\Users\Rex\Desktop\Github\trunk\Projects
#        V2\Project\BLE_Chat_Client\EWARM\Client\Obj\otgd_fs_cal.o"
#        "C:\Users\Rex\Desktop\Github\trunk\Projects
#        V2\Project\BLE_Chat_Client\EWARM\Client\Obj\otgd_fs_dev.o"
#        "C:\Users\Rex\Desktop\Github\trunk\Projects
#        V2\Project\BLE_Chat_Client\EWARM\Client\Obj\otgd_fs_int.o"
#        "C:\Users\Rex\Desktop\Github\trunk\Projects
#        V2\Project\BLE_Chat_Client\EWARM\Client\Obj\otgd_fs_pcd.o"
#        "C:\Users\Rex\Desktop\Github\trunk\Projects
#        V2\Project\BLE_Chat_Client\EWARM\Client\Obj\push_button.o"
#        "C:\Users\Rex\Desktop\Github\trunk\Projects
#        V2\Project\BLE_Chat_Client\EWARM\Client\Obj\SDK_EVAL_Config.o"
#        "C:\Users\Rex\Desktop\Github\trunk\Projects
#        V2\Project\BLE_Chat_Client\EWARM\Client\Obj\SDK_EVAL_Io.o"
#        "C:\Users\Rex\Desktop\Github\trunk\Projects
#        V2\Project\BLE_Chat_Client\EWARM\Client\Obj\SDK_EVAL_Spi_Driver.o"
#        "C:\Users\Rex\Desktop\Github\trunk\Projects
#        V2\Project\BLE_Chat_Client\EWARM\Client\Obj\slave_devices.o"
#        "C:\Users\Rex\Desktop\Github\trunk\Projects
#        V2\Project\BLE_Chat_Client\EWARM\Client\Obj\startup_stm32l1xx_md.o"
#        "C:\Users\Rex\Desktop\Github\trunk\Projects
#        V2\Project\BLE_Chat_Client\EWARM\Client\Obj\stm32l1xx_exti.o"
#        "C:\Users\Rex\Desktop\Github\trunk\Projects
#        V2\Project\BLE_Chat_Client\EWARM\Client\Obj\stm32l1xx_flash.o"
#        "C:\Users\Rex\Desktop\Github\trunk\Projects
#        V2\Project\BLE_Chat_Client\EWARM\Client\Obj\stm32l1xx_flash_ramfunc.o"
#        "C:\Users\Rex\Desktop\Github\trunk\Projects
#        V2\Project\BLE_Chat_Client\EWARM\Client\Obj\stm32l1xx_gpio.o"
#        "C:\Users\Rex\Desktop\Github\trunk\Projects
#        V2\Project\BLE_Chat_Client\EWARM\Client\Obj\stm32l1xx_i2c.o"
#        "C:\Users\Rex\Desktop\Github\trunk\Projects
#        V2\Project\BLE_Chat_Client\EWARM\Client\Obj\stm32l1xx_it.o"
#        "C:\Users\Rex\Desktop\Github\trunk\Projects
#        V2\Project\BLE_Chat_Client\EWARM\Client\Obj\stm32l1xx_pwr.o"
#        "C:\Users\Rex\Desktop\Github\trunk\Projects
#        V2\Project\BLE_Chat_Client\EWARM\Client\Obj\stm32l1xx_rcc.o"
#        "C:\Users\Rex\Desktop\Github\trunk\Projects
#        V2\Project\BLE_Chat_Client\EWARM\Client\Obj\stm32l1xx_rtc.o"
#        "C:\Users\Rex\Desktop\Github\trunk\Projects
#        V2\Project\BLE_Chat_Client\EWARM\Client\Obj\stm32l1xx_spi.o"
#        "C:\Users\Rex\Desktop\Github\trunk\Projects
#        V2\Project\BLE_Chat_Client\EWARM\Client\Obj\stm32l1xx_syscfg.o"
#        "C:\Users\Rex\Desktop\Github\trunk\Projects
#        V2\Project\BLE_Chat_Client\EWARM\Client\Obj\stm32l1xx_systick.o"
#        "C:\Users\Rex\Desktop\Github\trunk\Projects
#        V2\Project\BLE_Chat_Client\EWARM\Client\Obj\stm32l1xx_tim.o"
#        "C:\Users\Rex\Desktop\Github\trunk\Projects
#        V2\Project\BLE_Chat_Client\EWARM\Client\Obj\stm32l1xx_usart.o"
#        "C:\Users\Rex\Desktop\Github\trunk\Projects
#        V2\Project\BLE_Chat_Client\EWARM\Client\Obj\syncr.o"
#        "C:\Users\Rex\Desktop\Github\trunk\Projects
#        V2\Project\BLE_Chat_Client\EWARM\Client\Obj\system_stm32l1xx.o"
#        "C:\Users\Rex\Desktop\Github\trunk\Projects
#        V2\Project\BLE_Chat_Client\EWARM\Client\Obj\timer.o"
#        "C:\Users\Rex\Desktop\Github\trunk\Projects
#        V2\Project\BLE_Chat_Client\EWARM\Client\Obj\usb_core.o"
#        "C:\Users\Rex\Desktop\Github\trunk\Projects
#        V2\Project\BLE_Chat_Client\EWARM\Client\Obj\usb_desc.o"
#        "C:\Users\Rex\Desktop\Github\trunk\Projects
#        V2\Project\BLE_Chat_Client\EWARM\Client\Obj\usb_endp.o"
#        "C:\Users\Rex\Desktop\Github\trunk\Projects
#        V2\Project\BLE_Chat_Client\EWARM\Client\Obj\usb_init.o"
#        "C:\Users\Rex\Desktop\Github\trunk\Projects
#        V2\Project\BLE_Chat_Client\EWARM\Client\Obj\usb_int.o"
#        "C:\Users\Rex\Desktop\Github\trunk\Projects
#        V2\Project\BLE_Chat_Client\EWARM\Client\Obj\usb_istr.o"
#        "C:\Users\Rex\Desktop\Github\trunk\Projects
#        V2\Project\BLE_Chat_Client\EWARM\Client\Obj\usb_mem.o"
#        "C:\Users\Rex\Desktop\Github\trunk\Projects
#        V2\Project\BLE_Chat_Client\EWARM\Client\Obj\usb_prop.o"
#        "C:\Users\Rex\Desktop\Github\trunk\Projects
#        V2\Project\BLE_Chat_Client\EWARM\Client\Obj\usb_pwr.o"
#        "C:\Users\Rex\Desktop\Github\trunk\Projects
#        V2\Project\BLE_Chat_Client\EWARM\Client\Obj\usb_regs.o"
#        "C:\Users\Rex\Desktop\Github\trunk\Projects
#        V2\Project\BLE_Chat_Client\EWARM\Client\Obj\usb_sil.o" -o
#        "C:\Users\Rex\Desktop\Github\trunk\Projects
#        V2\Project\BLE_Chat_Client\EWARM\Client\Exe\BLE_Chat.out" --map
#        "C:\Users\Rex\Desktop\Github\trunk\Projects
#        V2\Project\BLE_Chat_Client\EWARM\Client\List\BLE_Chat.map" --config
#        "C:\Users\Rex\Desktop\Github\trunk\Projects
#        V2\Project\BLE_Chat_Client\EWARM\stm32l1xx_flash.icf" --semihosting
#        --entry __iar_program_start --redirect
#        __iar_sh_stdout=__iar_sh_stdout_swo --vfe
#
###############################################################################

*******************************************************************************
*** RUNTIME MODEL ATTRIBUTES
***

CppFlavor       = *
__SystemLibrary = DLib


*******************************************************************************
*** PLACEMENT SUMMARY
***

"A1":  place at 0x08003000 { ro section .intvec };
"P1":  place in [from 0x08003000 to 0x0801ffff] { ro };
"P2":  place in [from 0x20000000 to 0x20003fff] { rw, block CSTACK, block HEAP };

  Section             Kind        Address    Size  Object
  -------             ----        -------    ----  ------
"A1":                                        0xf4
  .intvec             ro code  0x08003000    0xf4  startup_stm32l1xx_md.o [1]
                             - 0x080030f4    0xf4

"P1":                                      0x44a8
  .text               ro code  0x080030f4   0xa84  BLE_Chat_main.o [1]
  .text               ro code  0x08003b78    0x90  misc.o [1]
  .text               ro code  0x08003c08    0xc8  SDK_EVAL_Config.o [1]
  .text               ro code  0x08003cd0   0x2c4  hw_config.o [1]
  .text               ro code  0x08003f94    0x20  stm32l1xx_pwr.o [1]
  .text               ro code  0x08003fb4   0x13c  led.o [1]
  .text               ro code  0x080040f0    0x54  push_button.o [1]
  .text               ro code  0x08004144   0x1e0  timer.o [1]
  .text               ro code  0x08004324    0x2c  slave_devices.o [1]
  .text               ro code  0x08004350    0x1c  stm32l1xx_flash.o [1]
  .text               ro code  0x0800436c    0x50  clock.o [1]
  .text               ro code  0x080043bc    0x24  SDK_EVAL_Io.o [1]
  .text               ro code  0x080043e0    0x24  printf.o [3]
  .text               ro code  0x08004404   0x334  hci.o [1]
  .text               ro code  0x08004738   0x656  SDK_EVAL_Spi_Driver.o [1]
  .text               ro code  0x08004d8e    0xaa  bluenrg_hal_aci.o [1]
  .text               ro code  0x08004e38   0x19a  bluenrg_gatt_aci.o [1]
  .text               ro code  0x08004fd2   0x166  bluenrg_gap_aci.o [1]
  .text               ro code  0x08005138    0xa8  stm32l1xx_gpio.o [1]
  .text               ro code  0x080051e0   0x168  chat.o [1]
  .text               ro code  0x08005348     0xc  syncr.o [1]
  .text               ro code  0x08005354    0x34  sprintf.o [3]
  .text               ro code  0x08005388    0x20  flags.o [1]
  .text               ro code  0x080053a8    0x26  gp_timer.o [1]
  .text               ro code  0x080053ce    0x2e  copy_init3.o [4]
  .text               ro code  0x080053fc    0x70  gatt_db.o [1]
  .text               ro code  0x0800546c    0x44  stm32l1xx_rcc.o [1]
  .text               ro code  0x080054b0    0x40  stm32l1xx_syscfg.o [1]
  .text               ro code  0x080054f0    0xa4  stm32l1xx_tim.o [1]
  .text               ro code  0x08005594    0xd6  usb_mem.o [1]
  .text               ro code  0x0800566a    0x22  zero_init3.o [4]
  .text               ro code  0x0800568c   0x206  usb_regs.o [1]
  .text               ro code  0x08005892     0xa  xsprout.o [3]
  .text               ro code  0x0800589c    0x90  stm32l1xx_exti.o [1]
  .text               ro code  0x0800592c    0x76  ABImemcpy_unaligned.o [4]
  .text               ro code  0x080059a4    0x5c  stm32l1xx_systick.o [1]
  .text               ro code  0x08005a00    0x20  usb_init.o [1]
  .text               ro code  0x08005a20   0x4d8  xprintfsmall_nomb.o [3]
  .text               ro code  0x08005ef8    0x4e  list.o [1]
  .text               ro code  0x08005f46    0x20  osal.o [1]
  .text               ro code  0x08005f68    0x3c  hal.o [1]
  .text               ro code  0x08005fa4    0x62  stm32l1xx_spi.o [1]
  .text               ro code  0x08006008   0x19c  xstoul.o [3]
  .text               ro code  0x080061a4     0x6  ABImemclr4.o [4]
  .text               ro code  0x080061ac    0x16  strchr.o [4]
  .text               ro code  0x080061c4    0x36  strlen.o [4]
  .text               ro code  0x080061fc    0x58  memchr.o [4]
  .text               ro code  0x08006254    0x66  ABImemset.o [4]
  .text               ro code  0x080062bc     0xc  errno.o [3]
  .text               ro code  0x080062c8    0x32  ABImemset48.o [4]
  .text               ro code  0x080062fa     0x2  xtls.o [3]
  .text               ro code  0x080062fc   0x8ce  usb_core.o [1]
  .text               ro code  0x08006bcc   0x218  usb_prop.o [1]
  .text               ro code  0x08006de4    0x30  usb_pwr.o [1]
  .text               ro code  0x08006e14    0x40  usb_sil.o [1]
  .text               ro code  0x08006e54   0x148  usb_int.o [1]
  .text               ro code  0x08006f9c   0x110  system_stm32l1xx.o [1]
  .rodata             const    0x080070ac    0xb8  usb_desc.o [1]
  .text               ro code  0x08007164    0xb4  usb_endp.o [1]
  .text               ro code  0x08007218    0x60  usb_istr.o [1]
  .text               ro code  0x08007278    0x28  data_init.o [4]
  .iar.init_table     const    0x080072a0    0x24  - Linker created -
  .text               ro code  0x080072c4    0x1a  cmain.o [4]
  .text               ro code  0x080072de     0x4  low_level_init.o [3]
  .text               ro code  0x080072e2     0x4  exit.o [3]
  .text               ro code  0x080072e8     0xa  cexit.o [4]
  .text               ro code  0x080072f4    0x14  exit.o [5]
  .text               ro code  0x08007308    0x18  stm32l1xx_it.o [1]
  .text               ro code  0x08007320    0x16  xprout.o [3]
  .text               ro code  0x08007338    0x10  startup_stm32l1xx_md.o [1]
  .text               ro code  0x08007348     0xc  cstartup_M.o [4]
  .rodata             const    0x08007354     0x4  clock.o [1]
  .text               ro code  0x08007358     0x4  startup_stm32l1xx_md.o [1]
  .text               ro code  0x0800735c     0x4  startup_stm32l1xx_md.o [1]
  .text               ro code  0x08007360     0x4  startup_stm32l1xx_md.o [1]
  .text               ro code  0x08007364     0x4  startup_stm32l1xx_md.o [1]
  .text               ro code  0x08007368     0x4  startup_stm32l1xx_md.o [1]
  .text               ro code  0x0800736c     0x4  startup_stm32l1xx_md.o [1]
  .text               ro code  0x08007370     0x4  startup_stm32l1xx_md.o [1]
  .text               ro code  0x08007374     0x4  startup_stm32l1xx_md.o [1]
  .text               ro code  0x08007378     0x4  startup_stm32l1xx_md.o [1]
  .text               ro code  0x0800737c     0x4  startup_stm32l1xx_md.o [1]
  .text               ro code  0x08007380     0x4  startup_stm32l1xx_md.o [1]
  .text               ro code  0x08007384     0x4  startup_stm32l1xx_md.o [1]
  .text               ro code  0x08007388     0x4  startup_stm32l1xx_md.o [1]
  .text               ro code  0x0800738c     0x4  startup_stm32l1xx_md.o [1]
  .text               ro code  0x08007390     0x4  startup_stm32l1xx_md.o [1]
  .text               ro code  0x08007394     0x4  startup_stm32l1xx_md.o [1]
  .text               ro code  0x08007398     0x4  startup_stm32l1xx_md.o [1]
  .text               ro code  0x0800739c     0x4  startup_stm32l1xx_md.o [1]
  .text               ro code  0x080073a0     0x4  startup_stm32l1xx_md.o [1]
  .text               ro code  0x080073a4     0x4  startup_stm32l1xx_md.o [1]
  .text               ro code  0x080073a8     0x4  startup_stm32l1xx_md.o [1]
  .text               ro code  0x080073ac     0x4  startup_stm32l1xx_md.o [1]
  .text               ro code  0x080073b0     0x4  startup_stm32l1xx_md.o [1]
  .text               ro code  0x080073b4     0x4  startup_stm32l1xx_md.o [1]
  .text               ro code  0x080073b8     0x4  startup_stm32l1xx_md.o [1]
  .text               ro code  0x080073bc     0x4  startup_stm32l1xx_md.o [1]
  .text               ro code  0x080073c0     0x4  startup_stm32l1xx_md.o [1]
  .text               ro code  0x080073c4     0x4  startup_stm32l1xx_md.o [1]
  .text               ro code  0x080073c8     0x4  startup_stm32l1xx_md.o [1]
  .text               ro code  0x080073cc     0x4  startup_stm32l1xx_md.o [1]
  .text               ro code  0x080073d0     0x4  startup_stm32l1xx_md.o [1]
  .text               ro code  0x080073d4     0x4  startup_stm32l1xx_md.o [1]
  .text               ro code  0x080073d8     0x4  startup_stm32l1xx_md.o [1]
  .text               ro code  0x080073dc     0x4  startup_stm32l1xx_md.o [1]
  .text               ro code  0x080073e0     0x4  startup_stm32l1xx_md.o [1]
  .text               ro code  0x080073e4     0x4  startup_stm32l1xx_md.o [1]
  .text               ro code  0x080073e8     0x4  startup_stm32l1xx_md.o [1]
  .rodata             const    0x080073ec     0x0  zero_init3.o [4]
  .rodata             const    0x080073ec     0x0  copy_init3.o [4]
  Initializer bytes   const    0x080073ec   0x1b0  <for P2 s0>
                             - 0x0800759c  0x44a8

"P2":                                      0x1b18
  P2 s0                        0x20000000   0x1b0  <Init block>
    .data             inited   0x20000000    0x94  SDK_EVAL_Spi_Driver.o [1]
    .data             inited   0x20000094    0x30  usb_prop.o [1]
    .data             inited   0x200000c4    0x24  slave_devices.o [1]
    .data             inited   0x200000e8    0x24  usb_prop.o [1]
    .data             inited   0x2000010c    0x20  usb_prop.o [1]
    .data             inited   0x2000012c    0x1c  usb_desc.o [1]
    .data             inited   0x20000148    0x1c  usb_istr.o [1]
    .data             inited   0x20000164    0x1c  usb_istr.o [1]
    .data             inited   0x20000180    0x10  BLE_Chat_main.o [1]
    .data             inited   0x20000190     0x8  usb_prop.o [1]
    .data             inited   0x20000198     0x8  usb_prop.o [1]
    .data             inited   0x200001a0     0x8  usb_prop.o [1]
    .data             inited   0x200001a8     0x4  usb_prop.o [1]
    __DLIB_PERTHREAD  inited   0x200001ac     0x4  errno.o [3]
  .bss                zero     0x200001b0   0x7e0  hw_config.o [1]
  .bss                zero     0x20000990   0x2c8  hci.o [1]
  .bss                zero     0x20000c58   0x204  chat.o [1]
  .bss                zero     0x20000e5c    0x40  usb_endp.o [1]
  .bss                zero     0x20000e9c    0x28  usb_init.o [1]
  .bss                zero     0x20000ec4    0x14  flags.o [1]
  .bss                zero     0x20000ed8     0xc  BLE_Chat_main.o [1]
  .bss                zero     0x20000ee4     0x6  gatt_db.o [1]
  .bss                zero     0x20000eea     0x2  usb_init.o [1]
  .bss                zero     0x20000eec     0x4  clock.o [1]
  .bss                zero     0x20000ef0     0x4  push_button.o [1]
  .bss                zero     0x20000ef4     0x4  SDK_EVAL_Io.o [1]
  .bss                zero     0x20000ef8     0x4  usb_core.o [1]
  .bss                zero     0x20000efc     0x4  usb_endp.o [1]
  .bss                zero     0x20000f00     0x4  usb_int.o [1]
  .bss                zero     0x20000f04     0x4  usb_istr.o [1]
  .bss                zero     0x20000f08     0x4  usb_pwr.o [1]
  .bss                zero     0x20000f0c     0x1  hw_config.o [1]
  .bss                zero     0x20000f0d     0x1  SDK_EVAL_Config.o [1]
  .bss                zero     0x20000f0e     0x1  usb_core.o [1]
  .bss                zero     0x20000f0f     0x1  usb_init.o [1]
  .bss                zero     0x20000f10     0x1  usb_prop.o [1]
  CSTACK                       0x20000f18   0xc00  <Block>
    CSTACK            uninit   0x20000f18   0xc00  <Block tail>
                             - 0x20001b18  0x1b18


*******************************************************************************
*** INIT TABLE
***

          Address     Size
          -------     ----
Zero (__iar_zero_init3)
    1 destination range, total size 0xd61:
          0x200001b0  0xd61

Copy (__iar_copy_init3)
    1 source range, total size 0x1b0:
          0x080073ec  0x1b0
    1 destination range, total size 0x1b0:
          0x20000000  0x1b0



*******************************************************************************
*** MODULE SUMMARY
***

    Module                  ro code  ro data  rw data
    ------                  -------  -------  -------
C:\Users\Rex\Desktop\Github\trunk\Projects V2\Project\BLE_Chat_Client\EWARM\Client\Obj: [1]
    BLE_Chat_main.o           2 692       16       28
    SDK_EVAL_Config.o           200                 1
    SDK_EVAL_Io.o                36                 4
    SDK_EVAL_Spi_Driver.o     1 622      148      148
    bluenrg_gap_aci.o           358
    bluenrg_gatt_aci.o          410
    bluenrg_hal_aci.o           170
    chat.o                      360               516
    clock.o                      80        4        4
    flags.o                      32                20
    gatt_db.o                   112                 6
    gp_timer.o                   38
    hal.o                        60
    hci.o                       820               712
    hw_config.o                 708             2 017
    led.o                       316
    list.o                       78
    misc.o                      144
    osal.o                       32
    push_button.o                84                 4
    slave_devices.o              44       36       36
    startup_stm32l1xx_md.o      408
    stm32l1xx_exti.o            144
    stm32l1xx_flash.o            28
    stm32l1xx_gpio.o            168
    stm32l1xx_it.o               24
    stm32l1xx_pwr.o              32
    stm32l1xx_rcc.o              68
    stm32l1xx_spi.o              98
    stm32l1xx_syscfg.o           64
    stm32l1xx_systick.o          92
    stm32l1xx_tim.o             164
    syncr.o                      12
    system_stm32l1xx.o          272
    timer.o                     480
    usb_core.o                2 254                 5
    usb_desc.o                           212       28
    usb_endp.o                  180                68
    usb_init.o                   32                43
    usb_int.o                   328                 4
    usb_istr.o                   96       56       60
    usb_mem.o                   214
    usb_prop.o                  536      144      145
    usb_pwr.o                    48                 4
    usb_regs.o                  518
    usb_sil.o                    64
    -------------------------------------------------
    Total:                   14 720      616    3 853

command line: [2]
    -------------------------------------------------
    Total:

dl7M_tln.a: [3]
    errno.o                      12        4        4
    exit.o                        4
    low_level_init.o              4
    printf.o                     36
    sprintf.o                    52
    xprintfsmall_nomb.o       1 240
    xprout.o                     22
    xsprout.o                    10
    xstoul.o                    412
    xtls.o                        2
    -------------------------------------------------
    Total:                    1 794        4        4

rt7M_tl.a: [4]
    ABImemclr4.o                  6
    ABImemcpy_unaligned.o       118
    ABImemset.o                 102
    ABImemset48.o                50
    cexit.o                      10
    cmain.o                      26
    copy_init3.o                 46
    cstartup_M.o                 12
    data_init.o                  40
    memchr.o                     88
    strchr.o                     22
    strlen.o                     54
    zero_init3.o                 34
    -------------------------------------------------
    Total:                      608

shb_l.a: [5]
    exit.o                       20
    -------------------------------------------------
    Total:                       20

    Gaps                         22
    Linker created                        36    3 072
-----------------------------------------------------
    Grand Total:             17 164      656    6 929


*******************************************************************************
*** ENTRY LIST
***

Entry                      Address   Size  Type      Object
-----                      -------   ----  ----      ------
.iar.init_table$$Base   0x080072a0          --   Gb  - Linker created -
.iar.init_table$$Limit  0x080072c4          --   Gb  - Linker created -
?main                   0x080072c5         Code  Gb  cmain.o [4]
Attribute_Modified_CB   0x080053fd   0x4e  Code  Gb  gatt_db.o [1]
BlueNRG_DataPresent     0x08004a71   0x20  Code  Gb  SDK_EVAL_Spi_Driver.o [1]
BlueNRG_RST             0x08004a43   0x2e  Code  Gb  SDK_EVAL_Spi_Driver.o [1]
BlueNRG_SPI_Read_All    0x08004ad5   0xc6  Code  Gb  SDK_EVAL_Spi_Driver.o [1]
BlueNRG_SPI_Write       0x08004b9b  0x182  Code  Gb  SDK_EVAL_Spi_Driver.o [1]
BusFault_Handler        0x0800730f    0x2  Code  Gb  stm32l1xx_it.o [1]
ByteSwap                0x08005889    0xa  Code  Gb  usb_regs.o [1]
CLOCK_SECOND            0x08007354    0x4  Data  Gb  clock.o [1]
CSTACK$$Base            0x20000f18          --   Gb  - Linker created -
CSTACK$$Limit           0x20001b18          --   Gb  - Linker created -
CTR_LP                  0x08006e55  0x130  Code  Gb  usb_int.o [1]
ClearDTOG_RX            0x0800576f   0x24  Code  Gb  usb_regs.o [1]
ClearDTOG_TX            0x08005793   0x24  Code  Gb  usb_regs.o [1]
Clear_SPI_EXTI_Flag     0x08004ac9    0xc  Code  Gb  SDK_EVAL_Spi_Driver.o [1]
Clear_Status_Out        0x08005753   0x1c  Code  Gb  usb_regs.o [1]
Clock_Init              0x08004377   0x26  Code  Gb  clock.o [1]
Clock_Time              0x0800439d    0x6  Code  Gb  clock.o [1]
Clock_Wait              0x080043a3   0x14  Code  Gb  clock.o [1]
Config_Descriptor       0x200001a0    0x8  Data  Gb  usb_prop.o [1]
DataStageIn             0x08006587   0xb4  Code  Lc  usb_core.o [1]
Data_Mul_MaxPacketSize  0x20000f0e    0x1  Data  Gb  usb_core.o [1]
Data_Setup0             0x0800673f  0x1ba  Code  Lc  usb_core.o [1]
DebugMon_Handler        0x08007315    0x2  Code  Gb  stm32l1xx_it.o [1]
Device_Descriptor       0x20000198    0x8  Data  Gb  usb_prop.o [1]
Device_Info             0x20000e9c   0x1c  Data  Gb  usb_init.o [1]
Device_Property         0x20000094   0x30  Data  Gb  usb_prop.o [1]
Device_Table            0x200001a8    0x4  Data  Gb  usb_prop.o [1]
Disable_SPI_IRQ         0x08004a91   0x1c  Code  Gb  SDK_EVAL_Spi_Driver.o [1]
EP1_IN_Callback         0x08007165   0x5c  Code  Gb  usb_endp.o [1]
EP3_OUT_Callback        0x080071c1   0x1e  Code  Gb  usb_endp.o [1]
EPindex                 0x20000f0f    0x1  Data  Gb  usb_init.o [1]
EXTI15_10_IRQHandler    0x0800731d    0x4  Code  Gb  stm32l1xx_it.o [1]
EXTI9_5_IRQHandler      0x08004117   0x24  Code  Gb  push_button.o [1]
EXTI_ClearFlag          0x08005905    0x6  Code  Gb  stm32l1xx_exti.o [1]
EXTI_ClearITPendingBit  0x0800591b    0x6  Code  Gb  stm32l1xx_exti.o [1]
EXTI_GetITStatus        0x0800590b   0x10  Code  Gb  stm32l1xx_exti.o [1]
EXTI_Init               0x0800589d   0x68  Code  Gb  stm32l1xx_exti.o [1]
Enable_SPI_IRQ          0x08004aad   0x1c  Code  Gb  SDK_EVAL_Spi_Driver.o [1]
FLASH_SLEEPPowerDownCmd
                        0x08004351   0x16  Code  Gb  stm32l1xx_flash.o [1]
GAP_ConnectionComplete_CB
                        0x08003325   0x8c  Code  Gb  BLE_Chat_main.o [1]
GAP_DisconnectionComplete_CB
                        0x080033b1   0x56  Code  Gb  BLE_Chat_main.o [1]
GATT_Notification_CB    0x0800340d  0x168  Code  Gb  BLE_Chat_main.o [1]
GPIO_Init               0x08005139   0x60  Code  Gb  stm32l1xx_gpio.o [1]
GPIO_PinAFConfig        0x080051b9   0x28  Code  Gb  stm32l1xx_gpio.o [1]
GPIO_ReadInputDataBit   0x08005199    0xe  Code  Gb  stm32l1xx_gpio.o [1]
GPIO_ToggleBits         0x080051b1    0x8  Code  Gb  stm32l1xx_gpio.o [1]
GPIO_WriteBit           0x080051a7    0xa  Code  Gb  stm32l1xx_gpio.o [1]
GetEPRxAddr             0x080057fb   0x14  Code  Gb  usb_regs.o [1]
GetEPRxCount            0x0800585b   0x16  Code  Gb  usb_regs.o [1]
GetEPTxAddr             0x080057e7   0x14  Code  Gb  usb_regs.o [1]
Get_SerialNum           0x08003e63   0x86  Code  Gb  hw_config.o [1]
HCI_Event_CB            0x080037a1  0x19a  Code  Gb  BLE_Chat_main.o [1]
HCI_Init                0x08004405   0x56  Code  Gb  hci.o [1]
HCI_Input               0x0800445b   0xba  Code  Gb  hci.o [1]
HCI_Isr                 0x08004589   0x5e  Code  Gb  hci.o [1]
HCI_Process             0x08004515   0x74  Code  Gb  hci.o [1]
Hal_Write_Serial        0x08005f69   0x3c  Code  Gb  hal.o [1]
Handle_USBAsynchXfer    0x08003db7   0x92  Code  Gb  hw_config.o [1]
HardFault_Handler       0x0800730b    0x2  Code  Gb  stm32l1xx_it.o [1]
IO_Receive_Data         0x20000ef4    0x4  Data  Lc  SDK_EVAL_Io.o [1]
In0_Process             0x0800698d   0x78  Code  Gb  usb_core.o [1]
Init_GPIOs              0x08003cfb   0x66  Code  Gb  hw_config.o [1]
LoadInt                 0x08005da9   0x4c  Code  Lc  xprintfsmall_nomb.o [3]
Make_Connection         0x080032b1   0x74  Code  Gb  BLE_Chat_main.o [1]
MemManage_Handler       0x0800730d    0x2  Code  Gb  stm32l1xx_it.o [1]
NMI_Handler             0x08007309    0x2  Code  Gb  stm32l1xx_it.o [1]
NOP_Process             0x08006bc9    0x2  Code  Gb  usb_core.o [1]
NVIC_Init               0x08003b83   0x5e  Code  Gb  misc.o [1]
NVIC_PriorityGroupConfig
                        0x08003b79    0xa  Code  Gb  misc.o [1]
NVIC_SetVectorTable     0x08003be1    0xc  Code  Gb  misc.o [1]
NoData_Setup0           0x0800663b  0x104  Code  Lc  usb_core.o [1]
Osal_MemCpy             0x08005f47    0xc  Code  Gb  osal.o [1]
Osal_MemSet             0x08005f53   0x14  Code  Gb  osal.o [1]
Out0_Process            0x08006a05   0xe8  Code  Gb  usb_core.o [1]
PMAToUserBufferCopy     0x0800561d   0x4e  Code  Gb  usb_mem.o [1]
PWR_FastWakeUpCmd       0x08003f9b    0x6  Code  Gb  stm32l1xx_pwr.o [1]
PWR_PVDCmd              0x08003f95    0x6  Code  Gb  stm32l1xx_pwr.o [1]
PWR_UltraLowPowerCmd    0x08003fa1    0x6  Code  Gb  stm32l1xx_pwr.o [1]
PendSV_Handler          0x08007317    0x2  Code  Gb  stm32l1xx_it.o [1]
PowerOn                 0x08006de5   0x26  Code  Gb  usb_pwr.o [1]
RCC_AHBPeriphClockCmd   0x0800546d   0x12  Code  Gb  stm32l1xx_rcc.o [1]
RCC_APB1PeriphClockCmd  0x08005491   0x12  Code  Gb  stm32l1xx_rcc.o [1]
RCC_APB2PeriphClockCmd  0x0800547f   0x12  Code  Gb  stm32l1xx_rcc.o [1]
RCC_Configuration       0x08003cd1   0x2a  Code  Gb  hw_config.o [1]
RXCharHandle            0x20000ee8    0x2  Data  Gb  gatt_db.o [1]
Region$$Table$$Base     0x080072a0          --   Gb  - Linker created -
Region$$Table$$Limit    0x080072c4          --   Gb  - Linker created -
Request                 0x20000f10    0x1  Data  Gb  usb_prop.o [1]
SOF_Callback            0x080071df   0x1e  Code  Gb  usb_endp.o [1]
SPI_Cmd                 0x08005fdd   0x14  Code  Gb  stm32l1xx_spi.o [1]
SPI_Configure_Platform  0x08004739  0x16e  Code  Lc  SDK_EVAL_Spi_Driver.o [1]
SPI_I2S_GetFlagStatus   0x08005ff9    0xe  Code  Gb  stm32l1xx_spi.o [1]
SPI_I2S_ReceiveData     0x08005ff1    0x4  Code  Gb  stm32l1xx_spi.o [1]
SPI_I2S_SendData        0x08005ff5    0x4  Code  Gb  stm32l1xx_spi.o [1]
SPI_Init                0x08005fa5   0x38  Code  Gb  stm32l1xx_spi.o [1]
SVC_Handler             0x08007313    0x2  Code  Gb  stm32l1xx_it.o [1]
SYSCFG_EXTILineConfig   0x080054c5   0x24  Code  Gb  stm32l1xx_syscfg.o [1]
SYSCFG_USBPuCmd         0x080054b1   0x14  Code  Gb  stm32l1xx_syscfg.o [1]
SaveRState              0x20000f00    0x2  Data  Gb  usb_int.o [1]
SaveTState              0x20000f02    0x2  Data  Gb  usb_int.o [1]
SdkEvalGetVersion       0x08003cc3    0x6  Code  Gb  SDK_EVAL_Config.o [1]
SdkEvalIdentification   0x08003c09   0xba  Code  Gb  SDK_EVAL_Config.o [1]
SdkEvalSPI_Irq_Pin      0x080048a7   0x12  Code  Gb  SDK_EVAL_Spi_Driver.o [1]
SdkEvalSpiInit          0x080048b9  0x18a  Code  Gb  SDK_EVAL_Spi_Driver.o [1]
SdkEval_IO_Config       0x080043bd   0x16  Code  Gb  SDK_EVAL_Io.o [1]
SdkEval_IO_Receive_Data
                        0x080043d7    0x6  Code  Gb  SDK_EVAL_Io.o [1]
SdkEval_IO_Send_Data    0x080043d3    0x4  Code  Gb  SDK_EVAL_Io.o [1]
SetBTABLE               0x0800568d    0xe  Code  Gb  usb_regs.o [1]
SetDeviceAddress        0x08006aed   0x94  Code  Gb  usb_core.o [1]
SetEPRxAddr             0x080057d1   0x16  Code  Gb  usb_regs.o [1]
SetEPRxCount            0x08005821   0x3a  Code  Gb  usb_regs.o [1]
SetEPRxStatus           0x080056e3   0x30  Code  Gb  usb_regs.o [1]
SetEPRxValid            0x08005733   0x20  Code  Gb  usb_regs.o [1]
SetEPTxAddr             0x080057b7   0x1a  Code  Gb  usb_regs.o [1]
SetEPTxCount            0x0800580f   0x12  Code  Gb  usb_regs.o [1]
SetEPTxStatus           0x080056b3   0x30  Code  Gb  usb_regs.o [1]
SetEPTxValid            0x08005713   0x20  Code  Gb  usb_regs.o [1]
SetEPType               0x0800569b   0x18  Code  Gb  usb_regs.o [1]
Set_USBClock            0x08003d61    0xa  Code  Gb  hw_config.o [1]
Setup0_Process          0x080068f9   0x94  Code  Gb  usb_core.o [1]
Standard_ClearFeature   0x0800641b   0xd8  Code  Gb  usb_core.o [1]
Standard_GetConfiguration
                        0x080062fd   0x22  Code  Gb  usb_core.o [1]
Standard_GetDescriptorData
                        0x0800656d   0x1a  Code  Gb  usb_core.o [1]
Standard_GetInterface   0x0800631f   0x22  Code  Gb  usb_core.o [1]
Standard_GetStatus      0x08006389   0x92  Code  Gb  usb_core.o [1]
Standard_SetEndPointFeature
                        0x080064f3   0x7a  Code  Gb  usb_core.o [1]
Standard_SetInterface   0x08006341   0x48  Code  Gb  usb_core.o [1]
StatusInfo              0x20000ef8    0x4  Data  Gb  usb_core.o [1]
String_Descriptor       0x2000010c   0x20  Data  Gb  usb_prop.o [1]
SysTick_CLKSourceConfig
                        0x080059a5   0x14  Code  Gb  stm32l1xx_systick.o [1]
SysTick_CounterCmd      0x080059bf   0x26  Code  Gb  stm32l1xx_systick.o [1]
SysTick_Handler         0x0800436d    0xa  Code  Gb  clock.o [1]
SysTick_ITConfig        0x080059e5   0x14  Code  Gb  stm32l1xx_systick.o [1]
SysTick_SetReload       0x080059b9    0x6  Code  Gb  stm32l1xx_systick.o [1]
SystemInit              0x08006f9d   0xfc  Code  Gb  system_stm32l1xx.o [1]
TIM2_IRQHandler         0x0800424d   0x4e  Code  Gb  timer.o [1]
TIM3_IRQHandler         0x08003da1   0x16  Code  Gb  hw_config.o [1]
TIM4_IRQHandler         0x0800429b   0x24  Code  Gb  timer.o [1]
TIM6_IRQHandler         0x080042bf   0x2c  Code  Gb  timer.o [1]
TIM7_IRQHandler         0x080042eb   0x26  Code  Gb  timer.o [1]
TIM_ClearFlag           0x08005575    0x6  Code  Gb  stm32l1xx_tim.o [1]
TIM_ClearITPendingBit   0x0800558f    0x6  Code  Gb  stm32l1xx_tim.o [1]
TIM_Cmd                 0x08005551   0x14  Code  Gb  stm32l1xx_tim.o [1]
TIM_GetITStatus         0x0800557b   0x14  Code  Gb  stm32l1xx_tim.o [1]
TIM_ITConfig            0x08005565   0x10  Code  Gb  stm32l1xx_tim.o [1]
TIM_TimeBaseInit        0x080054f1   0x4a  Code  Gb  stm32l1xx_tim.o [1]
TXCharHandle            0x20000ee6    0x2  Data  Gb  gatt_db.o [1]
Timer_Expired           0x080053b7   0x18  Code  Gb  gp_timer.o [1]
Timer_Set               0x080053a9    0xe  Code  Gb  gp_timer.o [1]
USART_Rx_Buffer         0x200001b4  0x7d0  Data  Gb  hw_config.o [1]
USART_Rx_length         0x2000098c    0x4  Data  Gb  hw_config.o [1]
USART_Rx_ptr_in         0x20000984    0x4  Data  Gb  hw_config.o [1]
USART_Rx_ptr_out        0x20000988    0x4  Data  Gb  hw_config.o [1]
USB_Cable_Config        0x08003d99    0x8  Code  Gb  hw_config.o [1]
USB_Init                0x08005a01   0x20  Code  Gb  usb_init.o [1]
USB_Interrupts_Config   0x08003d6b   0x2e  Code  Gb  hw_config.o [1]
USB_Istr                0x08007219   0x60  Code  Gb  usb_istr.o [1]
USB_LP_IRQHandler       0x08007319    0x4  Code  Gb  stm32l1xx_it.o [1]
USB_Rx_Buffer           0x20000e5c   0x40  Data  Gb  usb_endp.o [1]
USB_SIL_Init            0x08006e15   0x14  Code  Gb  usb_sil.o [1]
USB_SIL_Read            0x08006e31   0x24  Code  Gb  usb_sil.o [1]
USB_Send_Data           0x08003e49   0x1a  Code  Gb  hw_config.o [1]
USB_Tx_State            0x200001b0    0x1  Data  Gb  hw_config.o [1]
UsageFault_Handler      0x08007311    0x2  Code  Gb  stm32l1xx_it.o [1]
UserToPMABufferCopy     0x08005595   0x88  Code  Gb  usb_mem.o [1]
User_Process            0x080035f9  0x19a  Code  Gb  BLE_Chat_main.o [1]
User_Standard_Requests  0x200000e8   0x24  Data  Gb  usb_prop.o [1]
Virtual_Com_Port_ConfigDescriptor
                        0x080070c0   0x44  Data  Gb  usb_desc.o [1]
Virtual_Com_Port_Data_Setup
                        0x08006ce3   0x60  Code  Gb  usb_prop.o [1]
Virtual_Com_Port_DeviceDescriptor
                        0x080070ac   0x14  Data  Gb  usb_desc.o [1]
Virtual_Com_Port_GetConfigDescriptor
                        0x08006d67    0x6  Code  Gb  usb_prop.o [1]
Virtual_Com_Port_GetDeviceDescriptor
                        0x08006d61    0x6  Code  Gb  usb_prop.o [1]
Virtual_Com_Port_GetLineCoding
                        0x08006d95   0x12  Code  Gb  usb_prop.o [1]
Virtual_Com_Port_GetStringDescriptor
                        0x08006d6d   0x18  Code  Gb  usb_prop.o [1]
Virtual_Com_Port_Get_Interface_Setting
                        0x08006d85    0xe  Code  Gb  usb_prop.o [1]
Virtual_Com_Port_NoData_Setup
                        0x08006d43   0x1e  Code  Gb  usb_prop.o [1]
Virtual_Com_Port_Reset  0x08006bef   0xda  Code  Gb  usb_prop.o [1]
Virtual_Com_Port_SetConfiguration
                        0x08006cc9    0xe  Code  Gb  usb_prop.o [1]
Virtual_Com_Port_SetDeviceAddress
                        0x08006cd7    0x8  Code  Gb  usb_prop.o [1]
Virtual_Com_Port_SetLineCoding
                        0x08006da9   0x12  Code  Gb  usb_prop.o [1]
Virtual_Com_Port_Status_In
                        0x08006cdf    0x2  Code  Gb  usb_prop.o [1]
Virtual_Com_Port_Status_Out
                        0x08006ce1    0x2  Code  Gb  usb_prop.o [1]
Virtual_Com_Port_StringLangID
                        0x08007104    0x4  Data  Gb  usb_desc.o [1]
Virtual_Com_Port_StringProduct
                        0x08007130   0x34  Data  Gb  usb_desc.o [1]
Virtual_Com_Port_StringSerial
                        0x2000012c   0x1c  Data  Gb  usb_desc.o [1]
Virtual_Com_Port_StringVendor
                        0x08007108   0x28  Data  Gb  usb_desc.o [1]
Virtual_Com_Port_init   0x08006bcd   0x22  Code  Gb  usb_prop.o [1]
_LitobSmallNoMb         0x08005df5   0xce  Code  Lc  xprintfsmall_nomb.o [3]
_PrintfSmallNoMb        0x08005a21  0x382  Code  Gb  xprintfsmall_nomb.o [3]
_Prout                  0x08007321   0x16  Code  Gb  xprout.o [3]
_PutcharsSmallNoMb      0x08005ec3   0x2e  Code  Lc  xprintfsmall_nomb.o [3]
_SProut                 0x08005893    0xa  Code  Gb  xsprout.o [3]
__aeabi_errno_addr      0x080062bd    0x6  Code  Gb  errno.o [3]
__aeabi_memclr4         0x080061a5         Code  Gb  ABImemclr4.o [4]
__aeabi_memset          0x08006255         Code  Gb  ABImemset.o [4]
__cmain                 0x080072c5         Code  Gb  cmain.o [4]
__exit                  0x080072f5   0x14  Code  Gb  exit.o [5]
__iar_Errno             0x200001ac    0x4  Data  Gb  errno.o [3]
__iar_Memchr            0x080061fd         Code  Gb  memchr.o [4]
__iar_Memset            0x08006255         Code  Gb  ABImemset.o [4]
__iar_Memset4_word      0x080062c9         Code  Gb  ABImemset48.o [4]
__iar_Memset8_word      0x080062c9         Code  Gb  ABImemset48.o [4]
__iar_Memset_word       0x0800625d         Code  Gb  ABImemset.o [4]
__iar_Stoul             0x08006151    0x4  Code  Gb  xstoul.o [3]
__iar_Stoulx            0x08006009  0x142  Code  Gb  xstoul.o [3]
__iar_Strchr            0x080061ad         Code  Gb  strchr.o [4]
__iar_copy_init3        0x080053cf   0x2e  Code  Gb  copy_init3.o [4]
__iar_data_init3        0x08007279   0x28  Code  Gb  data_init.o [4]
__iar_dlib_perthread_access
                        0x080062fb    0x2  Code  Gb  xtls.o [3]
__iar_program_start     0x08007349         Code  Gb  cstartup_M.o [4]
__iar_unaligned___aeabi_memcpy
                        0x0800592d         Code  Gb  ABImemcpy_unaligned.o [4]
__iar_unaligned___aeabi_memcpy4
                        0x0800594d         Code  Gb  ABImemcpy_unaligned.o [4]
__iar_unaligned___aeabi_memcpy8
                        0x0800594d         Code  Gb  ABImemcpy_unaligned.o [4]
__iar_zero_init3        0x0800566b   0x22  Code  Gb  zero_init3.o [4]
__low_level_init        0x080072df    0x4  Code  Gb  low_level_init.o [3]
__vector_table          0x08003000         Data  Gb  startup_stm32l1xx_md.o [1]
_call_main              0x080072d1         Code  Gb  cmain.o [4]
_exit                   0x080072e9         Code  Gb  cexit.o [4]
_main                   0x080072db         Code  Gb  cmain.o [4]
aci_gap_create_connection
                        0x080050b3   0x86  Code  Gb  bluenrg_gap_aci.o [1]
aci_gap_init            0x08004fd3   0x6c  Code  Gb  bluenrg_gap_aci.o [1]
aci_gap_set_auth_requirement
                        0x0800503f   0x74  Code  Gb  bluenrg_gap_aci.o [1]
aci_gatt_disc_charac_by_uuid
                        0x08004e73   0x82  Code  Gb  bluenrg_gatt_aci.o [1]
aci_gatt_init           0x08004e39   0x3a  Code  Gb  bluenrg_gatt_aci.o [1]
aci_gatt_write_charac_descriptor
                        0x08004ef5   0x7c  Code  Gb  bluenrg_gatt_aci.o [1]
aci_gatt_write_without_response
                        0x08004f71   0x62  Code  Gb  bluenrg_gatt_aci.o [1]
aci_hal_set_tx_power_level
                        0x08004df1   0x48  Code  Gb  bluenrg_hal_aci.o [1]
aci_hal_write_config_data
                        0x08004d8f   0x62  Code  Gb  bluenrg_hal_aci.o [1]
app_flags               0x20000180    0x4  Data  Gb  BLE_Chat_main.o [1]
arrayFlags              0x20000ec4   0x14  Data  Gb  flags.o [1]
bDeviceState            0x20000f08    0x4  Data  Gb  usb_pwr.o [1]
bIntPackSOF             0x20000f04    0x1  Data  Gb  usb_istr.o [1]
bstimei                 0x20000ed8    0x4  Data  Gb  BLE_Chat_main.o [1]
buttonOK                0x20000ef0    0x4  Data  Gb  push_button.o [1]
calculate               0x08005351    0x4  Code  Gb  syncr.o [1]
changeFlag              0x08005389    0x4  Code  Gb  flags.o [1]
chatServHandle          0x20000ee4    0x2  Data  Gb  gatt_db.o [1]
cmd                     0x20000c5c  0x200  Data  Lc  chat.o [1]
count                   0x20000eec    0x4  Data  Lc  clock.o [1]
digits                  0x08006154   0x28  Data  Lc  xstoul.o [3]
enableTimerInterrupt    0x08004209   0x44  Code  Gb  timer.o [1]
exit                    0x080072e3    0x4  Code  Gb  exit.o [3]
flag_connection_complete
                        0x20000188    0x4  Data  Gb  BLE_Chat_main.o [1]
flag_scan_complete      0x20000184    0x4  Data  Gb  BLE_Chat_main.o [1]
hciReadPacketBuffer     0x200009b0  0x2a8  Data  Lc  hci.o [1]
hciReadPktPool          0x200009a0    0x8  Data  Gb  hci.o [1]
hciReadPktRxQueue       0x200009a8    0x8  Data  Gb  hci.o [1]
hci_buffer              0x20000998    0x4  Data  Lc  hci.o [1]
hci_pckt_len            0x20000994    0x2  Data  Lc  hci.o [1]
hci_send_req            0x080045fb  0x12e  Code  Gb  hci.o [1]
hhtimei                 0x20000edc    0x4  Data  Gb  BLE_Chat_main.o [1]
index                   0x2000018c    0x4  Data  Gb  BLE_Chat_main.o [1]
initButton              0x080040f1   0x26  Code  Gb  push_button.o [1]
initDevices             0x08004325   0x2c  Code  Gb  slave_devices.o [1]
initFlags               0x0800538d   0x14  Code  Gb  flags.o [1]
initLED                 0x08003fb5   0x8e  Code  Gb  led.o [1]
initTimer               0x08004145   0x8c  Code  Gb  timer.o [1]
linecoding              0x20000190    0x8  Data  Gb  usb_prop.o [1]
list_init_head          0x08005ef9    0x6  Code  Gb  list.o [1]
list_insert_head        0x08005f0d    0xe  Code  Gb  list.o [1]
list_insert_tail        0x08005f1b    0xe  Code  Gb  list.o [1]
list_is_empty           0x08005eff    0xe  Code  Gb  list.o [1]
list_remove_head        0x08005f29   0x1e  Code  Gb  list.o [1]
main                    0x080030f5  0x1bc  Code  Gb  BLE_Chat_main.o [1]
memchr                  0x080061fd         Code  Gb  memchr.o [4]
ndigs                   0x0800617c   0x28  Data  Lc  xstoul.o [3]
new_hci_event           0x080045e7   0x14  Code  Gb  hci.o [1]
new_packet              0x20000992    0x1  Data  Lc  hci.o [1]
offsetp                 0x20000ee0    0x4  Data  Gb  BLE_Chat_main.o [1]
pEpInt_IN               0x20000148   0x1c  Data  Gb  usb_istr.o [1]
pEpInt_OUT              0x20000164   0x1c  Data  Gb  usb_istr.o [1]
pInformation            0x20000eb8    0x4  Data  Gb  usb_init.o [1]
pProperty               0x20000ebc    0x4  Data  Gb  usb_init.o [1]
pUser_Standard_Requests
                        0x20000ec0    0x4  Data  Gb  usb_init.o [1]
packet_complete_callback
                        0x2000099c    0x4  Data  Lc  hci.o [1]
printf                  0x080043e1   0x24  Code  Gb  printf.o [3]
processInputData        0x080051e1  0x148  Code  Gb  chat.o [1]
putchar                 0x08003ee9   0x74  Code  Gb  hw_config.o [1]
readPacketListFull      0x20000990    0x1  Data  Gb  hci.o [1]
s2i                     0x08005349    0x8  Code  Gb  syncr.o [1]
s_SdkEvalVersion        0x20000f0d    0x1  Data  Lc  SDK_EVAL_Config.o [1]
s_SpiCsPin              0x20000060    0x4  Data  Lc  SDK_EVAL_Spi_Driver.o [1]
s_SpiCsPinVersion       0x08004d44    0x8  Data  Lc  SDK_EVAL_Spi_Driver.o [1]
s_SpiCsPort             0x2000005c    0x4  Data  Lc  SDK_EVAL_Spi_Driver.o [1]
s_SpiCsPortVersion      0x2000001c    0x8  Data  Gb  SDK_EVAL_Spi_Driver.o [1]
s_SpiIrqClk             0x20000084    0x4  Data  Lc  SDK_EVAL_Spi_Driver.o [1]
s_SpiIrqClkVersion      0x08004d74    0x8  Data  Lc  SDK_EVAL_Spi_Driver.o [1]
s_SpiIrqExtiLine        0x20000090    0x4  Data  Lc  SDK_EVAL_Spi_Driver.o [1]
s_SpiIrqExtiLineVersion
                        0x08004d7c    0x8  Data  Lc  SDK_EVAL_Spi_Driver.o [1]
s_SpiIrqIrqn            0x20000005    0x1  Data  Lc  SDK_EVAL_Spi_Driver.o [1]
s_SpiIrqIrqnVersion     0x08004d8c    0x2  Data  Lc  SDK_EVAL_Spi_Driver.o [1]
s_SpiIrqPin             0x2000008c    0x4  Data  Lc  SDK_EVAL_Spi_Driver.o [1]
s_SpiIrqPinSource       0x20000004    0x1  Data  Lc  SDK_EVAL_Spi_Driver.o [1]
s_SpiIrqPinSourceVersion
                        0x08004d88    0x2  Data  Lc  SDK_EVAL_Spi_Driver.o [1]
s_SpiIrqPinVersion      0x08004d6c    0x8  Data  Lc  SDK_EVAL_Spi_Driver.o [1]
s_SpiIrqPort            0x20000088    0x4  Data  Lc  SDK_EVAL_Spi_Driver.o [1]
s_SpiIrqPortSource      0x20000003    0x1  Data  Lc  SDK_EVAL_Spi_Driver.o [1]
s_SpiIrqPortSourceVersion
                        0x08004d84    0x2  Data  Lc  SDK_EVAL_Spi_Driver.o [1]
s_SpiIrqPortVersion     0x20000050    0x8  Data  Gb  SDK_EVAL_Spi_Driver.o [1]
s_SpiMisoAF             0x20000001    0x1  Data  Lc  SDK_EVAL_Spi_Driver.o [1]
s_SpiMisoAFVersion      0x20000008    0x2  Data  Lc  SDK_EVAL_Spi_Driver.o [1]
s_SpiMisoPin            0x20000078    0x4  Data  Lc  SDK_EVAL_Spi_Driver.o [1]
s_SpiMisoPinSource      0x2000000e    0x2  Data  Lc  SDK_EVAL_Spi_Driver.o [1]
s_SpiMisoPinSourceVersion
                        0x20000040    0x4  Data  Lc  SDK_EVAL_Spi_Driver.o [1]
s_SpiMisoPinVersion     0x08004d5c    0x8  Data  Lc  SDK_EVAL_Spi_Driver.o [1]
s_SpiMisoPort           0x20000074    0x4  Data  Lc  SDK_EVAL_Spi_Driver.o [1]
s_SpiMisoPortVersion    0x20000038    0x8  Data  Gb  SDK_EVAL_Spi_Driver.o [1]
s_SpiMosiAF             0x20000000    0x1  Data  Lc  SDK_EVAL_Spi_Driver.o [1]
s_SpiMosiAFVersion      0x20000006    0x2  Data  Lc  SDK_EVAL_Spi_Driver.o [1]
s_SpiMosiPin            0x20000070    0x4  Data  Lc  SDK_EVAL_Spi_Driver.o [1]
s_SpiMosiPinSource      0x2000000c    0x2  Data  Lc  SDK_EVAL_Spi_Driver.o [1]
s_SpiMosiPinSourceVersion
                        0x20000034    0x4  Data  Lc  SDK_EVAL_Spi_Driver.o [1]
s_SpiMosiPinVersion     0x08004d54    0x8  Data  Lc  SDK_EVAL_Spi_Driver.o [1]
s_SpiMosiPort           0x2000006c    0x4  Data  Lc  SDK_EVAL_Spi_Driver.o [1]
s_SpiMosiPortVersion    0x2000002c    0x8  Data  Gb  SDK_EVAL_Spi_Driver.o [1]
s_SpiPort               0x20000058    0x4  Data  Lc  SDK_EVAL_Spi_Driver.o [1]
s_SpiPortVersion        0x20000014    0x8  Data  Lc  SDK_EVAL_Spi_Driver.o [1]
s_SpiRstPin             0x20000068    0x4  Data  Lc  SDK_EVAL_Spi_Driver.o [1]
s_SpiRstPinVersion      0x08004d4c    0x8  Data  Lc  SDK_EVAL_Spi_Driver.o [1]
s_SpiRstPort            0x20000064    0x4  Data  Lc  SDK_EVAL_Spi_Driver.o [1]
s_SpiRstPortVersion     0x20000024    0x8  Data  Gb  SDK_EVAL_Spi_Driver.o [1]
s_SpiSclkAF             0x20000002    0x1  Data  Lc  SDK_EVAL_Spi_Driver.o [1]
s_SpiSclkAFVersion      0x2000000a    0x2  Data  Lc  SDK_EVAL_Spi_Driver.o [1]
s_SpiSclkPin            0x20000080    0x4  Data  Lc  SDK_EVAL_Spi_Driver.o [1]
s_SpiSclkPinSource      0x20000010    0x2  Data  Lc  SDK_EVAL_Spi_Driver.o [1]
s_SpiSclkPinSourceVersion
                        0x2000004c    0x4  Data  Lc  SDK_EVAL_Spi_Driver.o [1]
s_SpiSclkPinVersion     0x08004d64    0x8  Data  Lc  SDK_EVAL_Spi_Driver.o [1]
s_SpiSclkPort           0x2000007c    0x4  Data  Lc  SDK_EVAL_Spi_Driver.o [1]
s_SpiSclkPortVersion    0x20000044    0x8  Data  Gb  SDK_EVAL_Spi_Driver.o [1]
send_times              0x08003575   0x84  Code  Gb  BLE_Chat_main.o [1]
slaveAddresses          0x200000dc    0xc  Data  Gb  slave_devices.o [1]
slaves                  0x200000c4   0x18  Data  Gb  slave_devices.o [1]
sprintf                 0x08005355   0x34  Code  Gb  sprintf.o [3]
startTimer              0x080041d1   0x36  Code  Gb  timer.o [1]
strchr                  0x080061ad         Code  Gb  strchr.o [4]
strlen                  0x080061c5         Code  Gb  strlen.o [4]
turnLED                 0x08004045   0x9e  Code  Gb  led.o [1]
user_timer_expired      0x20000f0c    0x1  Data  Gb  hw_config.o [1]
wInterrupt_Mask         0x20000eea    0x2  Data  Gb  usb_init.o [1]
wIstr                   0x20000f06    0x2  Data  Gb  usb_istr.o [1]


[1] = C:\Users\Rex\Desktop\Github\trunk\Projects V2\Project\BLE_Chat_Client\EWARM\Client\Obj
[2] = command line
[3] = dl7M_tln.a
[4] = rt7M_tl.a
[5] = shb_l.a

  17 164 bytes of readonly  code memory
     656 bytes of readonly  data memory
   6 929 bytes of readwrite data memory

Errors: none
Warnings: none
