###############################################################################
#
# IAR ELF Linker V7.30.4.8167/W32 for ARM                 18/Mar/2015  14:14:10
# Copyright 2007-2014 IAR Systems AB.
#
#    Output file  =  
#        C:\Users\Rex\Desktop\Github\STNRGBluetoothmultiplestuffsync\Projects
#        V2\Project\BLE_Chat_Client\EWARM\Client\Exe\BLE_Chat.out
#    Map file     =  
#        C:\Users\Rex\Desktop\Github\STNRGBluetoothmultiplestuffsync\Projects
#        V2\Project\BLE_Chat_Client\EWARM\Client\List\BLE_Chat.map
#    Command line =  
#        "C:\Users\Rex\Desktop\Github\STNRGBluetoothmultiplestuffsync\Projects
#        V2\Project\BLE_Chat_Client\EWARM\Client\Obj\BLE_Chat_main.o"
#        "C:\Users\Rex\Desktop\Github\STNRGBluetoothmultiplestuffsync\Projects
#        V2\Project\BLE_Chat_Client\EWARM\Client\Obj\bluenrg_gap_aci.o"
#        "C:\Users\Rex\Desktop\Github\STNRGBluetoothmultiplestuffsync\Projects
#        V2\Project\BLE_Chat_Client\EWARM\Client\Obj\bluenrg_gatt_aci.o"
#        "C:\Users\Rex\Desktop\Github\STNRGBluetoothmultiplestuffsync\Projects
#        V2\Project\BLE_Chat_Client\EWARM\Client\Obj\bluenrg_hal_aci.o"
#        "C:\Users\Rex\Desktop\Github\STNRGBluetoothmultiplestuffsync\Projects
#        V2\Project\BLE_Chat_Client\EWARM\Client\Obj\bluenrg_l2cap_aci.o"
#        "C:\Users\Rex\Desktop\Github\STNRGBluetoothmultiplestuffsync\Projects
#        V2\Project\BLE_Chat_Client\EWARM\Client\Obj\bluenrg_updater_aci.o"
#        "C:\Users\Rex\Desktop\Github\STNRGBluetoothmultiplestuffsync\Projects
#        V2\Project\BLE_Chat_Client\EWARM\Client\Obj\chat.o"
#        "C:\Users\Rex\Desktop\Github\STNRGBluetoothmultiplestuffsync\Projects
#        V2\Project\BLE_Chat_Client\EWARM\Client\Obj\clock.o"
#        "C:\Users\Rex\Desktop\Github\STNRGBluetoothmultiplestuffsync\Projects
#        V2\Project\BLE_Chat_Client\EWARM\Client\Obj\flags.o"
#        "C:\Users\Rex\Desktop\Github\STNRGBluetoothmultiplestuffsync\Projects
#        V2\Project\BLE_Chat_Client\EWARM\Client\Obj\gatt_db.o"
#        "C:\Users\Rex\Desktop\Github\STNRGBluetoothmultiplestuffsync\Projects
#        V2\Project\BLE_Chat_Client\EWARM\Client\Obj\gp_timer.o"
#        "C:\Users\Rex\Desktop\Github\STNRGBluetoothmultiplestuffsync\Projects
#        V2\Project\BLE_Chat_Client\EWARM\Client\Obj\hal.o"
#        "C:\Users\Rex\Desktop\Github\STNRGBluetoothmultiplestuffsync\Projects
#        V2\Project\BLE_Chat_Client\EWARM\Client\Obj\hci.o"
#        "C:\Users\Rex\Desktop\Github\STNRGBluetoothmultiplestuffsync\Projects
#        V2\Project\BLE_Chat_Client\EWARM\Client\Obj\hw_config.o"
#        "C:\Users\Rex\Desktop\Github\STNRGBluetoothmultiplestuffsync\Projects
#        V2\Project\BLE_Chat_Client\EWARM\Client\Obj\led.o"
#        "C:\Users\Rex\Desktop\Github\STNRGBluetoothmultiplestuffsync\Projects
#        V2\Project\BLE_Chat_Client\EWARM\Client\Obj\list.o"
#        "C:\Users\Rex\Desktop\Github\STNRGBluetoothmultiplestuffsync\Projects
#        V2\Project\BLE_Chat_Client\EWARM\Client\Obj\misc.o"
#        "C:\Users\Rex\Desktop\Github\STNRGBluetoothmultiplestuffsync\Projects
#        V2\Project\BLE_Chat_Client\EWARM\Client\Obj\osal.o"
#        "C:\Users\Rex\Desktop\Github\STNRGBluetoothmultiplestuffsync\Projects
#        V2\Project\BLE_Chat_Client\EWARM\Client\Obj\otgd_fs_cal.o"
#        "C:\Users\Rex\Desktop\Github\STNRGBluetoothmultiplestuffsync\Projects
#        V2\Project\BLE_Chat_Client\EWARM\Client\Obj\otgd_fs_dev.o"
#        "C:\Users\Rex\Desktop\Github\STNRGBluetoothmultiplestuffsync\Projects
#        V2\Project\BLE_Chat_Client\EWARM\Client\Obj\otgd_fs_int.o"
#        "C:\Users\Rex\Desktop\Github\STNRGBluetoothmultiplestuffsync\Projects
#        V2\Project\BLE_Chat_Client\EWARM\Client\Obj\otgd_fs_pcd.o"
#        "C:\Users\Rex\Desktop\Github\STNRGBluetoothmultiplestuffsync\Projects
#        V2\Project\BLE_Chat_Client\EWARM\Client\Obj\push_button.o"
#        "C:\Users\Rex\Desktop\Github\STNRGBluetoothmultiplestuffsync\Projects
#        V2\Project\BLE_Chat_Client\EWARM\Client\Obj\SDK_EVAL_Config.o"
#        "C:\Users\Rex\Desktop\Github\STNRGBluetoothmultiplestuffsync\Projects
#        V2\Project\BLE_Chat_Client\EWARM\Client\Obj\SDK_EVAL_Io.o"
#        "C:\Users\Rex\Desktop\Github\STNRGBluetoothmultiplestuffsync\Projects
#        V2\Project\BLE_Chat_Client\EWARM\Client\Obj\SDK_EVAL_Spi_Driver.o"
#        "C:\Users\Rex\Desktop\Github\STNRGBluetoothmultiplestuffsync\Projects
#        V2\Project\BLE_Chat_Client\EWARM\Client\Obj\slave_devices.o"
#        "C:\Users\Rex\Desktop\Github\STNRGBluetoothmultiplestuffsync\Projects
#        V2\Project\BLE_Chat_Client\EWARM\Client\Obj\startup_stm32l1xx_md.o"
#        "C:\Users\Rex\Desktop\Github\STNRGBluetoothmultiplestuffsync\Projects
#        V2\Project\BLE_Chat_Client\EWARM\Client\Obj\stm32l1xx_exti.o"
#        "C:\Users\Rex\Desktop\Github\STNRGBluetoothmultiplestuffsync\Projects
#        V2\Project\BLE_Chat_Client\EWARM\Client\Obj\stm32l1xx_flash.o"
#        "C:\Users\Rex\Desktop\Github\STNRGBluetoothmultiplestuffsync\Projects
#        V2\Project\BLE_Chat_Client\EWARM\Client\Obj\stm32l1xx_flash_ramfunc.o"
#        "C:\Users\Rex\Desktop\Github\STNRGBluetoothmultiplestuffsync\Projects
#        V2\Project\BLE_Chat_Client\EWARM\Client\Obj\stm32l1xx_gpio.o"
#        "C:\Users\Rex\Desktop\Github\STNRGBluetoothmultiplestuffsync\Projects
#        V2\Project\BLE_Chat_Client\EWARM\Client\Obj\stm32l1xx_i2c.o"
#        "C:\Users\Rex\Desktop\Github\STNRGBluetoothmultiplestuffsync\Projects
#        V2\Project\BLE_Chat_Client\EWARM\Client\Obj\stm32l1xx_it.o"
#        "C:\Users\Rex\Desktop\Github\STNRGBluetoothmultiplestuffsync\Projects
#        V2\Project\BLE_Chat_Client\EWARM\Client\Obj\stm32l1xx_pwr.o"
#        "C:\Users\Rex\Desktop\Github\STNRGBluetoothmultiplestuffsync\Projects
#        V2\Project\BLE_Chat_Client\EWARM\Client\Obj\stm32l1xx_rcc.o"
#        "C:\Users\Rex\Desktop\Github\STNRGBluetoothmultiplestuffsync\Projects
#        V2\Project\BLE_Chat_Client\EWARM\Client\Obj\stm32l1xx_rtc.o"
#        "C:\Users\Rex\Desktop\Github\STNRGBluetoothmultiplestuffsync\Projects
#        V2\Project\BLE_Chat_Client\EWARM\Client\Obj\stm32l1xx_spi.o"
#        "C:\Users\Rex\Desktop\Github\STNRGBluetoothmultiplestuffsync\Projects
#        V2\Project\BLE_Chat_Client\EWARM\Client\Obj\stm32l1xx_syscfg.o"
#        "C:\Users\Rex\Desktop\Github\STNRGBluetoothmultiplestuffsync\Projects
#        V2\Project\BLE_Chat_Client\EWARM\Client\Obj\stm32l1xx_systick.o"
#        "C:\Users\Rex\Desktop\Github\STNRGBluetoothmultiplestuffsync\Projects
#        V2\Project\BLE_Chat_Client\EWARM\Client\Obj\stm32l1xx_tim.o"
#        "C:\Users\Rex\Desktop\Github\STNRGBluetoothmultiplestuffsync\Projects
#        V2\Project\BLE_Chat_Client\EWARM\Client\Obj\stm32l1xx_usart.o"
#        "C:\Users\Rex\Desktop\Github\STNRGBluetoothmultiplestuffsync\Projects
#        V2\Project\BLE_Chat_Client\EWARM\Client\Obj\syncr.o"
#        "C:\Users\Rex\Desktop\Github\STNRGBluetoothmultiplestuffsync\Projects
#        V2\Project\BLE_Chat_Client\EWARM\Client\Obj\system_stm32l1xx.o"
#        "C:\Users\Rex\Desktop\Github\STNRGBluetoothmultiplestuffsync\Projects
#        V2\Project\BLE_Chat_Client\EWARM\Client\Obj\timer.o"
#        "C:\Users\Rex\Desktop\Github\STNRGBluetoothmultiplestuffsync\Projects
#        V2\Project\BLE_Chat_Client\EWARM\Client\Obj\usb_core.o"
#        "C:\Users\Rex\Desktop\Github\STNRGBluetoothmultiplestuffsync\Projects
#        V2\Project\BLE_Chat_Client\EWARM\Client\Obj\usb_desc.o"
#        "C:\Users\Rex\Desktop\Github\STNRGBluetoothmultiplestuffsync\Projects
#        V2\Project\BLE_Chat_Client\EWARM\Client\Obj\usb_endp.o"
#        "C:\Users\Rex\Desktop\Github\STNRGBluetoothmultiplestuffsync\Projects
#        V2\Project\BLE_Chat_Client\EWARM\Client\Obj\usb_init.o"
#        "C:\Users\Rex\Desktop\Github\STNRGBluetoothmultiplestuffsync\Projects
#        V2\Project\BLE_Chat_Client\EWARM\Client\Obj\usb_int.o"
#        "C:\Users\Rex\Desktop\Github\STNRGBluetoothmultiplestuffsync\Projects
#        V2\Project\BLE_Chat_Client\EWARM\Client\Obj\usb_istr.o"
#        "C:\Users\Rex\Desktop\Github\STNRGBluetoothmultiplestuffsync\Projects
#        V2\Project\BLE_Chat_Client\EWARM\Client\Obj\usb_mem.o"
#        "C:\Users\Rex\Desktop\Github\STNRGBluetoothmultiplestuffsync\Projects
#        V2\Project\BLE_Chat_Client\EWARM\Client\Obj\usb_prop.o"
#        "C:\Users\Rex\Desktop\Github\STNRGBluetoothmultiplestuffsync\Projects
#        V2\Project\BLE_Chat_Client\EWARM\Client\Obj\usb_pwr.o"
#        "C:\Users\Rex\Desktop\Github\STNRGBluetoothmultiplestuffsync\Projects
#        V2\Project\BLE_Chat_Client\EWARM\Client\Obj\usb_regs.o"
#        "C:\Users\Rex\Desktop\Github\STNRGBluetoothmultiplestuffsync\Projects
#        V2\Project\BLE_Chat_Client\EWARM\Client\Obj\usb_sil.o" -o
#        "C:\Users\Rex\Desktop\Github\STNRGBluetoothmultiplestuffsync\Projects
#        V2\Project\BLE_Chat_Client\EWARM\Client\Exe\BLE_Chat.out" --map
#        "C:\Users\Rex\Desktop\Github\STNRGBluetoothmultiplestuffsync\Projects
#        V2\Project\BLE_Chat_Client\EWARM\Client\List\BLE_Chat.map" --config
#        "C:\Users\Rex\Desktop\Github\STNRGBluetoothmultiplestuffsync\Projects
#        V2\Project\BLE_Chat_Client\EWARM\stm32l1xx_flash.icf" --semihosting
#        --entry __iar_program_start --redirect
#        __iar_sh_stdout=__iar_sh_stdout_swo --vfe
#
###############################################################################

*******************************************************************************
*** MESSAGES
***

Error[Li005]: no definition for "syncReq" [referenced from
          C:\Users\Rex\Desktop\Github\STNRGBluetoothmultiplestuffsync\Projects
          V2\Project\BLE_Chat_Client\EWARM\Client\Obj\BLE_Chat_main.o]


*******************************************************************************
*** RUNTIME MODEL ATTRIBUTES
***

CppFlavor       = *
__SystemLibrary = DLib


*******************************************************************************
*** PLACEMENT SUMMARY
***

"A1":  place at 0x08003000 { ro section .intvec };
"P1":  place in [from 0x08003000 to 0x0801ffff] { ro };
"P2":  place in [from 0x20000000 to 0x20003fff] { rw, block CSTACK, block HEAP };

  Section             Kind        Address    Size  Object
  -------             ----        -------    ----  ------
"A1":                                        0xf4
  .intvec             ro code  0x08003000    0xf4  startup_stm32l1xx_md.o [1]
                             - 0x080030f4    0xf4

"P1":                                      0x4534
  .text               ro code  0x080030f4   0xa88  BLE_Chat_main.o [1]
  .text               ro code  0x08003b7c    0x90  misc.o [1]
  .text               ro code  0x08003c0c    0xc8  SDK_EVAL_Config.o [1]
  .text               ro code  0x08003cd4   0x2c4  hw_config.o [1]
  .text               ro code  0x08003f98    0x20  stm32l1xx_pwr.o [1]
  .text               ro code  0x08003fb8   0x13c  led.o [1]
  .text               ro code  0x080040f4    0x54  push_button.o [1]
  .text               ro code  0x08004148   0x1a8  timer.o [1]
  .text               ro code  0x080042f0    0x2c  slave_devices.o [1]
  .text               ro code  0x0800431c    0x1c  stm32l1xx_flash.o [1]
  .text               ro code  0x08004338    0x90  clock.o [1]
  .text               ro code  0x080043c8    0x24  SDK_EVAL_Io.o [1]
  .text               ro code  0x080043ec    0x24  printf.o [3]
  .text               ro code  0x08004410   0x334  hci.o [1]
  .text               ro code  0x08004744   0x656  SDK_EVAL_Spi_Driver.o [1]
  .text               ro code  0x08004d9a    0xaa  bluenrg_hal_aci.o [1]
  .text               ro code  0x08004e44   0x19a  bluenrg_gatt_aci.o [1]
  .text               ro code  0x08004fde   0x168  bluenrg_gap_aci.o [1]
  .text               ro code  0x08005146    0x2e  copy_init3.o [4]
  .text               ro code  0x08005174   0x168  chat.o [1]
  .text               ro code  0x080052dc    0x74  syncr.o [1]
  .text               ro code  0x08005350    0x34  sprintf.o [3]
  .text               ro code  0x08005384    0x20  flags.o [1]
  .text               ro code  0x080053a4    0x26  gp_timer.o [1]
  .text               ro code  0x080053ca    0x22  zero_init3.o [4]
  .text               ro code  0x080053ec    0x70  gatt_db.o [1]
  .text               ro code  0x0800545c    0x44  stm32l1xx_rcc.o [1]
  .text               ro code  0x080054a0    0xa8  stm32l1xx_gpio.o [1]
  .text               ro code  0x08005548    0x40  stm32l1xx_syscfg.o [1]
  .text               ro code  0x08005588    0xa4  stm32l1xx_tim.o [1]
  .text               ro code  0x0800562c    0xd6  usb_mem.o [1]
  .text               ro code  0x08005702     0xa  xsprout.o [3]
  .text               ro code  0x0800570c   0x206  usb_regs.o [1]
  .text               ro code  0x08005914    0x90  stm32l1xx_exti.o [1]
  .text               ro code  0x080059a4    0x76  ABImemcpy_unaligned.o [4]
  .text               ro code  0x08005a1c    0x5c  stm32l1xx_systick.o [1]
  .text               ro code  0x08005a78    0x20  usb_init.o [1]
  .text               ro code  0x08005a98   0x4d8  xprintfsmall_nomb.o [3]
  .text               ro code  0x08005f70    0x4e  list.o [1]
  .text               ro code  0x08005fbe    0x20  osal.o [1]
  .text               ro code  0x08005fe0    0x3c  hal.o [1]
  .text               ro code  0x0800601c    0x62  stm32l1xx_spi.o [1]
  .text               ro code  0x08006080   0x19c  xstoul.o [3]
  .text               ro code  0x0800621c     0x6  ABImemclr4.o [4]
  .text               ro code  0x08006224    0x16  strchr.o [4]
  .text               ro code  0x0800623c    0x36  strlen.o [4]
  .text               ro code  0x08006274    0x58  memchr.o [4]
  .text               ro code  0x080062cc    0x66  ABImemset.o [4]
  .text               ro code  0x08006334     0xc  errno.o [3]
  .text               ro code  0x08006340    0x32  ABImemset48.o [4]
  .text               ro code  0x08006372     0x2  xtls.o [3]
  .text               ro code  0x08006374   0x8ce  usb_core.o [1]
  .text               ro code  0x08006c44   0x218  usb_prop.o [1]
  .text               ro code  0x08006e5c    0x30  usb_pwr.o [1]
  .text               ro code  0x08006e8c    0x40  usb_sil.o [1]
  .text               ro code  0x08006ecc   0x148  usb_int.o [1]
  .text               ro code  0x08007014   0x110  system_stm32l1xx.o [1]
  .rodata             const    0x08007124    0xb8  usb_desc.o [1]
  .text               ro code  0x080071dc    0xb4  usb_endp.o [1]
  .text               ro code  0x08007290    0x60  usb_istr.o [1]
  .text               ro code  0x080072f0    0x28  data_init.o [4]
  .iar.init_table     const    0x08007318    0x24  - Linker created -
  .text               ro code  0x0800733c    0x1a  cmain.o [4]
  .text               ro code  0x08007356     0x4  low_level_init.o [3]
  .text               ro code  0x0800735a     0x4  exit.o [3]
  .text               ro code  0x08007360     0xa  cexit.o [4]
  .text               ro code  0x0800736c    0x14  exit.o [5]
  .text               ro code  0x08007380    0x18  stm32l1xx_it.o [1]
  .text               ro code  0x08007398    0x16  xprout.o [3]
  .text               ro code  0x080073b0    0x10  startup_stm32l1xx_md.o [1]
  .text               ro code  0x080073c0     0xc  cstartup_M.o [4]
  .rodata             const    0x080073cc     0x4  clock.o [1]
  .text               ro code  0x080073d0     0x4  startup_stm32l1xx_md.o [1]
  .text               ro code  0x080073d4     0x4  startup_stm32l1xx_md.o [1]
  .text               ro code  0x080073d8     0x4  startup_stm32l1xx_md.o [1]
  .text               ro code  0x080073dc     0x4  startup_stm32l1xx_md.o [1]
  .text               ro code  0x080073e0     0x4  startup_stm32l1xx_md.o [1]
  .text               ro code  0x080073e4     0x4  startup_stm32l1xx_md.o [1]
  .text               ro code  0x080073e8     0x4  startup_stm32l1xx_md.o [1]
  .text               ro code  0x080073ec     0x4  startup_stm32l1xx_md.o [1]
  .text               ro code  0x080073f0     0x4  startup_stm32l1xx_md.o [1]
  .text               ro code  0x080073f4     0x4  startup_stm32l1xx_md.o [1]
  .text               ro code  0x080073f8     0x4  startup_stm32l1xx_md.o [1]
  .text               ro code  0x080073fc     0x4  startup_stm32l1xx_md.o [1]
  .text               ro code  0x08007400     0x4  startup_stm32l1xx_md.o [1]
  .text               ro code  0x08007404     0x4  startup_stm32l1xx_md.o [1]
  .text               ro code  0x08007408     0x4  startup_stm32l1xx_md.o [1]
  .text               ro code  0x0800740c     0x4  startup_stm32l1xx_md.o [1]
  .text               ro code  0x08007410     0x4  startup_stm32l1xx_md.o [1]
  .text               ro code  0x08007414     0x4  startup_stm32l1xx_md.o [1]
  .text               ro code  0x08007418     0x4  startup_stm32l1xx_md.o [1]
  .text               ro code  0x0800741c     0x4  startup_stm32l1xx_md.o [1]
  .text               ro code  0x08007420     0x4  startup_stm32l1xx_md.o [1]
  .text               ro code  0x08007424     0x4  startup_stm32l1xx_md.o [1]
  .text               ro code  0x08007428     0x4  startup_stm32l1xx_md.o [1]
  .text               ro code  0x0800742c     0x4  startup_stm32l1xx_md.o [1]
  .text               ro code  0x08007430     0x4  startup_stm32l1xx_md.o [1]
  .text               ro code  0x08007434     0x4  startup_stm32l1xx_md.o [1]
  .text               ro code  0x08007438     0x4  startup_stm32l1xx_md.o [1]
  .text               ro code  0x0800743c     0x4  startup_stm32l1xx_md.o [1]
  .text               ro code  0x08007440     0x4  startup_stm32l1xx_md.o [1]
  .text               ro code  0x08007444     0x4  startup_stm32l1xx_md.o [1]
  .text               ro code  0x08007448     0x4  startup_stm32l1xx_md.o [1]
  .text               ro code  0x0800744c     0x4  startup_stm32l1xx_md.o [1]
  .text               ro code  0x08007450     0x4  startup_stm32l1xx_md.o [1]
  .text               ro code  0x08007454     0x4  startup_stm32l1xx_md.o [1]
  .text               ro code  0x08007458     0x4  startup_stm32l1xx_md.o [1]
  .text               ro code  0x0800745c     0x4  startup_stm32l1xx_md.o [1]
  .text               ro code  0x08007460     0x4  startup_stm32l1xx_md.o [1]
  .rodata             const    0x08007464     0x0  zero_init3.o [4]
  .rodata             const    0x08007464     0x0  copy_init3.o [4]
  Initializer bytes   const    0x08007464   0x1c4  <for P2 s0> (used: 0x0)
                             - 0x08007628  0x4534

"P2":                                      0x1b28
  P2 s0                        0x20000000   0x1c4  <Init block>
    .data             inited   0x20000000    0x94  SDK_EVAL_Spi_Driver.o [1]
    .data             inited   0x20000094    0x30  usb_prop.o [1]
    .data             inited   0x200000c4    0x24  slave_devices.o [1]
    .data             inited   0x200000e8    0x24  usb_prop.o [1]
    .data             inited   0x2000010c    0x20  usb_prop.o [1]
    .data             inited   0x2000012c    0x1c  usb_desc.o [1]
    .data             inited   0x20000148    0x1c  usb_istr.o [1]
    .data             inited   0x20000164    0x1c  usb_istr.o [1]
    .data             inited   0x20000180    0x14  clock.o [1]
    .data             inited   0x20000194    0x10  BLE_Chat_main.o [1]
    .data             inited   0x200001a4     0x8  usb_prop.o [1]
    .data             inited   0x200001ac     0x8  usb_prop.o [1]
    .data             inited   0x200001b4     0x8  usb_prop.o [1]
    .data             inited   0x200001bc     0x4  usb_prop.o [1]
    __DLIB_PERTHREAD  inited   0x200001c0     0x4  errno.o [3]
  .bss                zero     0x200001c4   0x7e0  hw_config.o [1]
  .bss                zero     0x200009a4   0x2c8  hci.o [1]
  .bss                zero     0x20000c6c   0x204  chat.o [1]
  .bss                zero     0x20000e70    0x40  usb_endp.o [1]
  .bss                zero     0x20000eb0    0x28  usb_init.o [1]
  .bss                zero     0x20000ed8    0x14  flags.o [1]
  .bss                zero     0x20000eec     0xc  BLE_Chat_main.o [1]
  .bss                zero     0x20000ef8     0x6  gatt_db.o [1]
  .bss                zero     0x20000efe     0x2  usb_init.o [1]
  .bss                zero     0x20000f00     0x4  push_button.o [1]
  .bss                zero     0x20000f04     0x4  SDK_EVAL_Io.o [1]
  .bss                zero     0x20000f08     0x4  usb_core.o [1]
  .bss                zero     0x20000f0c     0x4  usb_endp.o [1]
  .bss                zero     0x20000f10     0x4  usb_int.o [1]
  .bss                zero     0x20000f14     0x4  usb_istr.o [1]
  .bss                zero     0x20000f18     0x4  usb_pwr.o [1]
  .bss                zero     0x20000f1c     0x1  hw_config.o [1]
  .bss                zero     0x20000f1d     0x1  SDK_EVAL_Config.o [1]
  .bss                zero     0x20000f1e     0x1  usb_core.o [1]
  .bss                zero     0x20000f1f     0x1  usb_init.o [1]
  .bss                zero     0x20000f20     0x1  usb_prop.o [1]
  CSTACK                       0x20000f28   0xc00  <Block>
    CSTACK            uninit   0x20000f28   0xc00  <Block tail>
                             - 0x20001b28  0x1b28


*******************************************************************************
*** INIT TABLE
***

          Address     Size
          -------     ----
Zero (__iar_zero_init3)
    1 destination range, total size 0xd5d:
          0x200001c4  0xd5d

Copy (__iar_copy_init3)
    1 source range, total size 0x1c4:
          0x08007464  0x1c4
    1 destination range, total size 0x1c4:
          0x20000000  0x1c4



*******************************************************************************
*** MODULE SUMMARY
***

    Module                  ro code  ro data  rw data
    ------                  -------  -------  -------
C:\Users\Rex\Desktop\Github\STNRGBluetoothmultiplestuffsync\Projects V2\Project\BLE_Chat_Client\EWARM\Client\Obj: [1]
    BLE_Chat_main.o           2 696       16       28
    SDK_EVAL_Config.o           200                 1
    SDK_EVAL_Io.o                36                 4
    SDK_EVAL_Spi_Driver.o     1 622      148      148
    bluenrg_gap_aci.o           360
    bluenrg_gatt_aci.o          410
    bluenrg_hal_aci.o           170
    chat.o                      360               516
    clock.o                     144       24       20
    flags.o                      32                20
    gatt_db.o                   112                 6
    gp_timer.o                   38
    hal.o                        60
    hci.o                       820               712
    hw_config.o                 708             2 017
    led.o                       316
    list.o                       78
    misc.o                      144
    osal.o                       32
    push_button.o                84                 4
    slave_devices.o              44       36       36
    startup_stm32l1xx_md.o      408
    stm32l1xx_exti.o            144
    stm32l1xx_flash.o            28
    stm32l1xx_gpio.o            168
    stm32l1xx_it.o               24
    stm32l1xx_pwr.o              32
    stm32l1xx_rcc.o              68
    stm32l1xx_spi.o              98
    stm32l1xx_syscfg.o           64
    stm32l1xx_systick.o          92
    stm32l1xx_tim.o             164
    syncr.o                     116
    system_stm32l1xx.o          272
    timer.o                     424
    usb_core.o                2 254                 5
    usb_desc.o                           212       28
    usb_endp.o                  180                68
    usb_init.o                   32                43
    usb_int.o                   328                 4
    usb_istr.o                   96       56       60
    usb_mem.o                   214
    usb_prop.o                  536      144      145
    usb_pwr.o                    48                 4
    usb_regs.o                  518
    usb_sil.o                    64
    -------------------------------------------------
    Total:                   14 838      636    3 869

command line: [2]
    -------------------------------------------------
    Total:

dl7M_tln.a: [3]
    errno.o                      12        4        4
    exit.o                        4
    low_level_init.o              4
    printf.o                     36
    sprintf.o                    52
    xprintfsmall_nomb.o       1 240
    xprout.o                     22
    xsprout.o                    10
    xstoul.o                    412
    xtls.o                        2
    -------------------------------------------------
    Total:                    1 794        4        4

rt7M_tl.a: [4]
    ABImemclr4.o                  6
    ABImemcpy_unaligned.o       118
    ABImemset.o                 102
    ABImemset48.o                50
    cexit.o                      10
    cmain.o                      26
    copy_init3.o                 46
    cstartup_M.o                 12
    data_init.o                  40
    memchr.o                     88
    strchr.o                     22
    strlen.o                     54
    zero_init3.o                 34
    -------------------------------------------------
    Total:                      608

shb_l.a: [5]
    exit.o                       20
    -------------------------------------------------
    Total:                       20

    Gaps                         24
    Linker created                        36    3 072
-----------------------------------------------------
    Grand Total:             17 284      676    6 945


*******************************************************************************
*** ENTRY LIST
***

Entry                      Address   Size  Type      Object
-----                      -------   ----  ----      ------
.iar.init_table$$Base   0x08007318          --   Gb  - Linker created -
.iar.init_table$$Limit  0x0800733c          --   Gb  - Linker created -
?main                   0x0800733d         Code  Gb  cmain.o [4]
Attribute_Modified_CB   0x080053ed   0x4e  Code  Gb  gatt_db.o [1]
BlueNRG_DataPresent     0x08004a7d   0x20  Code  Gb  SDK_EVAL_Spi_Driver.o [1]
BlueNRG_RST             0x08004a4f   0x2e  Code  Gb  SDK_EVAL_Spi_Driver.o [1]
BlueNRG_SPI_Read_All    0x08004ae1   0xc6  Code  Gb  SDK_EVAL_Spi_Driver.o [1]
BlueNRG_SPI_Write       0x08004ba7  0x182  Code  Gb  SDK_EVAL_Spi_Driver.o [1]
BusFault_Handler        0x08007387    0x2  Code  Gb  stm32l1xx_it.o [1]
ByteSwap                0x08005909    0xa  Code  Gb  usb_regs.o [1]
CLOCK_SECOND            0x080073cc    0x4  Data  Gb  clock.o [1]
CSTACK$$Base            0x20000f28          --   Gb  - Linker created -
CSTACK$$Limit           0x20001b28          --   Gb  - Linker created -
CTR_LP                  0x08006ecd  0x130  Code  Gb  usb_int.o [1]
ClearDTOG_RX            0x080057ef   0x24  Code  Gb  usb_regs.o [1]
ClearDTOG_TX            0x08005813   0x24  Code  Gb  usb_regs.o [1]
Clear_SPI_EXTI_Flag     0x08004ad5    0xc  Code  Gb  SDK_EVAL_Spi_Driver.o [1]
Clear_Status_Out        0x080057d3   0x1c  Code  Gb  usb_regs.o [1]
Clock_Init              0x08004383   0x26  Code  Gb  clock.o [1]
Clock_Time              0x080043a9    0x6  Code  Gb  clock.o [1]
Clock_Wait              0x080043af    0xe  Code  Gb  clock.o [1]
Config_Descriptor       0x200001b4    0x8  Data  Gb  usb_prop.o [1]
DataStageIn             0x080065ff   0xb4  Code  Lc  usb_core.o [1]
Data_Mul_MaxPacketSize  0x20000f1e    0x1  Data  Gb  usb_core.o [1]
Data_Setup0             0x080067b7  0x1ba  Code  Lc  usb_core.o [1]
DebugMon_Handler        0x0800738d    0x2  Code  Gb  stm32l1xx_it.o [1]
Device_Descriptor       0x200001ac    0x8  Data  Gb  usb_prop.o [1]
Device_Info             0x20000eb0   0x1c  Data  Gb  usb_init.o [1]
Device_Property         0x20000094   0x30  Data  Gb  usb_prop.o [1]
Device_Table            0x200001bc    0x4  Data  Gb  usb_prop.o [1]
Disable_SPI_IRQ         0x08004a9d   0x1c  Code  Gb  SDK_EVAL_Spi_Driver.o [1]
EP1_IN_Callback         0x080071dd   0x5c  Code  Gb  usb_endp.o [1]
EP3_OUT_Callback        0x08007239   0x1e  Code  Gb  usb_endp.o [1]
EPindex                 0x20000f1f    0x1  Data  Gb  usb_init.o [1]
EXTI15_10_IRQHandler    0x08007395    0x4  Code  Gb  stm32l1xx_it.o [1]
EXTI9_5_IRQHandler      0x0800411b   0x24  Code  Gb  push_button.o [1]
EXTI_ClearFlag          0x0800597d    0x6  Code  Gb  stm32l1xx_exti.o [1]
EXTI_ClearITPendingBit  0x08005993    0x6  Code  Gb  stm32l1xx_exti.o [1]
EXTI_GetITStatus        0x08005983   0x10  Code  Gb  stm32l1xx_exti.o [1]
EXTI_Init               0x08005915   0x68  Code  Gb  stm32l1xx_exti.o [1]
Enable_SPI_IRQ          0x08004ab9   0x1c  Code  Gb  SDK_EVAL_Spi_Driver.o [1]
FLASH_SLEEPPowerDownCmd
                        0x0800431d   0x16  Code  Gb  stm32l1xx_flash.o [1]
GAP_ConnectionComplete_CB
                        0x080032ff   0x8c  Code  Gb  BLE_Chat_main.o [1]
GAP_DisconnectionComplete_CB
                        0x0800338b   0x56  Code  Gb  BLE_Chat_main.o [1]
GATT_Notification_CB    0x080033e5  0x192  Code  Gb  BLE_Chat_main.o [1]
GPIO_Init               0x080054a1   0x60  Code  Gb  stm32l1xx_gpio.o [1]
GPIO_PinAFConfig        0x08005521   0x28  Code  Gb  stm32l1xx_gpio.o [1]
GPIO_ReadInputDataBit   0x08005501    0xe  Code  Gb  stm32l1xx_gpio.o [1]
GPIO_ToggleBits         0x08005519    0x8  Code  Gb  stm32l1xx_gpio.o [1]
GPIO_WriteBit           0x0800550f    0xa  Code  Gb  stm32l1xx_gpio.o [1]
GetEPRxAddr             0x0800587b   0x14  Code  Gb  usb_regs.o [1]
GetEPRxCount            0x080058db   0x16  Code  Gb  usb_regs.o [1]
GetEPTxAddr             0x08005867   0x14  Code  Gb  usb_regs.o [1]
Get_SerialNum           0x08003e67   0x86  Code  Gb  hw_config.o [1]
HCI_Event_CB            0x080037a5  0x19a  Code  Gb  BLE_Chat_main.o [1]
HCI_Init                0x08004411   0x56  Code  Gb  hci.o [1]
HCI_Input               0x08004467   0xba  Code  Gb  hci.o [1]
HCI_Isr                 0x08004595   0x5e  Code  Gb  hci.o [1]
HCI_Process             0x08004521   0x74  Code  Gb  hci.o [1]
Hal_Write_Serial        0x08005fe1   0x3c  Code  Gb  hal.o [1]
Handle_USBAsynchXfer    0x08003dbb   0x92  Code  Gb  hw_config.o [1]
HardFault_Handler       0x08007383    0x2  Code  Gb  stm32l1xx_it.o [1]
IO_Receive_Data         0x20000f04    0x4  Data  Lc  SDK_EVAL_Io.o [1]
In0_Process             0x08006a05   0x78  Code  Gb  usb_core.o [1]
Init_GPIOs              0x08003cff   0x66  Code  Gb  hw_config.o [1]
LoadInt                 0x08005e21   0x4c  Code  Lc  xprintfsmall_nomb.o [3]
Make_Connection         0x08003299   0x66  Code  Gb  BLE_Chat_main.o [1]
MemManage_Handler       0x08007385    0x2  Code  Gb  stm32l1xx_it.o [1]
NMI_Handler             0x08007381    0x2  Code  Gb  stm32l1xx_it.o [1]
NOP_Process             0x08006c41    0x2  Code  Gb  usb_core.o [1]
NVIC_Init               0x08003b87   0x5e  Code  Gb  misc.o [1]
NVIC_PriorityGroupConfig
                        0x08003b7d    0xa  Code  Gb  misc.o [1]
NVIC_SetVectorTable     0x08003be5    0xc  Code  Gb  misc.o [1]
NoData_Setup0           0x080066b3  0x104  Code  Lc  usb_core.o [1]
Osal_MemCpy             0x08005fbf    0xc  Code  Gb  osal.o [1]
Osal_MemSet             0x08005fcb   0x14  Code  Gb  osal.o [1]
Out0_Process            0x08006a7d   0xe8  Code  Gb  usb_core.o [1]
PMAToUserBufferCopy     0x080056b5   0x4e  Code  Gb  usb_mem.o [1]
PWR_FastWakeUpCmd       0x08003f9f    0x6  Code  Gb  stm32l1xx_pwr.o [1]
PWR_PVDCmd              0x08003f99    0x6  Code  Gb  stm32l1xx_pwr.o [1]
PWR_UltraLowPowerCmd    0x08003fa5    0x6  Code  Gb  stm32l1xx_pwr.o [1]
PendSV_Handler          0x0800738f    0x2  Code  Gb  stm32l1xx_it.o [1]
PowerOn                 0x08006e5d   0x26  Code  Gb  usb_pwr.o [1]
RCC_AHBPeriphClockCmd   0x0800545d   0x12  Code  Gb  stm32l1xx_rcc.o [1]
RCC_APB1PeriphClockCmd  0x08005481   0x12  Code  Gb  stm32l1xx_rcc.o [1]
RCC_APB2PeriphClockCmd  0x0800546f   0x12  Code  Gb  stm32l1xx_rcc.o [1]
RCC_Configuration       0x08003cd5   0x2a  Code  Gb  hw_config.o [1]
RXCharHandle            0x20000efc    0x2  Data  Gb  gatt_db.o [1]
Region$$Table$$Base     0x08007318          --   Gb  - Linker created -
Region$$Table$$Limit    0x0800733c          --   Gb  - Linker created -
Request                 0x20000f20    0x1  Data  Gb  usb_prop.o [1]
SOF_Callback            0x08007257   0x1e  Code  Gb  usb_endp.o [1]
SPI_Cmd                 0x08006055   0x14  Code  Gb  stm32l1xx_spi.o [1]
SPI_Configure_Platform  0x08004745  0x16e  Code  Lc  SDK_EVAL_Spi_Driver.o [1]
SPI_I2S_GetFlagStatus   0x08006071    0xe  Code  Gb  stm32l1xx_spi.o [1]
SPI_I2S_ReceiveData     0x08006069    0x4  Code  Gb  stm32l1xx_spi.o [1]
SPI_I2S_SendData        0x0800606d    0x4  Code  Gb  stm32l1xx_spi.o [1]
SPI_Init                0x0800601d   0x38  Code  Gb  stm32l1xx_spi.o [1]
SVC_Handler             0x0800738b    0x2  Code  Gb  stm32l1xx_it.o [1]
SYSCFG_EXTILineConfig   0x0800555d   0x24  Code  Gb  stm32l1xx_syscfg.o [1]
SYSCFG_USBPuCmd         0x08005549   0x14  Code  Gb  stm32l1xx_syscfg.o [1]
SaveRState              0x20000f10    0x2  Data  Gb  usb_int.o [1]
SaveTState              0x20000f12    0x2  Data  Gb  usb_int.o [1]
SdkEvalGetVersion       0x08003cc7    0x6  Code  Gb  SDK_EVAL_Config.o [1]
SdkEvalIdentification   0x08003c0d   0xba  Code  Gb  SDK_EVAL_Config.o [1]
SdkEvalSPI_Irq_Pin      0x080048b3   0x12  Code  Gb  SDK_EVAL_Spi_Driver.o [1]
SdkEvalSpiInit          0x080048c5  0x18a  Code  Gb  SDK_EVAL_Spi_Driver.o [1]
SdkEval_IO_Config       0x080043c9   0x16  Code  Gb  SDK_EVAL_Io.o [1]
SdkEval_IO_Receive_Data
                        0x080043e3    0x6  Code  Gb  SDK_EVAL_Io.o [1]
SdkEval_IO_Send_Data    0x080043df    0x4  Code  Gb  SDK_EVAL_Io.o [1]
SetBTABLE               0x0800570d    0xe  Code  Gb  usb_regs.o [1]
SetDeviceAddress        0x08006b65   0x94  Code  Gb  usb_core.o [1]
SetEPRxAddr             0x08005851   0x16  Code  Gb  usb_regs.o [1]
SetEPRxCount            0x080058a1   0x3a  Code  Gb  usb_regs.o [1]
SetEPRxStatus           0x08005763   0x30  Code  Gb  usb_regs.o [1]
SetEPRxValid            0x080057b3   0x20  Code  Gb  usb_regs.o [1]
SetEPTxAddr             0x08005837   0x1a  Code  Gb  usb_regs.o [1]
SetEPTxCount            0x0800588f   0x12  Code  Gb  usb_regs.o [1]
SetEPTxStatus           0x08005733   0x30  Code  Gb  usb_regs.o [1]
SetEPTxValid            0x08005793   0x20  Code  Gb  usb_regs.o [1]
SetEPType               0x0800571b   0x18  Code  Gb  usb_regs.o [1]
Set_USBClock            0x08003d65    0xa  Code  Gb  hw_config.o [1]
Setup0_Process          0x08006971   0x94  Code  Gb  usb_core.o [1]
Standard_ClearFeature   0x08006493   0xd8  Code  Gb  usb_core.o [1]
Standard_GetConfiguration
                        0x08006375   0x22  Code  Gb  usb_core.o [1]
Standard_GetDescriptorData
                        0x080065e5   0x1a  Code  Gb  usb_core.o [1]
Standard_GetInterface   0x08006397   0x22  Code  Gb  usb_core.o [1]
Standard_GetStatus      0x08006401   0x92  Code  Gb  usb_core.o [1]
Standard_SetEndPointFeature
                        0x0800656b   0x7a  Code  Gb  usb_core.o [1]
Standard_SetInterface   0x080063b9   0x48  Code  Gb  usb_core.o [1]
StatusInfo              0x20000f08    0x4  Data  Gb  usb_core.o [1]
String_Descriptor       0x2000010c   0x20  Data  Gb  usb_prop.o [1]
SysTick_CLKSourceConfig
                        0x08005a1d   0x14  Code  Gb  stm32l1xx_systick.o [1]
SysTick_CounterCmd      0x08005a37   0x26  Code  Gb  stm32l1xx_systick.o [1]
SysTick_Handler         0x08004339   0x4a  Code  Gb  clock.o [1]
SysTick_ITConfig        0x08005a5d   0x14  Code  Gb  stm32l1xx_systick.o [1]
SysTick_SetReload       0x08005a31    0x6  Code  Gb  stm32l1xx_systick.o [1]
SystemInit              0x08007015   0xfc  Code  Gb  system_stm32l1xx.o [1]
TIM2_IRQHandler         0x08004219   0x4e  Code  Gb  timer.o [1]
TIM3_IRQHandler         0x08003da5   0x16  Code  Gb  hw_config.o [1]
TIM4_IRQHandler         0x08004267   0x24  Code  Gb  timer.o [1]
TIM6_IRQHandler         0x0800428b   0x2c  Code  Gb  timer.o [1]
TIM7_IRQHandler         0x080042b7   0x26  Code  Gb  timer.o [1]
TIM_ClearFlag           0x0800560d    0x6  Code  Gb  stm32l1xx_tim.o [1]
TIM_ClearITPendingBit   0x08005627    0x6  Code  Gb  stm32l1xx_tim.o [1]
TIM_Cmd                 0x080055e9   0x14  Code  Gb  stm32l1xx_tim.o [1]
TIM_GetITStatus         0x08005613   0x14  Code  Gb  stm32l1xx_tim.o [1]
TIM_ITConfig            0x080055fd   0x10  Code  Gb  stm32l1xx_tim.o [1]
TIM_TimeBaseInit        0x08005589   0x4a  Code  Gb  stm32l1xx_tim.o [1]
TXCharHandle            0x20000efa    0x2  Data  Gb  gatt_db.o [1]
Timer_Expired           0x080053b3   0x18  Code  Gb  gp_timer.o [1]
Timer_Set               0x080053a5    0xe  Code  Gb  gp_timer.o [1]
USART_Rx_Buffer         0x200001c8  0x7d0  Data  Gb  hw_config.o [1]
USART_Rx_length         0x200009a0    0x4  Data  Gb  hw_config.o [1]
USART_Rx_ptr_in         0x20000998    0x4  Data  Gb  hw_config.o [1]
USART_Rx_ptr_out        0x2000099c    0x4  Data  Gb  hw_config.o [1]
USB_Cable_Config        0x08003d9d    0x8  Code  Gb  hw_config.o [1]
USB_Init                0x08005a79   0x20  Code  Gb  usb_init.o [1]
USB_Interrupts_Config   0x08003d6f   0x2e  Code  Gb  hw_config.o [1]
USB_Istr                0x08007291   0x60  Code  Gb  usb_istr.o [1]
USB_LP_IRQHandler       0x08007391    0x4  Code  Gb  stm32l1xx_it.o [1]
USB_Rx_Buffer           0x20000e70   0x40  Data  Gb  usb_endp.o [1]
USB_SIL_Init            0x08006e8d   0x14  Code  Gb  usb_sil.o [1]
USB_SIL_Read            0x08006ea9   0x24  Code  Gb  usb_sil.o [1]
USB_Send_Data           0x08003e4d   0x1a  Code  Gb  hw_config.o [1]
USB_Tx_State            0x200001c4    0x1  Data  Gb  hw_config.o [1]
UsageFault_Handler      0x08007389    0x2  Code  Gb  stm32l1xx_it.o [1]
UserToPMABufferCopy     0x0800562d   0x88  Code  Gb  usb_mem.o [1]
User_Process            0x080035fd  0x19a  Code  Gb  BLE_Chat_main.o [1]
User_Standard_Requests  0x200000e8   0x24  Data  Gb  usb_prop.o [1]
Virtual_Com_Port_ConfigDescriptor
                        0x08007138   0x44  Data  Gb  usb_desc.o [1]
Virtual_Com_Port_Data_Setup
                        0x08006d5b   0x60  Code  Gb  usb_prop.o [1]
Virtual_Com_Port_DeviceDescriptor
                        0x08007124   0x14  Data  Gb  usb_desc.o [1]
Virtual_Com_Port_GetConfigDescriptor
                        0x08006ddf    0x6  Code  Gb  usb_prop.o [1]
Virtual_Com_Port_GetDeviceDescriptor
                        0x08006dd9    0x6  Code  Gb  usb_prop.o [1]
Virtual_Com_Port_GetLineCoding
                        0x08006e0d   0x12  Code  Gb  usb_prop.o [1]
Virtual_Com_Port_GetStringDescriptor
                        0x08006de5   0x18  Code  Gb  usb_prop.o [1]
Virtual_Com_Port_Get_Interface_Setting
                        0x08006dfd    0xe  Code  Gb  usb_prop.o [1]
Virtual_Com_Port_NoData_Setup
                        0x08006dbb   0x1e  Code  Gb  usb_prop.o [1]
Virtual_Com_Port_Reset  0x08006c67   0xda  Code  Gb  usb_prop.o [1]
Virtual_Com_Port_SetConfiguration
                        0x08006d41    0xe  Code  Gb  usb_prop.o [1]
Virtual_Com_Port_SetDeviceAddress
                        0x08006d4f    0x8  Code  Gb  usb_prop.o [1]
Virtual_Com_Port_SetLineCoding
                        0x08006e21   0x12  Code  Gb  usb_prop.o [1]
Virtual_Com_Port_Status_In
                        0x08006d57    0x2  Code  Gb  usb_prop.o [1]
Virtual_Com_Port_Status_Out
                        0x08006d59    0x2  Code  Gb  usb_prop.o [1]
Virtual_Com_Port_StringLangID
                        0x0800717c    0x4  Data  Gb  usb_desc.o [1]
Virtual_Com_Port_StringProduct
                        0x080071a8   0x34  Data  Gb  usb_desc.o [1]
Virtual_Com_Port_StringSerial
                        0x2000012c   0x1c  Data  Gb  usb_desc.o [1]
Virtual_Com_Port_StringVendor
                        0x08007180   0x28  Data  Gb  usb_desc.o [1]
Virtual_Com_Port_init   0x08006c45   0x22  Code  Gb  usb_prop.o [1]
_LitobSmallNoMb         0x08005e6d   0xce  Code  Lc  xprintfsmall_nomb.o [3]
_PrintfSmallNoMb        0x08005a99  0x382  Code  Gb  xprintfsmall_nomb.o [3]
_Prout                  0x08007399   0x16  Code  Gb  xprout.o [3]
_PutcharsSmallNoMb      0x08005f3b   0x2e  Code  Lc  xprintfsmall_nomb.o [3]
_SProut                 0x08005703    0xa  Code  Gb  xsprout.o [3]
__aeabi_errno_addr      0x08006335    0x6  Code  Gb  errno.o [3]
__aeabi_memclr4         0x0800621d         Code  Gb  ABImemclr4.o [4]
__aeabi_memset          0x080062cd         Code  Gb  ABImemset.o [4]
__cmain                 0x0800733d         Code  Gb  cmain.o [4]
__exit                  0x0800736d   0x14  Code  Gb  exit.o [5]
__iar_Errno             0x200001c0    0x4  Data  Gb  errno.o [3]
__iar_Memchr            0x08006275         Code  Gb  memchr.o [4]
__iar_Memset            0x080062cd         Code  Gb  ABImemset.o [4]
__iar_Memset4_word      0x08006341         Code  Gb  ABImemset48.o [4]
__iar_Memset8_word      0x08006341         Code  Gb  ABImemset48.o [4]
__iar_Memset_word       0x080062d5         Code  Gb  ABImemset.o [4]
__iar_Stoul             0x080061c9    0x4  Code  Gb  xstoul.o [3]
__iar_Stoulx            0x08006081  0x142  Code  Gb  xstoul.o [3]
__iar_Strchr            0x08006225         Code  Gb  strchr.o [4]
__iar_copy_init3        0x08005147   0x2e  Code  Gb  copy_init3.o [4]
__iar_data_init3        0x080072f1   0x28  Code  Gb  data_init.o [4]
__iar_dlib_perthread_access
                        0x08006373    0x2  Code  Gb  xtls.o [3]
__iar_program_start     0x080073c1         Code  Gb  cstartup_M.o [4]
__iar_unaligned___aeabi_memcpy
                        0x080059a5         Code  Gb  ABImemcpy_unaligned.o [4]
__iar_unaligned___aeabi_memcpy4
                        0x080059c5         Code  Gb  ABImemcpy_unaligned.o [4]
__iar_unaligned___aeabi_memcpy8
                        0x080059c5         Code  Gb  ABImemcpy_unaligned.o [4]
__iar_zero_init3        0x080053cb   0x22  Code  Gb  zero_init3.o [4]
__low_level_init        0x08007357    0x4  Code  Gb  low_level_init.o [3]
__vector_table          0x08003000         Data  Gb  startup_stm32l1xx_md.o [1]
_call_main              0x08007349         Code  Gb  cmain.o [4]
_exit                   0x08007361         Code  Gb  cexit.o [4]
_main                   0x08007353         Code  Gb  cmain.o [4]
aci_gap_create_connection
                        0x080050c1   0x86  Code  Gb  bluenrg_gap_aci.o [1]
aci_gap_init            0x08004fdf   0x6c  Code  Gb  bluenrg_gap_aci.o [1]
aci_gap_set_auth_requirement
                        0x0800504b   0x76  Code  Gb  bluenrg_gap_aci.o [1]
aci_gatt_disc_charac_by_uuid
                        0x08004e7f   0x82  Code  Gb  bluenrg_gatt_aci.o [1]
aci_gatt_init           0x08004e45   0x3a  Code  Gb  bluenrg_gatt_aci.o [1]
aci_gatt_write_charac_descriptor
                        0x08004f01   0x7c  Code  Gb  bluenrg_gatt_aci.o [1]
aci_gatt_write_without_response
                        0x08004f7d   0x62  Code  Gb  bluenrg_gatt_aci.o [1]
aci_hal_set_tx_power_level
                        0x08004dfd   0x48  Code  Gb  bluenrg_hal_aci.o [1]
aci_hal_write_config_data
                        0x08004d9b   0x62  Code  Gb  bluenrg_hal_aci.o [1]
app_flags               0x20000194    0x4  Data  Gb  BLE_Chat_main.o [1]
arrayFlags              0x20000ed8   0x14  Data  Gb  flags.o [1]
bDeviceState            0x20000f18    0x4  Data  Gb  usb_pwr.o [1]
bIntPackSOF             0x20000f14    0x1  Data  Gb  usb_istr.o [1]
bstimei                 0x20000eec    0x4  Data  Gb  BLE_Chat_main.o [1]
buttonOK                0x20000f00    0x4  Data  Gb  push_button.o [1]
calculate               0x080052e5   0x1a  Code  Gb  syncr.o [1]
changeFlag              0x08005385    0x4  Code  Gb  flags.o [1]
chatServHandle          0x20000ef8    0x2  Data  Gb  gatt_db.o [1]
cmd                     0x20000c70  0x200  Data  Lc  chat.o [1]
count                   0x20000180    0x4  Data  Gb  clock.o [1]
counter                 0x20000188    0x4  Data  Gb  clock.o [1]
countr                  0x20000184    0x4  Data  Gb  clock.o [1]
digits                  0x080061cc   0x28  Data  Lc  xstoul.o [3]
enableTimerInterrupt    0x080041d5   0x44  Code  Gb  timer.o [1]
eventr                  0x20000190    0x4  Data  Gb  clock.o [1]
exit                    0x0800735b    0x4  Code  Gb  exit.o [3]
flag_connection_complete
                        0x2000019c    0x4  Data  Gb  BLE_Chat_main.o [1]
flag_scan_complete      0x20000198    0x4  Data  Gb  BLE_Chat_main.o [1]
hciReadPacketBuffer     0x200009c4  0x2a8  Data  Lc  hci.o [1]
hciReadPktPool          0x200009b4    0x8  Data  Gb  hci.o [1]
hciReadPktRxQueue       0x200009bc    0x8  Data  Gb  hci.o [1]
hci_buffer              0x200009ac    0x4  Data  Lc  hci.o [1]
hci_pckt_len            0x200009a8    0x2  Data  Lc  hci.o [1]
hci_send_req            0x08004607  0x12e  Code  Gb  hci.o [1]
hhtimei                 0x20000ef0    0x4  Data  Gb  BLE_Chat_main.o [1]
index                   0x200001a0    0x4  Data  Gb  BLE_Chat_main.o [1]
initButton              0x080040f5   0x26  Code  Gb  push_button.o [1]
initDevices             0x080042f1   0x2c  Code  Gb  slave_devices.o [1]
initFlags               0x08005389   0x14  Code  Gb  flags.o [1]
initLED                 0x08003fb9   0x8e  Code  Gb  led.o [1]
initTimer               0x08004149   0x8c  Code  Gb  timer.o [1]
linecoding              0x200001a4    0x8  Data  Gb  usb_prop.o [1]
list_init_head          0x08005f71    0x6  Code  Gb  list.o [1]
list_insert_head        0x08005f85    0xe  Code  Gb  list.o [1]
list_insert_tail        0x08005f93    0xe  Code  Gb  list.o [1]
list_is_empty           0x08005f77    0xe  Code  Gb  list.o [1]
list_remove_head        0x08005fa1   0x1e  Code  Gb  list.o [1]
main                    0x080030f5  0x1a4  Code  Gb  BLE_Chat_main.o [1]
memchr                  0x08006275         Code  Gb  memchr.o [4]
ndigs                   0x080061f4   0x28  Data  Lc  xstoul.o [3]
new_hci_event           0x080045f3   0x14  Code  Gb  hci.o [1]
new_packet              0x200009a6    0x1  Data  Lc  hci.o [1]
offsetp                 0x20000ef4    0x4  Data  Gb  BLE_Chat_main.o [1]
pEpInt_IN               0x20000148   0x1c  Data  Gb  usb_istr.o [1]
pEpInt_OUT              0x20000164   0x1c  Data  Gb  usb_istr.o [1]
pInformation            0x20000ecc    0x4  Data  Gb  usb_init.o [1]
pProperty               0x20000ed0    0x4  Data  Gb  usb_init.o [1]
pUser_Standard_Requests
                        0x20000ed4    0x4  Data  Gb  usb_init.o [1]
packet_complete_callback
                        0x200009b0    0x4  Data  Lc  hci.o [1]
printf                  0x080043ed   0x24  Code  Gb  printf.o [3]
processInputData        0x08005175  0x148  Code  Gb  chat.o [1]
putchar                 0x08003eed   0x74  Code  Gb  hw_config.o [1]
readPacketListFull      0x200009a4    0x1  Data  Gb  hci.o [1]
s2i                     0x080052dd    0x8  Code  Gb  syncr.o [1]
s_SdkEvalVersion        0x20000f1d    0x1  Data  Lc  SDK_EVAL_Config.o [1]
s_SpiCsPin              0x20000060    0x4  Data  Lc  SDK_EVAL_Spi_Driver.o [1]
s_SpiCsPinVersion       0x08004d50    0x8  Data  Lc  SDK_EVAL_Spi_Driver.o [1]
s_SpiCsPort             0x2000005c    0x4  Data  Lc  SDK_EVAL_Spi_Driver.o [1]
s_SpiCsPortVersion      0x2000001c    0x8  Data  Gb  SDK_EVAL_Spi_Driver.o [1]
s_SpiIrqClk             0x20000084    0x4  Data  Lc  SDK_EVAL_Spi_Driver.o [1]
s_SpiIrqClkVersion      0x08004d80    0x8  Data  Lc  SDK_EVAL_Spi_Driver.o [1]
s_SpiIrqExtiLine        0x20000090    0x4  Data  Lc  SDK_EVAL_Spi_Driver.o [1]
s_SpiIrqExtiLineVersion
                        0x08004d88    0x8  Data  Lc  SDK_EVAL_Spi_Driver.o [1]
s_SpiIrqIrqn            0x20000005    0x1  Data  Lc  SDK_EVAL_Spi_Driver.o [1]
s_SpiIrqIrqnVersion     0x08004d98    0x2  Data  Lc  SDK_EVAL_Spi_Driver.o [1]
s_SpiIrqPin             0x2000008c    0x4  Data  Lc  SDK_EVAL_Spi_Driver.o [1]
s_SpiIrqPinSource       0x20000004    0x1  Data  Lc  SDK_EVAL_Spi_Driver.o [1]
s_SpiIrqPinSourceVersion
                        0x08004d94    0x2  Data  Lc  SDK_EVAL_Spi_Driver.o [1]
s_SpiIrqPinVersion      0x08004d78    0x8  Data  Lc  SDK_EVAL_Spi_Driver.o [1]
s_SpiIrqPort            0x20000088    0x4  Data  Lc  SDK_EVAL_Spi_Driver.o [1]
s_SpiIrqPortSource      0x20000003    0x1  Data  Lc  SDK_EVAL_Spi_Driver.o [1]
s_SpiIrqPortSourceVersion
                        0x08004d90    0x2  Data  Lc  SDK_EVAL_Spi_Driver.o [1]
s_SpiIrqPortVersion     0x20000050    0x8  Data  Gb  SDK_EVAL_Spi_Driver.o [1]
s_SpiMisoAF             0x20000001    0x1  Data  Lc  SDK_EVAL_Spi_Driver.o [1]
s_SpiMisoAFVersion      0x20000008    0x2  Data  Lc  SDK_EVAL_Spi_Driver.o [1]
s_SpiMisoPin            0x20000078    0x4  Data  Lc  SDK_EVAL_Spi_Driver.o [1]
s_SpiMisoPinSource      0x2000000e    0x2  Data  Lc  SDK_EVAL_Spi_Driver.o [1]
s_SpiMisoPinSourceVersion
                        0x20000040    0x4  Data  Lc  SDK_EVAL_Spi_Driver.o [1]
s_SpiMisoPinVersion     0x08004d68    0x8  Data  Lc  SDK_EVAL_Spi_Driver.o [1]
s_SpiMisoPort           0x20000074    0x4  Data  Lc  SDK_EVAL_Spi_Driver.o [1]
s_SpiMisoPortVersion    0x20000038    0x8  Data  Gb  SDK_EVAL_Spi_Driver.o [1]
s_SpiMosiAF             0x20000000    0x1  Data  Lc  SDK_EVAL_Spi_Driver.o [1]
s_SpiMosiAFVersion      0x20000006    0x2  Data  Lc  SDK_EVAL_Spi_Driver.o [1]
s_SpiMosiPin            0x20000070    0x4  Data  Lc  SDK_EVAL_Spi_Driver.o [1]
s_SpiMosiPinSource      0x2000000c    0x2  Data  Lc  SDK_EVAL_Spi_Driver.o [1]
s_SpiMosiPinSourceVersion
                        0x20000034    0x4  Data  Lc  SDK_EVAL_Spi_Driver.o [1]
s_SpiMosiPinVersion     0x08004d60    0x8  Data  Lc  SDK_EVAL_Spi_Driver.o [1]
s_SpiMosiPort           0x2000006c    0x4  Data  Lc  SDK_EVAL_Spi_Driver.o [1]
s_SpiMosiPortVersion    0x2000002c    0x8  Data  Gb  SDK_EVAL_Spi_Driver.o [1]
s_SpiPort               0x20000058    0x4  Data  Lc  SDK_EVAL_Spi_Driver.o [1]
s_SpiPortVersion        0x20000014    0x8  Data  Lc  SDK_EVAL_Spi_Driver.o [1]
s_SpiRstPin             0x20000068    0x4  Data  Lc  SDK_EVAL_Spi_Driver.o [1]
s_SpiRstPinVersion      0x08004d58    0x8  Data  Lc  SDK_EVAL_Spi_Driver.o [1]
s_SpiRstPort            0x20000064    0x4  Data  Lc  SDK_EVAL_Spi_Driver.o [1]
s_SpiRstPortVersion     0x20000024    0x8  Data  Gb  SDK_EVAL_Spi_Driver.o [1]
s_SpiSclkAF             0x20000002    0x1  Data  Lc  SDK_EVAL_Spi_Driver.o [1]
s_SpiSclkAFVersion      0x2000000a    0x2  Data  Lc  SDK_EVAL_Spi_Driver.o [1]
s_SpiSclkPin            0x20000080    0x4  Data  Lc  SDK_EVAL_Spi_Driver.o [1]
s_SpiSclkPinSource      0x20000010    0x2  Data  Lc  SDK_EVAL_Spi_Driver.o [1]
s_SpiSclkPinSourceVersion
                        0x2000004c    0x4  Data  Lc  SDK_EVAL_Spi_Driver.o [1]
s_SpiSclkPinVersion     0x08004d70    0x8  Data  Lc  SDK_EVAL_Spi_Driver.o [1]
s_SpiSclkPort           0x2000007c    0x4  Data  Lc  SDK_EVAL_Spi_Driver.o [1]
s_SpiSclkPortVersion    0x20000044    0x8  Data  Gb  SDK_EVAL_Spi_Driver.o [1]
send_times              0x08003577   0x86  Code  Gb  BLE_Chat_main.o [1]
slaveAddresses          0x200000dc    0xc  Data  Gb  slave_devices.o [1]
slaves                  0x200000c4   0x18  Data  Gb  slave_devices.o [1]
sprintf                 0x08005351   0x34  Code  Gb  sprintf.o [3]
strchr                  0x08006225         Code  Gb  strchr.o [4]
strlen                  0x0800623d         Code  Gb  strlen.o [4]
synccount               0x2000018c    0x4  Data  Gb  clock.o [1]
turnLED                 0x08004049   0x9e  Code  Gb  led.o [1]
user_timer_expired      0x20000f1c    0x1  Data  Gb  hw_config.o [1]
wInterrupt_Mask         0x20000efe    0x2  Data  Gb  usb_init.o [1]
wIstr                   0x20000f16    0x2  Data  Gb  usb_istr.o [1]


[1] = C:\Users\Rex\Desktop\Github\STNRGBluetoothmultiplestuffsync\Projects V2\Project\BLE_Chat_Client\EWARM\Client\Obj
[2] = command line
[3] = dl7M_tln.a
[4] = rt7M_tl.a
[5] = shb_l.a

  17 284 bytes of readonly  code memory
     676 bytes of readonly  data memory
   6 945 bytes of readwrite data memory

Errors: 1
Warnings: none
