###############################################################################
#
# IAR ELF Linker V7.30.4.8167/W32 for ARM                 18/Mar/2015  16:12:35
# Copyright 2007-2014 IAR Systems AB.
#
#    Output file  =  
#        C:\School\2014 Fall\ECE 4900\Bluetooth Code\SVN\trunk\Projects
#        V2\Project\BLE_Chat_Server 2\EWARM\Server\Exe\BLE_Chat.out
#    Map file     =  
#        C:\School\2014 Fall\ECE 4900\Bluetooth Code\SVN\trunk\Projects
#        V2\Project\BLE_Chat_Server 2\EWARM\Server\List\BLE_Chat.map
#    Command line =  
#        "C:\School\2014 Fall\ECE 4900\Bluetooth Code\SVN\trunk\Projects
#        V2\Project\BLE_Chat_Server 2\EWARM\Server\Obj\BLE_Chat_main.o"
#        "C:\School\2014 Fall\ECE 4900\Bluetooth Code\SVN\trunk\Projects
#        V2\Project\BLE_Chat_Server 2\EWARM\Server\Obj\bluenrg_gap_aci.o"
#        "C:\School\2014 Fall\ECE 4900\Bluetooth Code\SVN\trunk\Projects
#        V2\Project\BLE_Chat_Server 2\EWARM\Server\Obj\bluenrg_gatt_aci.o"
#        "C:\School\2014 Fall\ECE 4900\Bluetooth Code\SVN\trunk\Projects
#        V2\Project\BLE_Chat_Server 2\EWARM\Server\Obj\bluenrg_hal_aci.o"
#        "C:\School\2014 Fall\ECE 4900\Bluetooth Code\SVN\trunk\Projects
#        V2\Project\BLE_Chat_Server 2\EWARM\Server\Obj\bluenrg_l2cap_aci.o"
#        "C:\School\2014 Fall\ECE 4900\Bluetooth Code\SVN\trunk\Projects
#        V2\Project\BLE_Chat_Server 2\EWARM\Server\Obj\bluenrg_updater_aci.o"
#        "C:\School\2014 Fall\ECE 4900\Bluetooth Code\SVN\trunk\Projects
#        V2\Project\BLE_Chat_Server 2\EWARM\Server\Obj\chat.o" "C:\School\2014
#        Fall\ECE 4900\Bluetooth Code\SVN\trunk\Projects
#        V2\Project\BLE_Chat_Server 2\EWARM\Server\Obj\clock.o" "C:\School\2014
#        Fall\ECE 4900\Bluetooth Code\SVN\trunk\Projects
#        V2\Project\BLE_Chat_Server 2\EWARM\Server\Obj\gatt_db.o"
#        "C:\School\2014 Fall\ECE 4900\Bluetooth Code\SVN\trunk\Projects
#        V2\Project\BLE_Chat_Server 2\EWARM\Server\Obj\gp_timer.o"
#        "C:\School\2014 Fall\ECE 4900\Bluetooth Code\SVN\trunk\Projects
#        V2\Project\BLE_Chat_Server 2\EWARM\Server\Obj\hal.o" "C:\School\2014
#        Fall\ECE 4900\Bluetooth Code\SVN\trunk\Projects
#        V2\Project\BLE_Chat_Server 2\EWARM\Server\Obj\hci.o" "C:\School\2014
#        Fall\ECE 4900\Bluetooth Code\SVN\trunk\Projects
#        V2\Project\BLE_Chat_Server 2\EWARM\Server\Obj\hw_config.o"
#        "C:\School\2014 Fall\ECE 4900\Bluetooth Code\SVN\trunk\Projects
#        V2\Project\BLE_Chat_Server 2\EWARM\Server\Obj\led.o" "C:\School\2014
#        Fall\ECE 4900\Bluetooth Code\SVN\trunk\Projects
#        V2\Project\BLE_Chat_Server 2\EWARM\Server\Obj\list.o" "C:\School\2014
#        Fall\ECE 4900\Bluetooth Code\SVN\trunk\Projects
#        V2\Project\BLE_Chat_Server 2\EWARM\Server\Obj\misc.o" "C:\School\2014
#        Fall\ECE 4900\Bluetooth Code\SVN\trunk\Projects
#        V2\Project\BLE_Chat_Server 2\EWARM\Server\Obj\osal.o" "C:\School\2014
#        Fall\ECE 4900\Bluetooth Code\SVN\trunk\Projects
#        V2\Project\BLE_Chat_Server 2\EWARM\Server\Obj\otgd_fs_cal.o"
#        "C:\School\2014 Fall\ECE 4900\Bluetooth Code\SVN\trunk\Projects
#        V2\Project\BLE_Chat_Server 2\EWARM\Server\Obj\otgd_fs_dev.o"
#        "C:\School\2014 Fall\ECE 4900\Bluetooth Code\SVN\trunk\Projects
#        V2\Project\BLE_Chat_Server 2\EWARM\Server\Obj\otgd_fs_int.o"
#        "C:\School\2014 Fall\ECE 4900\Bluetooth Code\SVN\trunk\Projects
#        V2\Project\BLE_Chat_Server 2\EWARM\Server\Obj\otgd_fs_pcd.o"
#        "C:\School\2014 Fall\ECE 4900\Bluetooth Code\SVN\trunk\Projects
#        V2\Project\BLE_Chat_Server 2\EWARM\Server\Obj\push_button.o"
#        "C:\School\2014 Fall\ECE 4900\Bluetooth Code\SVN\trunk\Projects
#        V2\Project\BLE_Chat_Server 2\EWARM\Server\Obj\SDK_EVAL_Config.o"
#        "C:\School\2014 Fall\ECE 4900\Bluetooth Code\SVN\trunk\Projects
#        V2\Project\BLE_Chat_Server 2\EWARM\Server\Obj\SDK_EVAL_Io.o"
#        "C:\School\2014 Fall\ECE 4900\Bluetooth Code\SVN\trunk\Projects
#        V2\Project\BLE_Chat_Server 2\EWARM\Server\Obj\SDK_EVAL_Spi_Driver.o"
#        "C:\School\2014 Fall\ECE 4900\Bluetooth Code\SVN\trunk\Projects
#        V2\Project\BLE_Chat_Server 2\EWARM\Server\Obj\startup_stm32l1xx_md.o"
#        "C:\School\2014 Fall\ECE 4900\Bluetooth Code\SVN\trunk\Projects
#        V2\Project\BLE_Chat_Server 2\EWARM\Server\Obj\stm32l1xx_exti.o"
#        "C:\School\2014 Fall\ECE 4900\Bluetooth Code\SVN\trunk\Projects
#        V2\Project\BLE_Chat_Server 2\EWARM\Server\Obj\stm32l1xx_flash.o"
#        "C:\School\2014 Fall\ECE 4900\Bluetooth Code\SVN\trunk\Projects
#        V2\Project\BLE_Chat_Server
#        2\EWARM\Server\Obj\stm32l1xx_flash_ramfunc.o" "C:\School\2014 Fall\ECE
#        4900\Bluetooth Code\SVN\trunk\Projects V2\Project\BLE_Chat_Server
#        2\EWARM\Server\Obj\stm32l1xx_gpio.o" "C:\School\2014 Fall\ECE
#        4900\Bluetooth Code\SVN\trunk\Projects V2\Project\BLE_Chat_Server
#        2\EWARM\Server\Obj\stm32l1xx_i2c.o" "C:\School\2014 Fall\ECE
#        4900\Bluetooth Code\SVN\trunk\Projects V2\Project\BLE_Chat_Server
#        2\EWARM\Server\Obj\stm32l1xx_it.o" "C:\School\2014 Fall\ECE
#        4900\Bluetooth Code\SVN\trunk\Projects V2\Project\BLE_Chat_Server
#        2\EWARM\Server\Obj\stm32l1xx_pwr.o" "C:\School\2014 Fall\ECE
#        4900\Bluetooth Code\SVN\trunk\Projects V2\Project\BLE_Chat_Server
#        2\EWARM\Server\Obj\stm32l1xx_rcc.o" "C:\School\2014 Fall\ECE
#        4900\Bluetooth Code\SVN\trunk\Projects V2\Project\BLE_Chat_Server
#        2\EWARM\Server\Obj\stm32l1xx_rtc.o" "C:\School\2014 Fall\ECE
#        4900\Bluetooth Code\SVN\trunk\Projects V2\Project\BLE_Chat_Server
#        2\EWARM\Server\Obj\stm32l1xx_spi.o" "C:\School\2014 Fall\ECE
#        4900\Bluetooth Code\SVN\trunk\Projects V2\Project\BLE_Chat_Server
#        2\EWARM\Server\Obj\stm32l1xx_syscfg.o" "C:\School\2014 Fall\ECE
#        4900\Bluetooth Code\SVN\trunk\Projects V2\Project\BLE_Chat_Server
#        2\EWARM\Server\Obj\stm32l1xx_systick.o" "C:\School\2014 Fall\ECE
#        4900\Bluetooth Code\SVN\trunk\Projects V2\Project\BLE_Chat_Server
#        2\EWARM\Server\Obj\stm32l1xx_tim.o" "C:\School\2014 Fall\ECE
#        4900\Bluetooth Code\SVN\trunk\Projects V2\Project\BLE_Chat_Server
#        2\EWARM\Server\Obj\stm32l1xx_usart.o" "C:\School\2014 Fall\ECE
#        4900\Bluetooth Code\SVN\trunk\Projects V2\Project\BLE_Chat_Server
#        2\EWARM\Server\Obj\syncr.o" "C:\School\2014 Fall\ECE 4900\Bluetooth
#        Code\SVN\trunk\Projects V2\Project\BLE_Chat_Server
#        2\EWARM\Server\Obj\system_stm32l1xx.o" "C:\School\2014 Fall\ECE
#        4900\Bluetooth Code\SVN\trunk\Projects V2\Project\BLE_Chat_Server
#        2\EWARM\Server\Obj\timer.o" "C:\School\2014 Fall\ECE 4900\Bluetooth
#        Code\SVN\trunk\Projects V2\Project\BLE_Chat_Server
#        2\EWARM\Server\Obj\usb_core.o" "C:\School\2014 Fall\ECE 4900\Bluetooth
#        Code\SVN\trunk\Projects V2\Project\BLE_Chat_Server
#        2\EWARM\Server\Obj\usb_desc.o" "C:\School\2014 Fall\ECE 4900\Bluetooth
#        Code\SVN\trunk\Projects V2\Project\BLE_Chat_Server
#        2\EWARM\Server\Obj\usb_endp.o" "C:\School\2014 Fall\ECE 4900\Bluetooth
#        Code\SVN\trunk\Projects V2\Project\BLE_Chat_Server
#        2\EWARM\Server\Obj\usb_init.o" "C:\School\2014 Fall\ECE 4900\Bluetooth
#        Code\SVN\trunk\Projects V2\Project\BLE_Chat_Server
#        2\EWARM\Server\Obj\usb_int.o" "C:\School\2014 Fall\ECE 4900\Bluetooth
#        Code\SVN\trunk\Projects V2\Project\BLE_Chat_Server
#        2\EWARM\Server\Obj\usb_istr.o" "C:\School\2014 Fall\ECE 4900\Bluetooth
#        Code\SVN\trunk\Projects V2\Project\BLE_Chat_Server
#        2\EWARM\Server\Obj\usb_mem.o" "C:\School\2014 Fall\ECE 4900\Bluetooth
#        Code\SVN\trunk\Projects V2\Project\BLE_Chat_Server
#        2\EWARM\Server\Obj\usb_prop.o" "C:\School\2014 Fall\ECE 4900\Bluetooth
#        Code\SVN\trunk\Projects V2\Project\BLE_Chat_Server
#        2\EWARM\Server\Obj\usb_pwr.o" "C:\School\2014 Fall\ECE 4900\Bluetooth
#        Code\SVN\trunk\Projects V2\Project\BLE_Chat_Server
#        2\EWARM\Server\Obj\usb_regs.o" "C:\School\2014 Fall\ECE 4900\Bluetooth
#        Code\SVN\trunk\Projects V2\Project\BLE_Chat_Server
#        2\EWARM\Server\Obj\usb_sil.o" -o "C:\School\2014 Fall\ECE
#        4900\Bluetooth Code\SVN\trunk\Projects V2\Project\BLE_Chat_Server
#        2\EWARM\Server\Exe\BLE_Chat.out" --map "C:\School\2014 Fall\ECE
#        4900\Bluetooth Code\SVN\trunk\Projects V2\Project\BLE_Chat_Server
#        2\EWARM\Server\List\BLE_Chat.map" --config "C:\School\2014 Fall\ECE
#        4900\Bluetooth Code\SVN\trunk\Projects V2\Project\BLE_Chat_Server
#        2\EWARM\stm32l1xx_flash.icf" --semihosting --entry __iar_program_start
#        --redirect __iar_sh_stdout=__iar_sh_stdout_swo --vfe
#
###############################################################################

*******************************************************************************
*** RUNTIME MODEL ATTRIBUTES
***

CppFlavor       = *
__SystemLibrary = DLib


*******************************************************************************
*** PLACEMENT SUMMARY
***

"A1":  place at 0x08003000 { ro section .intvec };
"P1":  place in [from 0x08003000 to 0x0801ffff] { ro };
"P2":  place in [from 0x20000000 to 0x20003fff] { rw, block CSTACK, block HEAP };

  Section            Kind        Address    Size  Object
  -------            ----        -------    ----  ------
"A1":                                       0xf4
  .intvec            ro code  0x08003000    0xf4  startup_stm32l1xx_md.o [1]
                            - 0x080030f4    0xf4

"P1":                                     0x525c
  .text              ro code  0x080030f4   0xdaa  xprintffull_nomb.o [3]
  .text              ro code  0x08003e9e    0x2e  copy_init3.o [5]
  .text              ro code  0x08003ecc    0x16  strchr.o [5]
  .text              ro code  0x08003ee2    0x22  zero_init3.o [5]
  .text              ro code  0x08003f04    0x36  strlen.o [5]
  .text              ro code  0x08003f3c    0x58  memchr.o [5]
  .text              ro code  0x08003f94    0xee  I64DivMod.o [5]
  .text              ro code  0x08004084    0x76  ABImemcpy_unaligned.o [5]
  .text              ro code  0x080040fa    0x42  xdnorm.o [4]
  .text              ro code  0x0800413c    0x2e  DblCmpLe.o [4]
  .text              ro code  0x0800416c    0x2e  DblCmpGe.o [4]
  .text              ro code  0x0800419c   0x110  xdscale.o [4]
  .text              ro code  0x080042ac    0x58  DblToI32.o [4]
  .text              ro code  0x08004304    0x30  I32ToDbl.o [4]
  .text              ro code  0x08004334   0x180  DblSub.o [4]
  .text              ro code  0x080044b4   0x1a2  DblMul.o [4]
  .text              ro code  0x08004658   0x246  DblDiv.o [4]
  .text              ro code  0x0800489e     0xe  div.o [3]
  .text              ro code  0x080048ac     0x2  I64DivZer.o [5]
  .text              ro code  0x080048b0    0xd4  DblAdd.o [4]
  .text              ro code  0x08004984   0x8ce  usb_core.o [1]
  .text              ro code  0x08005254   0x206  usb_regs.o [1]
  .text              ro code  0x0800545c    0xd6  usb_mem.o [1]
  .text              ro code  0x08005534   0x656  SDK_EVAL_Spi_Driver.o [1]
  .text              ro code  0x08005b8c    0xc8  SDK_EVAL_Config.o [1]
  .text              ro code  0x08005c54    0x44  stm32l1xx_rcc.o [1]
  .text              ro code  0x08005c98    0xa8  stm32l1xx_gpio.o [1]
  .text              ro code  0x08005d40    0x62  stm32l1xx_spi.o [1]
  .text              ro code  0x08005da4    0x40  stm32l1xx_syscfg.o [1]
  .text              ro code  0x08005de4    0x90  stm32l1xx_exti.o [1]
  .text              ro code  0x08005e74    0x90  misc.o [1]
  .text              ro code  0x08005f04    0x98  clock.o [1]
  .text              ro code  0x08005f9c    0x5c  stm32l1xx_systick.o [1]
  .text              ro code  0x08005ff8   0x4b4  gatt_db.o [1]
  .text              ro code  0x080064ac   0x1ec  bluenrg_gatt_aci.o [1]
  .text              ro code  0x08006698    0x24  printf.o [3]
  .text              ro code  0x080066bc    0xd4  chat.o [1]
  .text              ro code  0x08006790   0x1e0  timer.o [1]
  .text              ro code  0x08006970    0x20  osal.o [1]
  .text              ro code  0x08006990   0x334  hci.o [1]
  .text              ro code  0x08006cc4    0x24  SDK_EVAL_Io.o [1]
  .text              ro code  0x08006ce8    0x26  gp_timer.o [1]
  .text              ro code  0x08006d10    0xa4  stm32l1xx_tim.o [1]
  .text              ro code  0x08006db4    0x66  ABImemset.o [5]
  .text              ro code  0x08006e1a    0x4e  list.o [1]
  .text              ro code  0x08006e68   0x498  BLE_Chat_main.o [1]
  .text              ro code  0x08007300    0x3c  hal.o [1]
  .text              ro code  0x0800733c   0x2c4  hw_config.o [1]
  .text              ro code  0x08007600    0x20  usb_init.o [1]
  .text              ro code  0x08007620    0x20  stm32l1xx_pwr.o [1]
  .text              ro code  0x08007640   0x13c  led.o [1]
  .text              ro code  0x0800777c    0x1c  stm32l1xx_flash.o [1]
  .text              ro code  0x08007798    0xaa  bluenrg_hal_aci.o [1]
  .text              ro code  0x08007842   0x12e  bluenrg_gap_aci.o [1]
  .text              ro code  0x08007970   0x218  usb_prop.o [1]
  .text              ro code  0x08007b88    0x30  usb_pwr.o [1]
  .text              ro code  0x08007bb8    0x40  usb_sil.o [1]
  .text              ro code  0x08007bf8   0x148  usb_int.o [1]
  .text              ro code  0x08007d40   0x110  system_stm32l1xx.o [1]
  .rodata            const    0x08007e50    0xb8  usb_desc.o [1]
  .text              ro code  0x08007f08    0xb4  usb_endp.o [1]
  .text              ro code  0x08007fbc    0x60  usb_istr.o [1]
  .text              ro code  0x0800801c    0x2c  push_button.o [1]
  .text              ro code  0x08008048    0x28  data_init.o [5]
  .iar.init_table    const    0x08008070    0x24  - Linker created -
  .text              ro code  0x08008094    0x1a  cmain.o [5]
  .text              ro code  0x080080ae     0x4  low_level_init.o [3]
  .text              ro code  0x080080b2     0x4  exit.o [3]
  .text              ro code  0x080080b8     0xa  cexit.o [5]
  .text              ro code  0x080080c4    0x14  exit.o [6]
  .text              ro code  0x080080d8    0x18  stm32l1xx_it.o [1]
  .text              ro code  0x080080f0    0x16  xprout.o [3]
  .text              ro code  0x08008108    0x10  startup_stm32l1xx_md.o [1]
  .text              ro code  0x08008118     0xc  cstartup_M.o [5]
  .rodata            const    0x08008124     0x4  clock.o [1]
  .text              ro code  0x08008128     0x4  startup_stm32l1xx_md.o [1]
  .text              ro code  0x0800812c     0x4  startup_stm32l1xx_md.o [1]
  .text              ro code  0x08008130     0x4  startup_stm32l1xx_md.o [1]
  .text              ro code  0x08008134     0x4  startup_stm32l1xx_md.o [1]
  .text              ro code  0x08008138     0x4  startup_stm32l1xx_md.o [1]
  .text              ro code  0x0800813c     0x4  startup_stm32l1xx_md.o [1]
  .text              ro code  0x08008140     0x4  startup_stm32l1xx_md.o [1]
  .text              ro code  0x08008144     0x4  startup_stm32l1xx_md.o [1]
  .text              ro code  0x08008148     0x4  startup_stm32l1xx_md.o [1]
  .text              ro code  0x0800814c     0x4  startup_stm32l1xx_md.o [1]
  .text              ro code  0x08008150     0x4  startup_stm32l1xx_md.o [1]
  .text              ro code  0x08008154     0x4  startup_stm32l1xx_md.o [1]
  .text              ro code  0x08008158     0x4  startup_stm32l1xx_md.o [1]
  .text              ro code  0x0800815c     0x4  startup_stm32l1xx_md.o [1]
  .text              ro code  0x08008160     0x4  startup_stm32l1xx_md.o [1]
  .text              ro code  0x08008164     0x4  startup_stm32l1xx_md.o [1]
  .text              ro code  0x08008168     0x4  startup_stm32l1xx_md.o [1]
  .text              ro code  0x0800816c     0x4  startup_stm32l1xx_md.o [1]
  .text              ro code  0x08008170     0x4  startup_stm32l1xx_md.o [1]
  .text              ro code  0x08008174     0x4  startup_stm32l1xx_md.o [1]
  .text              ro code  0x08008178     0x4  startup_stm32l1xx_md.o [1]
  .text              ro code  0x0800817c     0x4  startup_stm32l1xx_md.o [1]
  .text              ro code  0x08008180     0x4  startup_stm32l1xx_md.o [1]
  .text              ro code  0x08008184     0x4  startup_stm32l1xx_md.o [1]
  .text              ro code  0x08008188     0x4  startup_stm32l1xx_md.o [1]
  .text              ro code  0x0800818c     0x4  startup_stm32l1xx_md.o [1]
  .text              ro code  0x08008190     0x4  startup_stm32l1xx_md.o [1]
  .text              ro code  0x08008194     0x4  startup_stm32l1xx_md.o [1]
  .text              ro code  0x08008198     0x4  startup_stm32l1xx_md.o [1]
  .text              ro code  0x0800819c     0x4  startup_stm32l1xx_md.o [1]
  .text              ro code  0x080081a0     0x4  startup_stm32l1xx_md.o [1]
  .text              ro code  0x080081a4     0x4  startup_stm32l1xx_md.o [1]
  .text              ro code  0x080081a8     0x4  startup_stm32l1xx_md.o [1]
  .text              ro code  0x080081ac     0x4  startup_stm32l1xx_md.o [1]
  .text              ro code  0x080081b0     0x4  startup_stm32l1xx_md.o [1]
  .text              ro code  0x080081b4     0x4  startup_stm32l1xx_md.o [1]
  .text              ro code  0x080081b8     0x4  startup_stm32l1xx_md.o [1]
  .rodata            const    0x080081bc     0x0  zero_init3.o [5]
  .rodata            const    0x080081bc     0x0  copy_init3.o [5]
  Initializer bytes  const    0x080081bc   0x194  <for P2 s0>
                            - 0x08008350  0x525c

"P2":                                     0x1ae0
  P2 s0                       0x20000000   0x194  <Init block>
    .data            inited   0x20000000    0x94  SDK_EVAL_Spi_Driver.o [1]
    .data            inited   0x20000094    0x30  usb_prop.o [1]
    .data            inited   0x200000c4    0x24  usb_prop.o [1]
    .data            inited   0x200000e8    0x20  usb_prop.o [1]
    .data            inited   0x20000108    0x1c  usb_desc.o [1]
    .data            inited   0x20000124    0x1c  usb_istr.o [1]
    .data            inited   0x20000140    0x1c  usb_istr.o [1]
    .data            inited   0x2000015c    0x14  clock.o [1]
    .data            inited   0x20000170     0x8  BLE_Chat_main.o [1]
    .data            inited   0x20000178     0x8  usb_prop.o [1]
    .data            inited   0x20000180     0x8  usb_prop.o [1]
    .data            inited   0x20000188     0x8  usb_prop.o [1]
    .data            inited   0x20000190     0x4  usb_prop.o [1]
  .bss               zero     0x20000194   0x7e0  hw_config.o [1]
  .bss               zero     0x20000974   0x2c8  hci.o [1]
  .bss               zero     0x20000c3c   0x204  chat.o [1]
  .bss               zero     0x20000e40    0x40  usb_endp.o [1]
  .bss               zero     0x20000e80    0x28  usb_init.o [1]
  .bss               zero     0x20000ea8     0xc  gatt_db.o [1]
  .bss               zero     0x20000eb4     0x4  push_button.o [1]
  .bss               zero     0x20000eb8     0x4  SDK_EVAL_Io.o [1]
  .bss               zero     0x20000ebc     0x4  usb_core.o [1]
  .bss               zero     0x20000ec0     0x4  usb_endp.o [1]
  .bss               zero     0x20000ec4     0x4  usb_int.o [1]
  .bss               zero     0x20000ec8     0x4  usb_istr.o [1]
  .bss               zero     0x20000ecc     0x4  usb_pwr.o [1]
  .bss               zero     0x20000ed0     0x2  BLE_Chat_main.o [1]
  .bss               zero     0x20000ed2     0x2  usb_init.o [1]
  .bss               zero     0x20000ed4     0x1  hw_config.o [1]
  .bss               zero     0x20000ed5     0x1  SDK_EVAL_Config.o [1]
  .bss               zero     0x20000ed6     0x1  usb_core.o [1]
  .bss               zero     0x20000ed7     0x1  usb_init.o [1]
  .bss               zero     0x20000ed8     0x1  usb_prop.o [1]
  CSTACK                      0x20000ee0   0xc00  <Block>
    CSTACK           uninit   0x20000ee0   0xc00  <Block tail>
                            - 0x20001ae0  0x1ae0


*******************************************************************************
*** INIT TABLE
***

          Address     Size
          -------     ----
Zero (__iar_zero_init3)
    1 destination range, total size 0xd45:
          0x20000194  0xd45

Copy (__iar_copy_init3)
    1 source range, total size 0x194:
          0x080081bc  0x194
    1 destination range, total size 0x194:
          0x20000000  0x194



*******************************************************************************
*** MODULE SUMMARY
***

    Module                  ro code  ro data  rw data
    ------                  -------  -------  -------
C:\School\2014 Fall\ECE 4900\Bluetooth Code\SVN\trunk\Projects V2\Project\BLE_Chat_Server 2\EWARM\Server\Obj: [1]
    BLE_Chat_main.o           1 176        8       10
    SDK_EVAL_Config.o           200                 1
    SDK_EVAL_Io.o                36                 4
    SDK_EVAL_Spi_Driver.o     1 622      148      148
    bluenrg_gap_aci.o           302
    bluenrg_gatt_aci.o          492
    bluenrg_hal_aci.o           170
    chat.o                      212               516
    clock.o                     152       24       20
    gatt_db.o                 1 204                12
    gp_timer.o                   38
    hal.o                        60
    hci.o                       820               712
    hw_config.o                 708             2 017
    led.o                       316
    list.o                       78
    misc.o                      144
    osal.o                       32
    push_button.o                44                 4
    startup_stm32l1xx_md.o      408
    stm32l1xx_exti.o            144
    stm32l1xx_flash.o            28
    stm32l1xx_gpio.o            168
    stm32l1xx_it.o               24
    stm32l1xx_pwr.o              32
    stm32l1xx_rcc.o              68
    stm32l1xx_spi.o              98
    stm32l1xx_syscfg.o           64
    stm32l1xx_systick.o          92
    stm32l1xx_tim.o             164
    system_stm32l1xx.o          272
    timer.o                     480
    usb_core.o                2 254                 5
    usb_desc.o                           212       28
    usb_endp.o                  180                68
    usb_init.o                   32                43
    usb_int.o                   328                 4
    usb_istr.o                   96       56       60
    usb_mem.o                   214
    usb_prop.o                  536      144      145
    usb_pwr.o                    48                 4
    usb_regs.o                  518
    usb_sil.o                    64
    -------------------------------------------------
    Total:                   14 118      592    3 801

command line: [2]
    -------------------------------------------------
    Total:

dl7M_tln.a: [3]
    div.o                        14
    exit.o                        4
    low_level_init.o              4
    printf.o                     36
    xprintffull_nomb.o        3 498
    xprout.o                     22
    -------------------------------------------------
    Total:                    3 578

m7M_tl.a: [4]
    DblAdd.o                    212
    DblCmpGe.o                   46
    DblCmpLe.o                   46
    DblDiv.o                    582
    DblMul.o                    418
    DblSub.o                    384
    DblToI32.o                   88
    I32ToDbl.o                   48
    xdnorm.o                     66
    xdscale.o                   272
    -------------------------------------------------
    Total:                    2 162

rt7M_tl.a: [5]
    ABImemcpy_unaligned.o       118
    ABImemset.o                 102
    I64DivMod.o                 238
    I64DivZer.o                   2
    cexit.o                      10
    cmain.o                      26
    copy_init3.o                 46
    cstartup_M.o                 12
    data_init.o                  40
    memchr.o                     88
    strchr.o                     22
    strlen.o                     54
    zero_init3.o                 34
    -------------------------------------------------
    Total:                      792

shb_l.a: [6]
    exit.o                       20
    -------------------------------------------------
    Total:                       20

    Gaps                         30
    Linker created                        36    3 072
-----------------------------------------------------
    Grand Total:             20 700      628    6 873


*******************************************************************************
*** ENTRY LIST
***

Entry                      Address   Size  Type      Object
-----                      -------   ----  ----      ------
.iar.init_table$$Base   0x08008070          --   Gb  - Linker created -
.iar.init_table$$Limit  0x08008094          --   Gb  - Linker created -
?main                   0x08008095         Code  Gb  cmain.o [5]
Add_Chat_Service        0x08005ff9   0x9e  Code  Gb  gatt_db.o [1]
Attribute_Modified_CB   0x08006099  0x250  Code  Gb  gatt_db.o [1]
BlueNRG_DataPresent     0x0800586d   0x20  Code  Gb  SDK_EVAL_Spi_Driver.o [1]
BlueNRG_RST             0x0800583f   0x2e  Code  Gb  SDK_EVAL_Spi_Driver.o [1]
BlueNRG_SPI_Read_All    0x080058d1   0xc6  Code  Gb  SDK_EVAL_Spi_Driver.o [1]
BlueNRG_SPI_Write       0x08005997  0x182  Code  Gb  SDK_EVAL_Spi_Driver.o [1]
BusFault_Handler        0x080080df    0x2  Code  Gb  stm32l1xx_it.o [1]
ByteSwap                0x08005451    0xa  Code  Gb  usb_regs.o [1]
CLOCK_SECOND            0x08008124    0x4  Data  Gb  clock.o [1]
CSTACK$$Base            0x20000ee0          --   Gb  - Linker created -
CSTACK$$Limit           0x20001ae0          --   Gb  - Linker created -
CTR_LP                  0x08007bf9  0x130  Code  Gb  usb_int.o [1]
ClearDTOG_RX            0x08005337   0x24  Code  Gb  usb_regs.o [1]
ClearDTOG_TX            0x0800535b   0x24  Code  Gb  usb_regs.o [1]
Clear_SPI_EXTI_Flag     0x080058c5    0xc  Code  Gb  SDK_EVAL_Spi_Driver.o [1]
Clear_Status_Out        0x0800531b   0x1c  Code  Gb  usb_regs.o [1]
Clock_Init              0x08005f4f   0x26  Code  Gb  clock.o [1]
Clock_Time              0x08005f75    0x6  Code  Gb  clock.o [1]
Clock_Timeus            0x08005f7b    0x6  Code  Gb  clock.o [1]
Clock_Wait              0x08005f81    0xe  Code  Gb  clock.o [1]
Config_Descriptor       0x20000188    0x8  Data  Gb  usb_prop.o [1]
DataStageIn             0x08004c0f   0xb4  Code  Lc  usb_core.o [1]
Data_Mul_MaxPacketSize  0x20000ed6    0x1  Data  Gb  usb_core.o [1]
Data_Setup0             0x08004dc7  0x1ba  Code  Lc  usb_core.o [1]
DebugMon_Handler        0x080080e5    0x2  Code  Gb  stm32l1xx_it.o [1]
Device_Descriptor       0x20000180    0x8  Data  Gb  usb_prop.o [1]
Device_Info             0x20000e80   0x1c  Data  Gb  usb_init.o [1]
Device_Property         0x20000094   0x30  Data  Gb  usb_prop.o [1]
Device_Table            0x20000190    0x4  Data  Gb  usb_prop.o [1]
Disable_SPI_IRQ         0x0800588d   0x1c  Code  Gb  SDK_EVAL_Spi_Driver.o [1]
EP1_IN_Callback         0x08007f09   0x5c  Code  Gb  usb_endp.o [1]
EP3_OUT_Callback        0x08007f65   0x1e  Code  Gb  usb_endp.o [1]
EPindex                 0x20000ed7    0x1  Data  Gb  usb_init.o [1]
EXTI15_10_IRQHandler    0x080080ed    0x4  Code  Gb  stm32l1xx_it.o [1]
EXTI9_5_IRQHandler      0x0800801d   0x24  Code  Gb  push_button.o [1]
EXTI_ClearFlag          0x08005e4d    0x6  Code  Gb  stm32l1xx_exti.o [1]
EXTI_ClearITPendingBit  0x08005e63    0x6  Code  Gb  stm32l1xx_exti.o [1]
EXTI_GetITStatus        0x08005e53   0x10  Code  Gb  stm32l1xx_exti.o [1]
EXTI_Init               0x08005de5   0x68  Code  Gb  stm32l1xx_exti.o [1]
Enable_SPI_IRQ          0x080058a9   0x1c  Code  Gb  SDK_EVAL_Spi_Driver.o [1]
FLASH_SLEEPPowerDownCmd
                        0x0800777d   0x16  Code  Gb  stm32l1xx_flash.o [1]
GAP_ConnectionComplete_CB
                        0x08007009   0x5e  Code  Gb  BLE_Chat_main.o [1]
GAP_DisconnectionComplete_CB
                        0x08007067   0x4e  Code  Gb  BLE_Chat_main.o [1]
GPIO_Init               0x08005c99   0x60  Code  Gb  stm32l1xx_gpio.o [1]
GPIO_PinAFConfig        0x08005d19   0x28  Code  Gb  stm32l1xx_gpio.o [1]
GPIO_ReadInputDataBit   0x08005cf9    0xe  Code  Gb  stm32l1xx_gpio.o [1]
GPIO_ToggleBits         0x08005d11    0x8  Code  Gb  stm32l1xx_gpio.o [1]
GPIO_WriteBit           0x08005d07    0xa  Code  Gb  stm32l1xx_gpio.o [1]
GetEPRxAddr             0x080053c3   0x14  Code  Gb  usb_regs.o [1]
GetEPRxCount            0x08005423   0x16  Code  Gb  usb_regs.o [1]
GetEPTxAddr             0x080053af   0x14  Code  Gb  usb_regs.o [1]
Get_SerialNum           0x080074cf   0x86  Code  Gb  hw_config.o [1]
HCI_Event_CB            0x080070b5   0x94  Code  Gb  BLE_Chat_main.o [1]
HCI_Init                0x08006991   0x56  Code  Gb  hci.o [1]
HCI_Input               0x080069e7   0xba  Code  Gb  hci.o [1]
HCI_Isr                 0x08006b15   0x5e  Code  Gb  hci.o [1]
HCI_Process             0x08006aa1   0x74  Code  Gb  hci.o [1]
Hal_Write_Serial        0x08007301   0x3c  Code  Gb  hal.o [1]
Handle_USBAsynchXfer    0x08007423   0x92  Code  Gb  hw_config.o [1]
HardFault_Handler       0x080080db    0x2  Code  Gb  stm32l1xx_it.o [1]
IO_Receive_Data         0x20000eb8    0x4  Data  Lc  SDK_EVAL_Io.o [1]
In0_Process             0x08005015   0x78  Code  Gb  usb_core.o [1]
Init_GPIOs              0x08007367   0x66  Code  Gb  hw_config.o [1]
LoadInt                 0x0800367b   0x6e  Code  Lc  xprintffull_nomb.o [3]
MemManage_Handler       0x080080dd    0x2  Code  Gb  stm32l1xx_it.o [1]
NMI_Handler             0x080080d9    0x2  Code  Gb  stm32l1xx_it.o [1]
NOP_Process             0x08005251    0x2  Code  Gb  usb_core.o [1]
NVIC_Init               0x08005e7f   0x5e  Code  Gb  misc.o [1]
NVIC_PriorityGroupConfig
                        0x08005e75    0xa  Code  Gb  misc.o [1]
NVIC_SetVectorTable     0x08005edd    0xc  Code  Gb  misc.o [1]
NoData_Setup0           0x08004cc3  0x104  Code  Lc  usb_core.o [1]
Osal_MemCpy             0x08006971    0xc  Code  Gb  osal.o [1]
Osal_MemSet             0x0800697d   0x14  Code  Gb  osal.o [1]
Out0_Process            0x0800508d   0xe8  Code  Gb  usb_core.o [1]
PMAToUserBufferCopy     0x080054e5   0x4e  Code  Gb  usb_mem.o [1]
PWR_FastWakeUpCmd       0x08007627    0x6  Code  Gb  stm32l1xx_pwr.o [1]
PWR_PVDCmd              0x08007621    0x6  Code  Gb  stm32l1xx_pwr.o [1]
PWR_UltraLowPowerCmd    0x0800762d    0x6  Code  Gb  stm32l1xx_pwr.o [1]
PendSV_Handler          0x080080e7    0x2  Code  Gb  stm32l1xx_it.o [1]
PowerOn                 0x08007b89   0x26  Code  Gb  usb_pwr.o [1]
RCC_AHBPeriphClockCmd   0x08005c55   0x12  Code  Gb  stm32l1xx_rcc.o [1]
RCC_APB1PeriphClockCmd  0x08005c79   0x12  Code  Gb  stm32l1xx_rcc.o [1]
RCC_APB2PeriphClockCmd  0x08005c67   0x12  Code  Gb  stm32l1xx_rcc.o [1]
RCC_Configuration       0x0800733d   0x2a  Code  Gb  hw_config.o [1]
RXCharHandle            0x20000eac    0x2  Data  Gb  gatt_db.o [1]
Region$$Table$$Base     0x08008070          --   Gb  - Linker created -
Region$$Table$$Limit    0x08008094          --   Gb  - Linker created -
Request                 0x20000ed8    0x1  Data  Gb  usb_prop.o [1]
SOF_Callback            0x08007f83   0x1e  Code  Gb  usb_endp.o [1]
SPI_Cmd                 0x08005d79   0x14  Code  Gb  stm32l1xx_spi.o [1]
SPI_Configure_Platform  0x08005535  0x16e  Code  Lc  SDK_EVAL_Spi_Driver.o [1]
SPI_I2S_GetFlagStatus   0x08005d95    0xe  Code  Gb  stm32l1xx_spi.o [1]
SPI_I2S_ReceiveData     0x08005d8d    0x4  Code  Gb  stm32l1xx_spi.o [1]
SPI_I2S_SendData        0x08005d91    0x4  Code  Gb  stm32l1xx_spi.o [1]
SPI_Init                0x08005d41   0x38  Code  Gb  stm32l1xx_spi.o [1]
SVC_Handler             0x080080e3    0x2  Code  Gb  stm32l1xx_it.o [1]
SYSCFG_EXTILineConfig   0x08005db9   0x24  Code  Gb  stm32l1xx_syscfg.o [1]
SYSCFG_USBPuCmd         0x08005da5   0x14  Code  Gb  stm32l1xx_syscfg.o [1]
SaveRState              0x20000ec4    0x2  Data  Gb  usb_int.o [1]
SaveTState              0x20000ec6    0x2  Data  Gb  usb_int.o [1]
SdkEvalGetVersion       0x08005c47    0x6  Code  Gb  SDK_EVAL_Config.o [1]
SdkEvalIdentification   0x08005b8d   0xba  Code  Gb  SDK_EVAL_Config.o [1]
SdkEvalSPI_Irq_Pin      0x080056a3   0x12  Code  Gb  SDK_EVAL_Spi_Driver.o [1]
SdkEvalSpiInit          0x080056b5  0x18a  Code  Gb  SDK_EVAL_Spi_Driver.o [1]
SdkEval_IO_Config       0x08006cc5   0x16  Code  Gb  SDK_EVAL_Io.o [1]
SdkEval_IO_Receive_Data
                        0x08006cdf    0x6  Code  Gb  SDK_EVAL_Io.o [1]
SdkEval_IO_Send_Data    0x08006cdb    0x4  Code  Gb  SDK_EVAL_Io.o [1]
SetBTABLE               0x08005255    0xe  Code  Gb  usb_regs.o [1]
SetDeviceAddress        0x08005175   0x94  Code  Gb  usb_core.o [1]
SetEPRxAddr             0x08005399   0x16  Code  Gb  usb_regs.o [1]
SetEPRxCount            0x080053e9   0x3a  Code  Gb  usb_regs.o [1]
SetEPRxStatus           0x080052ab   0x30  Code  Gb  usb_regs.o [1]
SetEPRxValid            0x080052fb   0x20  Code  Gb  usb_regs.o [1]
SetEPTxAddr             0x0800537f   0x1a  Code  Gb  usb_regs.o [1]
SetEPTxCount            0x080053d7   0x12  Code  Gb  usb_regs.o [1]
SetEPTxStatus           0x0800527b   0x30  Code  Gb  usb_regs.o [1]
SetEPTxValid            0x080052db   0x20  Code  Gb  usb_regs.o [1]
SetEPType               0x08005263   0x18  Code  Gb  usb_regs.o [1]
Set_USBClock            0x080073cd    0xa  Code  Gb  hw_config.o [1]
Setup0_Process          0x08004f81   0x94  Code  Gb  usb_core.o [1]
Standard_ClearFeature   0x08004aa3   0xd8  Code  Gb  usb_core.o [1]
Standard_GetConfiguration
                        0x08004985   0x22  Code  Gb  usb_core.o [1]
Standard_GetDescriptorData
                        0x08004bf5   0x1a  Code  Gb  usb_core.o [1]
Standard_GetInterface   0x080049a7   0x22  Code  Gb  usb_core.o [1]
Standard_GetStatus      0x08004a11   0x92  Code  Gb  usb_core.o [1]
Standard_SetEndPointFeature
                        0x08004b7b   0x7a  Code  Gb  usb_core.o [1]
Standard_SetInterface   0x080049c9   0x48  Code  Gb  usb_core.o [1]
StatusInfo              0x20000ebc    0x4  Data  Gb  usb_core.o [1]
String_Descriptor       0x200000e8   0x20  Data  Gb  usb_prop.o [1]
SysTick_CLKSourceConfig
                        0x08005f9d   0x14  Code  Gb  stm32l1xx_systick.o [1]
SysTick_CounterCmd      0x08005fb7   0x26  Code  Gb  stm32l1xx_systick.o [1]
SysTick_Handler         0x08005f05   0x4a  Code  Gb  clock.o [1]
SysTick_ITConfig        0x08005fdd   0x14  Code  Gb  stm32l1xx_systick.o [1]
SysTick_SetReload       0x08005fb1    0x6  Code  Gb  stm32l1xx_systick.o [1]
SystemInit              0x08007d41   0xfc  Code  Gb  system_stm32l1xx.o [1]
TIM2_IRQHandler         0x08006899   0x4e  Code  Gb  timer.o [1]
TIM3_IRQHandler         0x0800740d   0x16  Code  Gb  hw_config.o [1]
TIM4_IRQHandler         0x080068e7   0x24  Code  Gb  timer.o [1]
TIM6_IRQHandler         0x0800690b   0x2c  Code  Gb  timer.o [1]
TIM7_IRQHandler         0x08006937   0x26  Code  Gb  timer.o [1]
TIM_ClearFlag           0x08006d95    0x6  Code  Gb  stm32l1xx_tim.o [1]
TIM_ClearITPendingBit   0x08006daf    0x6  Code  Gb  stm32l1xx_tim.o [1]
TIM_Cmd                 0x08006d71   0x14  Code  Gb  stm32l1xx_tim.o [1]
TIM_GetITStatus         0x08006d9b   0x14  Code  Gb  stm32l1xx_tim.o [1]
TIM_ITConfig            0x08006d85   0x10  Code  Gb  stm32l1xx_tim.o [1]
TIM_TimeBaseInit        0x08006d11   0x4a  Code  Gb  stm32l1xx_tim.o [1]
TXCharHandle            0x20000eaa    0x2  Data  Gb  gatt_db.o [1]
Timer_Expired           0x08006cf7   0x18  Code  Gb  gp_timer.o [1]
Timer_Set               0x08006ce9    0xe  Code  Gb  gp_timer.o [1]
USART_Rx_Buffer         0x20000198  0x7d0  Data  Gb  hw_config.o [1]
USART_Rx_length         0x20000970    0x4  Data  Gb  hw_config.o [1]
USART_Rx_ptr_in         0x20000968    0x4  Data  Gb  hw_config.o [1]
USART_Rx_ptr_out        0x2000096c    0x4  Data  Gb  hw_config.o [1]
USB_Cable_Config        0x08007405    0x8  Code  Gb  hw_config.o [1]
USB_Init                0x08007601   0x20  Code  Gb  usb_init.o [1]
USB_Interrupts_Config   0x080073d7   0x2e  Code  Gb  hw_config.o [1]
USB_Istr                0x08007fbd   0x60  Code  Gb  usb_istr.o [1]
USB_LP_IRQHandler       0x080080e9    0x4  Code  Gb  stm32l1xx_it.o [1]
USB_Rx_Buffer           0x20000e40   0x40  Data  Gb  usb_endp.o [1]
USB_SIL_Init            0x08007bb9   0x14  Code  Gb  usb_sil.o [1]
USB_SIL_Read            0x08007bd5   0x24  Code  Gb  usb_sil.o [1]
USB_Send_Data           0x080074b5   0x1a  Code  Gb  hw_config.o [1]
USB_Tx_State            0x20000194    0x1  Data  Gb  hw_config.o [1]
UsageFault_Handler      0x080080e1    0x2  Code  Gb  stm32l1xx_it.o [1]
UserToPMABufferCopy     0x0800545d   0x88  Code  Gb  usb_mem.o [1]
User_Standard_Requests  0x200000c4   0x24  Data  Gb  usb_prop.o [1]
Virtual_Com_Port_ConfigDescriptor
                        0x08007e64   0x44  Data  Gb  usb_desc.o [1]
Virtual_Com_Port_Data_Setup
                        0x08007a87   0x60  Code  Gb  usb_prop.o [1]
Virtual_Com_Port_DeviceDescriptor
                        0x08007e50   0x14  Data  Gb  usb_desc.o [1]
Virtual_Com_Port_GetConfigDescriptor
                        0x08007b0b    0x6  Code  Gb  usb_prop.o [1]
Virtual_Com_Port_GetDeviceDescriptor
                        0x08007b05    0x6  Code  Gb  usb_prop.o [1]
Virtual_Com_Port_GetLineCoding
                        0x08007b39   0x12  Code  Gb  usb_prop.o [1]
Virtual_Com_Port_GetStringDescriptor
                        0x08007b11   0x18  Code  Gb  usb_prop.o [1]
Virtual_Com_Port_Get_Interface_Setting
                        0x08007b29    0xe  Code  Gb  usb_prop.o [1]
Virtual_Com_Port_NoData_Setup
                        0x08007ae7   0x1e  Code  Gb  usb_prop.o [1]
Virtual_Com_Port_Reset  0x08007993   0xda  Code  Gb  usb_prop.o [1]
Virtual_Com_Port_SetConfiguration
                        0x08007a6d    0xe  Code  Gb  usb_prop.o [1]
Virtual_Com_Port_SetDeviceAddress
                        0x08007a7b    0x8  Code  Gb  usb_prop.o [1]
Virtual_Com_Port_SetLineCoding
                        0x08007b4d   0x12  Code  Gb  usb_prop.o [1]
Virtual_Com_Port_Status_In
                        0x08007a83    0x2  Code  Gb  usb_prop.o [1]
Virtual_Com_Port_Status_Out
                        0x08007a85    0x2  Code  Gb  usb_prop.o [1]
Virtual_Com_Port_StringLangID
                        0x08007ea8    0x4  Data  Gb  usb_desc.o [1]
Virtual_Com_Port_StringProduct
                        0x08007ed4   0x34  Data  Gb  usb_desc.o [1]
Virtual_Com_Port_StringSerial
                        0x20000108   0x1c  Data  Gb  usb_desc.o [1]
Virtual_Com_Port_StringVendor
                        0x08007eac   0x28  Data  Gb  usb_desc.o [1]
Virtual_Com_Port_init   0x08007971   0x22  Code  Gb  usb_prop.o [1]
_GenldFullNoMb          0x08003bf3  0x264  Code  Lc  xprintffull_nomb.o [3]
_LdtobFullNoMb          0x080037f1  0x3fc  Code  Lc  xprintffull_nomb.o [3]
_LitobFullNoMb          0x080036e9  0x106  Code  Lc  xprintffull_nomb.o [3]
_PrintfFullNoMb         0x080030f5  0x580  Code  Gb  xprintffull_nomb.o [3]
_Prout                  0x080080f1   0x16  Code  Gb  xprout.o [3]
_PutcharsFullNoMb       0x08003e57   0x2e  Code  Lc  xprintffull_nomb.o [3]
__aeabi_cdcmple         0x0800413d         Code  Gb  DblCmpLe.o [4]
__aeabi_cdrcmple        0x0800416d         Code  Gb  DblCmpGe.o [4]
__aeabi_d2iz            0x080042ad         Code  Gb  DblToI32.o [4]
__aeabi_d2uiz           0x080042d9         Code  Gb  DblToI32.o [4]
__aeabi_ddiv            0x08004659         Code  Gb  DblDiv.o [4]
__aeabi_dmul            0x080044b5         Code  Gb  DblMul.o [4]
__aeabi_dsub            0x08004335         Code  Gb  DblSub.o [4]
__aeabi_i2d             0x08004305         Code  Gb  I32ToDbl.o [4]
__aeabi_ldiv0           0x080048ad         Code  Gb  I64DivZer.o [5]
__aeabi_memset          0x08006db5         Code  Gb  ABImemset.o [5]
__aeabi_ui2d            0x08004319         Code  Gb  I32ToDbl.o [4]
__aeabi_uldivmod        0x08003f95         Code  Gb  I64DivMod.o [5]
__cmain                 0x08008095         Code  Gb  cmain.o [5]
__exit                  0x080080c5   0x14  Code  Gb  exit.o [6]
__iar_Dnorm             0x080040fb   0x42  Code  Gb  xdnorm.o [4]
__iar_Dscale            0x0800419d  0x110  Code  Gb  xdscale.o [4]
__iar_Memchr            0x08003f3d         Code  Gb  memchr.o [5]
__iar_Memset            0x08006db5         Code  Gb  ABImemset.o [5]
__iar_Memset_word       0x08006dbd         Code  Gb  ABImemset.o [5]
__iar_Strchr            0x08003ecd         Code  Gb  strchr.o [5]
__iar_copy_init3        0x08003e9f   0x2e  Code  Gb  copy_init3.o [5]
__iar_d2uiz             0x080042e5         Code  Gb  DblToI32.o [4]
__iar_dadd              0x080048b1         Code  Gb  DblAdd.o [4]
__iar_data_init3        0x08008049   0x28  Code  Gb  data_init.o [5]
__iar_dsub              0x08004349         Code  Gb  DblSub.o [4]
__iar_dsubStart         0x0800435b         Code  Gb  DblSub.o [4]
__iar_program_start     0x08008119         Code  Gb  cstartup_M.o [5]
__iar_ui2d              0x0800431d         Code  Gb  I32ToDbl.o [4]
__iar_unaligned___aeabi_memcpy
                        0x08004085         Code  Gb  ABImemcpy_unaligned.o [5]
__iar_unaligned___aeabi_memcpy4
                        0x080040a5         Code  Gb  ABImemcpy_unaligned.o [5]
__iar_unaligned___aeabi_memcpy8
                        0x080040a5         Code  Gb  ABImemcpy_unaligned.o [5]
__iar_zero_init3        0x08003ee3   0x22  Code  Gb  zero_init3.o [5]
__low_level_init        0x080080af    0x4  Code  Gb  low_level_init.o [3]
__vector_table          0x08003000         Data  Gb  startup_stm32l1xx_md.o [1]
_call_main              0x080080a1         Code  Gb  cmain.o [5]
_exit                   0x080080b9         Code  Gb  cexit.o [5]
_main                   0x080080ab         Code  Gb  cmain.o [5]
aci_gap_init            0x08007843   0x6c  Code  Gb  bluenrg_gap_aci.o [1]
aci_gap_set_discoverable
                        0x080078af   0xc2  Code  Gb  bluenrg_gap_aci.o [1]
aci_gatt_add_char       0x0800656b   0xb2  Code  Gb  bluenrg_gatt_aci.o [1]
aci_gatt_add_serv       0x080064e7   0x84  Code  Gb  bluenrg_gatt_aci.o [1]
aci_gatt_init           0x080064ad   0x3a  Code  Gb  bluenrg_gatt_aci.o [1]
aci_gatt_update_char_value
                        0x0800661d   0x7c  Code  Gb  bluenrg_gatt_aci.o [1]
aci_hal_set_tx_power_level
                        0x080077fb   0x48  Code  Gb  bluenrg_hal_aci.o [1]
aci_hal_write_config_data
                        0x08007799   0x62  Code  Gb  bluenrg_hal_aci.o [1]
app_flags               0x20000174    0x4  Data  Gb  BLE_Chat_main.o [1]
bDeviceState            0x20000ecc    0x4  Data  Gb  usb_pwr.o [1]
bIntPackSOF             0x20000ec8    0x1  Data  Gb  usb_istr.o [1]
buttonOK                0x20000eb4    0x4  Data  Gb  push_button.o [1]
chatServHandle          0x20000ea8    0x2  Data  Gb  gatt_db.o [1]
cmd                     0x20000c40  0x200  Data  Lc  chat.o [1]
connection_handle       0x20000170    0x2  Data  Gb  BLE_Chat_main.o [1]
count                   0x2000015c    0x4  Data  Gb  clock.o [1]
counter                 0x20000164    0x4  Data  Gb  clock.o [1]
countr                  0x20000160    0x4  Data  Gb  clock.o [1]
div                     0x0800489f    0xe  Code  Gb  div.o [3]
enableTimerInterrupt    0x08006855   0x44  Code  Gb  timer.o [1]
eventr                  0x2000016c    0x4  Data  Gb  clock.o [1]
exit                    0x080080b3    0x4  Code  Gb  exit.o [3]
hciReadPacketBuffer     0x20000994  0x2a8  Data  Lc  hci.o [1]
hciReadPktPool          0x20000984    0x8  Data  Gb  hci.o [1]
hciReadPktRxQueue       0x2000098c    0x8  Data  Gb  hci.o [1]
hci_buffer              0x2000097c    0x4  Data  Lc  hci.o [1]
hci_pckt_len            0x20000978    0x2  Data  Lc  hci.o [1]
hci_send_req            0x08006b87  0x12e  Code  Gb  hci.o [1]
initLED                 0x08007641   0x8e  Code  Gb  led.o [1]
initTimer               0x08006791   0x8c  Code  Gb  timer.o [1]
linecoding              0x20000178    0x8  Data  Gb  usb_prop.o [1]
list_init_head          0x08006e1b    0x6  Code  Gb  list.o [1]
list_insert_head        0x08006e2f    0xe  Code  Gb  list.o [1]
list_insert_tail        0x08006e3d    0xe  Code  Gb  list.o [1]
list_is_empty           0x08006e21    0xe  Code  Gb  list.o [1]
list_remove_head        0x08006e4b   0x1e  Code  Gb  list.o [1]
main                    0x08006e69  0x1a0  Code  Gb  BLE_Chat_main.o [1]
memchr                  0x08003f3d         Code  Gb  memchr.o [5]
new_hci_event           0x08006b73   0x14  Code  Gb  hci.o [1]
new_packet              0x20000976    0x1  Data  Lc  hci.o [1]
offset                  0x20000eb0    0x4  Data  Gb  gatt_db.o [1]
pEpInt_IN               0x20000124   0x1c  Data  Gb  usb_istr.o [1]
pEpInt_OUT              0x20000140   0x1c  Data  Gb  usb_istr.o [1]
pInformation            0x20000e9c    0x4  Data  Gb  usb_init.o [1]
pProperty               0x20000ea0    0x4  Data  Gb  usb_init.o [1]
pUser_Standard_Requests
                        0x20000ea4    0x4  Data  Gb  usb_init.o [1]
packet_complete_callback
                        0x20000980    0x4  Data  Lc  hci.o [1]
printf                  0x08006699   0x24  Code  Gb  printf.o [3]
processInputData        0x080066bd   0xc0  Code  Gb  chat.o [1]
putchar                 0x08007555   0x74  Code  Gb  hw_config.o [1]
readPacketListFull      0x20000974    0x1  Data  Gb  hci.o [1]
s_SdkEvalVersion        0x20000ed5    0x1  Data  Lc  SDK_EVAL_Config.o [1]
s_SpiCsPin              0x20000060    0x4  Data  Lc  SDK_EVAL_Spi_Driver.o [1]
s_SpiCsPinVersion       0x08005b40    0x8  Data  Lc  SDK_EVAL_Spi_Driver.o [1]
s_SpiCsPort             0x2000005c    0x4  Data  Lc  SDK_EVAL_Spi_Driver.o [1]
s_SpiCsPortVersion      0x2000001c    0x8  Data  Gb  SDK_EVAL_Spi_Driver.o [1]
s_SpiIrqClk             0x20000084    0x4  Data  Lc  SDK_EVAL_Spi_Driver.o [1]
s_SpiIrqClkVersion      0x08005b70    0x8  Data  Lc  SDK_EVAL_Spi_Driver.o [1]
s_SpiIrqExtiLine        0x20000090    0x4  Data  Lc  SDK_EVAL_Spi_Driver.o [1]
s_SpiIrqExtiLineVersion
                        0x08005b78    0x8  Data  Lc  SDK_EVAL_Spi_Driver.o [1]
s_SpiIrqIrqn            0x20000005    0x1  Data  Lc  SDK_EVAL_Spi_Driver.o [1]
s_SpiIrqIrqnVersion     0x08005b88    0x2  Data  Lc  SDK_EVAL_Spi_Driver.o [1]
s_SpiIrqPin             0x2000008c    0x4  Data  Lc  SDK_EVAL_Spi_Driver.o [1]
s_SpiIrqPinSource       0x20000004    0x1  Data  Lc  SDK_EVAL_Spi_Driver.o [1]
s_SpiIrqPinSourceVersion
                        0x08005b84    0x2  Data  Lc  SDK_EVAL_Spi_Driver.o [1]
s_SpiIrqPinVersion      0x08005b68    0x8  Data  Lc  SDK_EVAL_Spi_Driver.o [1]
s_SpiIrqPort            0x20000088    0x4  Data  Lc  SDK_EVAL_Spi_Driver.o [1]
s_SpiIrqPortSource      0x20000003    0x1  Data  Lc  SDK_EVAL_Spi_Driver.o [1]
s_SpiIrqPortSourceVersion
                        0x08005b80    0x2  Data  Lc  SDK_EVAL_Spi_Driver.o [1]
s_SpiIrqPortVersion     0x20000050    0x8  Data  Gb  SDK_EVAL_Spi_Driver.o [1]
s_SpiMisoAF             0x20000001    0x1  Data  Lc  SDK_EVAL_Spi_Driver.o [1]
s_SpiMisoAFVersion      0x20000008    0x2  Data  Lc  SDK_EVAL_Spi_Driver.o [1]
s_SpiMisoPin            0x20000078    0x4  Data  Lc  SDK_EVAL_Spi_Driver.o [1]
s_SpiMisoPinSource      0x2000000e    0x2  Data  Lc  SDK_EVAL_Spi_Driver.o [1]
s_SpiMisoPinSourceVersion
                        0x20000040    0x4  Data  Lc  SDK_EVAL_Spi_Driver.o [1]
s_SpiMisoPinVersion     0x08005b58    0x8  Data  Lc  SDK_EVAL_Spi_Driver.o [1]
s_SpiMisoPort           0x20000074    0x4  Data  Lc  SDK_EVAL_Spi_Driver.o [1]
s_SpiMisoPortVersion    0x20000038    0x8  Data  Gb  SDK_EVAL_Spi_Driver.o [1]
s_SpiMosiAF             0x20000000    0x1  Data  Lc  SDK_EVAL_Spi_Driver.o [1]
s_SpiMosiAFVersion      0x20000006    0x2  Data  Lc  SDK_EVAL_Spi_Driver.o [1]
s_SpiMosiPin            0x20000070    0x4  Data  Lc  SDK_EVAL_Spi_Driver.o [1]
s_SpiMosiPinSource      0x2000000c    0x2  Data  Lc  SDK_EVAL_Spi_Driver.o [1]
s_SpiMosiPinSourceVersion
                        0x20000034    0x4  Data  Lc  SDK_EVAL_Spi_Driver.o [1]
s_SpiMosiPinVersion     0x08005b50    0x8  Data  Lc  SDK_EVAL_Spi_Driver.o [1]
s_SpiMosiPort           0x2000006c    0x4  Data  Lc  SDK_EVAL_Spi_Driver.o [1]
s_SpiMosiPortVersion    0x2000002c    0x8  Data  Gb  SDK_EVAL_Spi_Driver.o [1]
s_SpiPort               0x20000058    0x4  Data  Lc  SDK_EVAL_Spi_Driver.o [1]
s_SpiPortVersion        0x20000014    0x8  Data  Lc  SDK_EVAL_Spi_Driver.o [1]
s_SpiRstPin             0x20000068    0x4  Data  Lc  SDK_EVAL_Spi_Driver.o [1]
s_SpiRstPinVersion      0x08005b48    0x8  Data  Lc  SDK_EVAL_Spi_Driver.o [1]
s_SpiRstPort            0x20000064    0x4  Data  Lc  SDK_EVAL_Spi_Driver.o [1]
s_SpiRstPortVersion     0x20000024    0x8  Data  Gb  SDK_EVAL_Spi_Driver.o [1]
s_SpiSclkAF             0x20000002    0x1  Data  Lc  SDK_EVAL_Spi_Driver.o [1]
s_SpiSclkAFVersion      0x2000000a    0x2  Data  Lc  SDK_EVAL_Spi_Driver.o [1]
s_SpiSclkPin            0x20000080    0x4  Data  Lc  SDK_EVAL_Spi_Driver.o [1]
s_SpiSclkPinSource      0x20000010    0x2  Data  Lc  SDK_EVAL_Spi_Driver.o [1]
s_SpiSclkPinSourceVersion
                        0x2000004c    0x4  Data  Lc  SDK_EVAL_Spi_Driver.o [1]
s_SpiSclkPinVersion     0x08005b60    0x8  Data  Lc  SDK_EVAL_Spi_Driver.o [1]
s_SpiSclkPort           0x2000007c    0x4  Data  Lc  SDK_EVAL_Spi_Driver.o [1]
s_SpiSclkPortVersion    0x20000044    0x8  Data  Gb  SDK_EVAL_Spi_Driver.o [1]
startTimer              0x0800681d   0x36  Code  Gb  timer.o [1]
strchr                  0x08003ecd         Code  Gb  strchr.o [5]
strlen                  0x08003f05         Code  Gb  strlen.o [5]
syncReq                 0x20000ed0    0x2  Data  Gb  BLE_Chat_main.o [1]
synccount               0x20000168    0x4  Data  Gb  clock.o [1]
turnLED                 0x080076d1   0x9e  Code  Gb  led.o [1]
user_timer_expired      0x20000ed4    0x1  Data  Gb  hw_config.o [1]
wInterrupt_Mask         0x20000ed2    0x2  Data  Gb  usb_init.o [1]
wIstr                   0x20000eca    0x2  Data  Gb  usb_istr.o [1]


[1] = C:\School\2014 Fall\ECE 4900\Bluetooth Code\SVN\trunk\Projects V2\Project\BLE_Chat_Server 2\EWARM\Server\Obj
[2] = command line
[3] = dl7M_tln.a
[4] = m7M_tl.a
[5] = rt7M_tl.a
[6] = shb_l.a

  20 700 bytes of readonly  code memory
     628 bytes of readonly  data memory
   6 873 bytes of readwrite data memory

Errors: none
Warnings: none
