###############################################################################
#
# IAR ANSI C/C++ Compiler V7.30.4.8167/W32 for ARM        18/Mar/2015  10:36:07
# Copyright 1999-2014 IAR Systems AB.
#
#    Cpu mode     =  thumb
#    Endian       =  little
#    Source file  =  
#        C:\Users\Ryan\Documents\school\uou\Cadwell\Phase 3\trunk\Projects
#        V2\platform\STM32L1XX\osal.c
#    Command line =  
#        "C:\Users\Ryan\Documents\school\uou\Cadwell\Phase 3\trunk\Projects
#        V2\platform\STM32L1XX\osal.c" -D USE_STDPERIPH_DRIVER -D STM32L1XX_MD
#        -D SYSCLK_FREQ_HSI_32MHz -D ENABLE_USB -D ENABLE_USB_PRINTF -D
#        SERVER=1 -lcN "C:\Users\Ryan\Documents\school\uou\Cadwell\Phase
#        3\trunk\Projects V2\Project\BLE_Chat_Server\EWARM\Server\List\"
#        --diag_suppress Pa050 -o
#        "C:\Users\Ryan\Documents\school\uou\Cadwell\Phase 3\trunk\Projects
#        V2\Project\BLE_Chat_Server\EWARM\Server\Obj\" --debug --endian=little
#        --cpu=Cortex-M3 -e --fpu=None --dlib_config "C:\Program Files
#        (x86)\IAR Systems\Embedded Workbench
#        7.0\arm\INC\c\DLib_Config_Normal.h" -I
#        "C:\Users\Ryan\Documents\school\uou\Cadwell\Phase 3\trunk\Projects
#        V2\Project\BLE_Chat_Server\EWARM\..\inc\" -I
#        "C:\Users\Ryan\Documents\school\uou\Cadwell\Phase 3\trunk\Projects
#        V2\Project\BLE_Chat_Server\EWARM\..\..\..\Bluetooth
#        LE\SimpleBlueNRG_HCI\" -I
#        "C:\Users\Ryan\Documents\school\uou\Cadwell\Phase 3\trunk\Projects
#        V2\Project\BLE_Chat_Server\EWARM\..\..\..\Bluetooth
#        LE\SimpleBlueNRG_HCI\includes\" -I
#        "C:\Users\Ryan\Documents\school\uou\Cadwell\Phase 3\trunk\Projects
#        V2\Project\BLE_Chat_Server\EWARM\..\..\..\platform\STM32L1XX\" -I
#        "C:\Users\Ryan\Documents\school\uou\Cadwell\Phase 3\trunk\Projects
#        V2\Project\BLE_Chat_Server\EWARM\..\..\..\platform\STM32L1XX\Libraries\"
#        -I "C:\Users\Ryan\Documents\school\uou\Cadwell\Phase 3\trunk\Projects
#        V2\Project\BLE_Chat_Server\EWARM\..\..\..\platform\STM32L1XX\Libraries\CMSIS\CM3\DeviceSupport\ST\STM32L1xx\"
#        -I "C:\Users\Ryan\Documents\school\uou\Cadwell\Phase 3\trunk\Projects
#        V2\Project\BLE_Chat_Server\EWARM\..\..\..\platform\STM32L1XX\Libraries\STM32_USB-FS-Device_Driver\inc\"
#        -I "C:\Users\Ryan\Documents\school\uou\Cadwell\Phase 3\trunk\Projects
#        V2\Project\BLE_Chat_Server\EWARM\..\..\..\platform\STM32L1XX\Libraries\STM32L1xx_StdPeriph_Driver\inc\"
#        -I "C:\Users\Ryan\Documents\school\uou\Cadwell\Phase 3\trunk\Projects
#        V2\Project\BLE_Chat_Server\EWARM\..\..\..\platform\STM32L1XX\Libraries\I2C\inc\"
#        -I "C:\Users\Ryan\Documents\school\uou\Cadwell\Phase 3\trunk\Projects
#        V2\Project\BLE_Chat_Server\EWARM\..\..\..\platform\STM32L1XX\Libraries\LIS3DH\inc\"
#        -I "C:\Users\Ryan\Documents\school\uou\Cadwell\Phase 3\trunk\Projects
#        V2\Project\BLE_Chat_Server\EWARM\..\..\..\platform\STM32L1XX\Libraries\STLM75\inc\"
#        -I "C:\Users\Ryan\Documents\school\uou\Cadwell\Phase 3\trunk\Projects
#        V2\Project\BLE_Chat_Server\EWARM\..\..\..\platform\STM32L1XX\Libraries\HTS221\inc\"
#        -I "C:\Users\Ryan\Documents\school\uou\Cadwell\Phase 3\trunk\Projects
#        V2\Project\BLE_Chat_Server\EWARM\..\..\..\platform\STM32L1XX\Libraries\LPS25H\inc\"
#        -I "C:\Users\Ryan\Documents\school\uou\Cadwell\Phase 3\trunk\Projects
#        V2\Project\BLE_Chat_Server\EWARM\..\..\..\platform\STM32L1XX\Libraries\SDK_Eval_STM32L\inc\"
#        -Ohs --use_c++_inline -I "C:\Program Files (x86)\IAR Systems\Embedded
#        Workbench 7.0\arm\CMSIS\Include\"
#    List file    =  
#        C:\Users\Ryan\Documents\school\uou\Cadwell\Phase 3\trunk\Projects
#        V2\Project\BLE_Chat_Server\EWARM\Server\List\osal.lst
#    Object file  =  
#        C:\Users\Ryan\Documents\school\uou\Cadwell\Phase 3\trunk\Projects
#        V2\Project\BLE_Chat_Server\EWARM\Server\Obj\osal.o
#
###############################################################################

C:\Users\Ryan\Documents\school\uou\Cadwell\Phase 3\trunk\Projects V2\platform\STM32L1XX\osal.c
      1          /******************** (C) COPYRIGHT 2012 STMicroelectronics ********************
      2          * File Name          : osal.c
      3          * Author             : AMS - HEA&RF BU
      4          * Version            : V1.0.0
      5          * Date               : 19-July-2012
      6          * Description        : Implementation of OS abstraction layer functions used by
      7          *                      the library.
      8          ********************************************************************************
      9          * THE PRESENT FIRMWARE WHICH IS FOR GUIDANCE ONLY AIMS AT PROVIDING CUSTOMERS
     10          * WITH CODING INFORMATION REGARDING THEIR PRODUCTS IN ORDER FOR THEM TO SAVE TIME.
     11          * AS A RESULT, STMICROELECTRONICS SHALL NOT BE HELD LIABLE FOR ANY DIRECT,
     12          * INDIRECT OR CONSEQUENTIAL DAMAGES WITH RESPECT TO ANY CLAIMS ARISING FROM THE
     13          * CONTENT OF SUCH FIRMWARE AND/OR THE USE MADE BY CUSTOMERS OF THE CODING
     14          * INFORMATION CONTAINED HEREIN IN CONNECTION WITH THEIR PRODUCTS.
     15          *******************************************************************************/
     16          
     17          /******************************************************************************
     18           * Includes
     19           *****************************************************************************/
     20          #include <string.h>
     21          #include <osal.h>
     22          #include <hal.h>
     23          
     24           
     25          /**
     26           * Osal_MemCpy
     27           * 
     28           */
     29           
     30          void* Osal_MemCpy(void *dest,const void *src,unsigned int size)
     31          {
     32              return(memcpy(dest,src,size)); 
     33          }
     34          
     35          /**
     36           * Osal_MemSet
     37           * 
     38           */
     39           
     40          void* Osal_MemSet(void *ptr, int value,unsigned int size)
     41          {
     42              return(memset(ptr,value,size));
     43          }
     44          
     45          uint32_t Osal_Get_Cur_Time(void)
     46          {
     47              return Hal_Get_Timer_Value();
     48          }
     49          
     50          /******************************************************************************
     51           * local Functions
     52           *****************************************************************************/ 

   Maximum stack usage in bytes:

   .cstack Function
   ------- --------
       0   Osal_Get_Cur_Time
         0   -> Hal_Get_Timer_Value
       8   Osal_MemCpy
         8   -> __aeabi_memcpy
       8   Osal_MemSet
         8   -> __aeabi_memset


   Section sizes:

   Bytes  Function/Label
   -----  --------------
       4  Osal_Get_Cur_Time
      12  Osal_MemCpy
      20  Osal_MemSet

 
 36 bytes in section .text
 
 36 bytes of CODE memory

Errors: none
Warnings: none
